ARM Linker, 5.03 [Build 76] [MDK-ARM Standard]

==============================================================================

Section Cross References

    app.o(i.app_main) refers to app_gateway.o(i.app_gateway) for app_gateway
    app_gateway.o(i.app_gateway) refers to led.o(i.LED_RGB) for LED_RGB
    app_gateway.o(i.app_gateway) refers to remotesensing.o(i.RemoteSensing_init) for RemoteSensing_init
    app_gateway.o(i.app_gateway) refers to debug_frmwrk.o(i.lpc_printf) for lpc_printf
    app_gateway.o(i.app_gateway) refers to nodereset.o(i.NodeReset) for NodeReset
    app_gateway.o(i.app_gateway) refers to retrievedata.o(i.RetrieveData_init) for RetrieveData_init
    app_gateway.o(i.app_gateway) refers to automonitor.o(i.AutoMonitor_readcfg) for AutoMonitor_readcfg
    app_gateway.o(i.app_gateway) refers to remotesensing.o(i.gettime) for gettime
    app_gateway.o(i.app_gateway) refers to automonitor.o(i.AutoMonitor_running) for AutoMonitor_running
    app_gateway.o(i.app_gateway) refers to debug_frmwrk.o(i.GetChar) for GetChar
    app_gateway.o(i.app_gateway) refers to remotesensing.o(i.RemoteSensing_menu) for RemoteSensing_menu
    app_gateway.o(i.app_gateway) refers to automonitor.o(i.AutoMonitor_menu) for AutoMonitor_menu
    app_gateway.o(i.app_gateway) refers to triggersensing.o(i.TrigSenCfgSend) for TrigSenCfgSend
    app_gateway.o(i.app_gateway) refers to retrievedata.o(i.RetrieveData_menu) for RetrieveData_menu
    app_gateway.o(i.app_gateway) refers to utils.o(i.Util_ReadVoltage) for Util_ReadVoltage
    app_gateway.o(i.app_gateway) refers to utils.o(i.Util_ResetNodes) for Util_ResetNodes
    app_gateway.o(i.app_gateway) refers to settings.o(i.Settings_menu) for Settings_menu
    app_gateway.o(i.app_gateway) refers to tasks.o(i.vTaskDelay) for vTaskDelay
    app_gateway.o(i.app_gateway) refers to app_gateway.o(.constdata) for app_choice_menu
    app_gateway.o(i.app_gateway) refers to remotesensing.o(.data) for rsncnt
    app_gateway.o(i.app_gateway) refers to remotesensing.o(.bss) for rsnodes
    app_gateway.o(.data) refers to app_gateway.o(.conststring) for .conststring
    automonitor.o(i.AutoMonitor_menu) refers to debug_frmwrk.o(i.lpc_printf) for lpc_printf
    automonitor.o(i.AutoMonitor_menu) refers to debug_frmwrk.o(i.GetChar) for GetChar
    automonitor.o(i.AutoMonitor_menu) refers to automonitor.o(i.AutoMonitor_writecfg) for AutoMonitor_writecfg
    automonitor.o(i.AutoMonitor_menu) refers to remotesensing.o(i.RemoteSensing_menu) for RemoteSensing_menu
    automonitor.o(i.AutoMonitor_menu) refers to automonitor.o(.data) for AM_HOURS
    automonitor.o(i.AutoMonitor_menu) refers to automonitor.o(.constdata) for am_menu
    automonitor.o(i.AutoMonitor_readcfg) refers to _scanf_int.o(.text) for _scanf_int
    automonitor.o(i.AutoMonitor_readcfg) refers to ff.o(i.f_chdir) for f_chdir
    automonitor.o(i.AutoMonitor_readcfg) refers to ff.o(i.f_open) for f_open
    automonitor.o(i.AutoMonitor_readcfg) refers to ff.o(i.f_gets) for f_gets
    automonitor.o(i.AutoMonitor_readcfg) refers to __0sscanf.o(.text) for __0sscanf
    automonitor.o(i.AutoMonitor_readcfg) refers to ff.o(i.f_close) for f_close
    automonitor.o(i.AutoMonitor_readcfg) refers to automonitor.o(.bss) for line
    automonitor.o(i.AutoMonitor_readcfg) refers to automonitor.o(.data) for AM_HOURS
    automonitor.o(i.AutoMonitor_running) refers to debug_frmwrk.o(i.lpc_printf) for lpc_printf
    automonitor.o(i.AutoMonitor_running) refers to tasks.o(i.vTaskDelay) for vTaskDelay
    automonitor.o(i.AutoMonitor_running) refers to debug_frmwrk.o(i.GetChar) for GetChar
    automonitor.o(i.AutoMonitor_running) refers to automonitor.o(i.AutoMonitor_writecfg) for AutoMonitor_writecfg
    automonitor.o(i.AutoMonitor_running) refers to nodereset.o(i.NodeReset) for NodeReset
    automonitor.o(i.AutoMonitor_running) refers to remotesensing.o(i.RemoteSensing_menu) for RemoteSensing_menu
    automonitor.o(i.AutoMonitor_running) refers to automonitor.o(.data) for AM_HOURS
    automonitor.o(i.AutoMonitor_writecfg) refers to ff.o(i.f_chdir) for f_chdir
    automonitor.o(i.AutoMonitor_writecfg) refers to ff.o(i.f_open) for f_open
    automonitor.o(i.AutoMonitor_writecfg) refers to printfa.o(i.__0snprintf) for __2snprintf
    automonitor.o(i.AutoMonitor_writecfg) refers to ff.o(i.f_puts) for f_puts
    automonitor.o(i.AutoMonitor_writecfg) refers to ff.o(i.f_close) for f_close
    automonitor.o(i.AutoMonitor_writecfg) refers to automonitor.o(.data) for AM_HOURS
    automonitor.o(i.AutoMonitor_writecfg) refers to automonitor.o(.bss) for line
    automonitor.o(.data) refers to automonitor.o(.conststring) for .conststring
    remotesensing.o(i.PackAndSave) refers to debug_frmwrk.o(i.lpc_printf) for lpc_printf
    remotesensing.o(i.PackAndSave) refers to nodereset.o(i.die) for die
    remotesensing.o(i.PackAndSave) refers to led.o(i.LED_RGB) for LED_RGB
    remotesensing.o(i.PackAndSave) refers to sdmalloc.o(i.sdcalloc) for sdcalloc
[...]
    0x1a007d3c   0x00000024   Code   RO         5257    i.SendSMsg_isBusy   sendsmsg.o
    0x1a007d60   0x000000a8   Code   RO         4836    i.SendSMsg_received  reliablecomm.o
    0x1a007e08   0x000000bc   Code   RO         5258    i.SendSMsg_reset    sendsmsg.o
    0x1a007ec4   0x000000fc   Code   RO         5259    i.SendSMsg_send     sendsmsg.o
    0x1a007fc0   0x000000e0   Code   RO         4837    i.SendSMsg_sendDone  reliablecomm.o
    0x1a0080a0   0x000001b0   Code   RO         4586    i.SetClock          system_lpc43xx.o
    0x1a008250   0x000000dc   Code   RO          741    i.Settings_menu     settings.o
    0x1a00832c   0x00000178   Code   RO         5636    i.SnoozeAlarm_Sleep_Retrieve  snoozealarm.o
    0x1a0084a4   0x0000005c   Code   RO         5639    i.SnoozeAlarm_Wake  snoozealarm.o
    0x1a008500   0x0000005c   Code   RO         5640    i.SnoozeAlarm_Wake_Retrieve  snoozealarm.o
    0x1a00855c   0x00000034   Code   RO         2624    i.SysTick_Handler   port.o
    0x1a008590   0x00000024   Code   RO         6274    i.SysTime_get64     systime.o
    0x1a0085b4   0x00000020   Code   RO         4587    i.SystemCoreClockUpdate  system_lpc43xx.o
    0x1a0085d4   0x00000040   Code   RO         4588    i.SystemInit        system_lpc43xx.o
    0x1a008614   0x000004ec   Code   RO         4589    i.SystemInit_ExtMemCtl  system_lpc43xx.o
    0x1a008b00   0x00000018   Code   RO         4378    i.TIM_Cmd           lpc43xx_timer.o
    0x1a008b18   0x000000c0   Code   RO         4380    i.TIM_ConfigMatch   lpc43xx_timer.o
    0x1a008bd8   0x00000098   Code   RO         4386    i.TIM_Init          lpc43xx_timer.o
    0x1a008c70   0x00000012   Code   RO         4387    i.TIM_ResetCounter  lpc43xx_timer.o
    0x1a008c82   0x00000012   Code   RO         4389    i.TIM_Waitms        lpc43xx_timer.o
    0x1a008c94   0x00000068   Code   RO         4390    i.TIM_Waitus        lpc43xx_timer.o
    0x1a008cfc   0x00000028   Code   RO         6396    i.TimeSync_GetConfig  timesync.o
    0x1a008d24   0x0000001c   Code   RO         6397    i.TimeSync_Register  timesync.o
    0x1a008d40   0x00000090   Code   RO         6398    i.TimeSync_Start    timesync.o
    0x1a008dd0   0x00000014   Code   RO         6401    i.TimeSync_msg2dat  timesync.o
    0x1a008de4   0x00000240   Code   RO         5033    i.TimerNotice_fired  sendldata.o
    0x1a009024   0x00000160   Code   RO         5260    i.TimerShort_fired  sendsmsg.o
    0x1a009184   0x000000dc   Code   RO         5034    i.TimerTimeout_fired  sendldata.o
    0x1a009260   0x0000008c   Code   RO         5261    i.TimerTimeout_fired  sendsmsg.o
    0x1a0092ec   0x0000000a   Code   RO         5035    i.TimerWait1_fired  sendldata.o
    0x1a0092f6   0x0000000a   Code   RO         5036    i.TimerWait2_fired  sendldata.o
    0x1a009300   0x0000002c   Code   RO         5876    i.Timer_Init        xnode.o
    0x1a00932c   0x0000003c   Code   RO         4838    i.Timer_start       reliablecomm.o
    0x1a009368   0x0000001e   Code   RO         4839    i.Timer_stop        reliablecomm.o
    0x1a009386   0x00000002   PAD
    0x1a009388   0x00000050   Code   RO         6402    i.Timesync_Init     timesync.o
    0x1a0093d8   0x000002c0   Code   RO         5707    i.TrigSenCfgSend    triggersensing.o
    0x1a009698   0x00000024   Code   RO         5708    i.TrigSenSetup      triggersensing.o
    0x1a0096bc   0x00000070   Code   RO         5709    i.Trig_Init         triggersensing.o
    0x1a00972c   0x000001c8   Code   RO         6811    i.USB0_IRQHandler   usbhw.o
    0x1a0098f4   0x00000050   Code   RO         6812    i.USB_ClrStallEP    usbhw.o
    0x1a009944   0x00000094   Code   RO         6813    i.USB_ConfigEP      usbhw.o
    0x1a0099d8   0x00000002   Code   RO         6814    i.USB_Configure     usbhw.o
    0x1a0099da   0x00000002   Code   RO         6982    i.USB_Configure_Event  usbuser.o
    0x1a0099dc   0x0000002c   Code   RO         6815    i.USB_Connect       usbhw.o
    0x1a009a08   0x00000038   Code   RO         6668    i.USB_DataInStage   usbcore.o
    0x1a009a40   0x00000028   Code   RO         6669    i.USB_DataOutStage  usbcore.o
    0x1a009a68   0x00000002   Code   RO         6816    i.USB_DirCtrlEP     usbhw.o
    0x1a009a6a   0x00000002   PAD
    0x1a009a6c   0x00000068   Code   RO         6817    i.USB_DisableEP     usbhw.o
    0x1a009ad4   0x00000068   Code   RO         6818    i.USB_EnableEP      usbhw.o
    0x1a009b3c   0x00000390   Code   RO         6670    i.USB_EndPoint0     usbcore.o
    0x1a009ecc   0x00000028   Code   RO         6983    i.USB_EndPoint1     usbuser.o
    0x1a009ef4   0x00000026   Code   RO         6984    i.USB_EndPoint2     usbuser.o
    0x1a009f1a   0x00000002   PAD
    0x1a009f1c   0x000000b4   Code   RO         6819    i.USB_Init          usbhw.o
    0x1a009fd0   0x0000008c   Code   RO         6820    i.USB_ProgDTD       usbhw.o
    0x1a00a05c   0x00000034   Code   RO         6821    i.USB_ReadEP        usbhw.o
    0x1a00a090   0x00000064   Code   RO         6822    i.USB_ReadReqEP     usbhw.o
    0x1a00a0f4   0x00000080   Code   RO         6823    i.USB_ReadSetupPkt  usbhw.o
    0x1a00a174   0x00000120   Code   RO         6735    i.USB_ReqGetDescriptor  usbcore.o
    0x1a00a294   0x000000c0   Code   RO         6723    i.USB_ReqGetStatus  usbcore.o
    0x1a00a354   0x000000fc   Code   RO         6729    i.USB_ReqSetClrFeature  usbcore.o
    0x1a00a450   0x000001cc   Code   RO         6741    i.USB_ReqSetConfiguration  usbcore.o
    0x1a00a61c   0x00000150   Code   RO         6747    i.USB_ReqSetInterface  usbcore.o
    0x1a00a76c   0x00000150   Code   RO         6824    i.USB_Reset         usbhw.o
    0x1a00a8bc   0x0000003c   Code   RO         6671    i.USB_ResetCore     usbcore.o
    0x1a00a8f8   0x0000006c   Code   RO         6825    i.USB_ResetEP       usbhw.o
    0x1a00a964   0x00000008   Code   RO         6988    i.USB_Reset_Event   usbuser.o
    0x1a00a96c   0x0000001c   Code   RO         6827    i.USB_SetAddress    usbhw.o
    0x1a00a988   0x00000034   Code   RO         6828    i.USB_SetStallEP    usbhw.o
    0x1a00a9bc   0x00000030   Code   RO         6829    i.USB_SetTestMode   usbhw.o
    0x1a00a9ec   0x00000010   Code   RO         6672    i.USB_SetupStage    usbcore.o
    0x1a00a9fc   0x0000000e   Code   RO         6673    i.USB_StatusInStage  usbcore.o
    0x1a00aa0a   0x00000002   PAD
    0x1a00aa0c   0x00000010   Code   RO         6674    i.USB_StatusOutStage  usbcore.o
    0x1a00aa1c   0x00000002   Code   RO         6832    i.USB_WakeUpCfg     usbhw.o
    0x1a00aa1e   0x00000002   PAD
    0x1a00aa20   0x00000068   Code   RO         6833    i.USB_WriteEP       usbhw.o
    0x1a00aa88   0x0000007c   Code   RO         5955    i.Util_Init         utils.o
    0x1a00ab04   0x00000250   Code   RO         5956    i.Util_ReadVoltage  utils.o
    0x1a00ad54   0x000001c0   Code   RO         5957    i.Util_ResetNodes   utils.o
    0x1a00af14   0x000000f4   Code   RO         5958    i.Util_Wakeup       utils.o
    0x1a00b008   0x00000088   Code   RO         5959    i.Util_Wakeup_Retrieve  utils.o
    0x1a00b090   0x00000020   Code   RO         1997    i.VCOM_CheckSerialState  vcom.o
    0x1a00b0b0   0x0000001c   Code   RO         1998    i.VCOM_Connect      vcom.o
    0x1a00b0cc   0x00000034   Code   RO         2000    i.VCOM_GetChar      vcom.o
    0x1a00b100   0x000000a4   Code   RO         2001    i.VCOM_Init         vcom.o
    0x1a00b1a4   0x0000002c   Code   RO         2002    i.VCOM_PutChar      vcom.o
    0x1a00b1d0   0x0000004c   Code   RO         2004    i.VCOM_Write        vcom.o
    0x1a00b21c   0x00000050   Code   RO         4500    i.WWDT_Configure    lpc43xx_wwdt.o
    0x1a00b26c   0x00000010   Code   RO         4501    i.WWDT_Feed         lpc43xx_wwdt.o
    0x1a00b27c   0x0000001c   Code   RO         4504    i.WWDT_Init         lpc43xx_wwdt.o
    0x1a00b298   0x0000002c   Code   RO         4505    i.WWDT_SetTimeOut   lpc43xx_wwdt.o
    0x1a00b2c4   0x00000018   Code   RO         4508    i.WWDT_Start        lpc43xx_wwdt.o
    0x1a00b2dc   0x00000050   Code   RO         4590    i.WaitUs            system_lpc43xx.o
    0x1a00b32c   0x00000134   Code   RO          240    i.WriteToNAND       remotesensing.o
    0x1a00b460   0x00000014   Code   RO          742    i.XCWriteTask       settings.o
    0x1a00b474   0x00000290   Code   RO          743    i.XnodeCfgSend      settings.o
    0x1a00b704   0x00000264   Code   RO          744    i.XnodeCfgSend_init  settings.o
    0x1a00b968   0x000003d0   Code   RO          745    i.XnodeCfg_setparams  settings.o
    0x1a00bd38   0x000000c8   Code   RO          746    i.XnodeCfg_settings  settings.o
    0x1a00be00   0x00000038   Code   RO          747    i.XnodeConfig_Init  settings.o
    0x1a00be38   0x00000028   Code   RO        11058    i.__0snprintf       mc_w.l(printfa.o)
    0x1a00be60   0x00000024   Code   RO        11062    i.__0vsnprintf      mc_w.l(printfa.o)
    0x1a00be84   0x00000008   Code   RO        11113    i.__aeabi_errno_addr  mc_w.l(errno.o)
    0x1a00be8c   0x0000000e   Code   RO        11209    i.__scatterload_copy  mc_w.l(handlers.o)
    0x1a00be9a   0x00000002   Code   RO        11210    i.__scatterload_null  mc_w.l(handlers.o)
    0x1a00be9c   0x0000000e   Code   RO        11211    i.__scatterload_zeroinit  mc_w.l(handlers.o)
    0x1a00beaa   0x00000002   PAD
    0x1a00beac   0x0000015c   Code   RO        11064    i._fp_digits        mc_w.l(printfa.o)
    0x1a00c008   0x0000000e   Code   RO        11126    i._is_digit         mc_w.l(scanf_fp.o)
    0x1a00c016   0x00000002   PAD
    0x1a00c018   0x000006f0   Code   RO        11065    i._printf_core      mc_w.l(printfa.o)
    0x1a00c708   0x00000026   Code   RO        11066    i._printf_post_padding  mc_w.l(printfa.o)
    0x1a00c72e   0x00000030   Code   RO        11067    i._printf_pre_padding  mc_w.l(printfa.o)
    0x1a00c75e   0x00000016   Code   RO        11068    i._snputc           mc_w.l(printfa.o)
    0x1a00c774   0x0000004c   Code   RO          847    i.ads131_init       ads131.o
    0x1a00c7c0   0x0000001c   Code   RO          848    i.ads131_int_disable  ads131.o
    0x1a00c7dc   0x0000001c   Code   RO          849    i.ads131_int_enable  ads131.o
    0x1a00c7f8   0x00000054   Code   RO          850    i.ads131_int_init   ads131.o
    0x1a00c84c   0x00000078   Code   RO          852    i.ads131_on         ads131.o
    0x1a00c8c4   0x00000224   Code   RO          853    i.ads131_pin_init   ads131.o
    0x1a00cae8   0x00000050   Code   RO          855    i.ads131_readReg    ads131.o
    0x1a00cb38   0x0000002c   Code   RO          857    i.ads131_sendCommand  ads131.o
    0x1a00cb64   0x00000144   Code   RO          858    i.ads131_setupCh    ads131.o
    0x1a00cca8   0x000000e4   Code   RO          859    i.ads131_setupDAQ   ads131.o
    0x1a00cd8c   0x00000054   Code   RO          865    i.ads131_writeReg   ads131.o
    0x1a00cde0   0x0000007a   Code   RO         1004    i.adxl362_FIFO_config  adxl362.o
    0x1a00ce5a   0x0000003e   Code   RO         1006    i.adxl362_act_int   adxl362.o
    0x1a00ce98   0x00000092   Code   RO         1009    i.adxl362_filter_ctl  adxl362.o
    0x1a00cf2a   0x0000003e   Code   RO         1011    i.adxl362_inact_int  adxl362.o
    0x1a00cf68   0x00000068   Code   RO         1012    i.adxl362_init      adxl362.o
    0x1a00cfd0   0x0000003c   Code   RO         1013    i.adxl362_init_noINT  adxl362.o
    0x1a00d00c   0x0000001c   Code   RO         1014    i.adxl362_int_disable  adxl362.o
    0x1a00d028   0x00000040   Code   RO         1017    i.adxl362_int_setup  adxl362.o
    0x1a00d068   0x00000040   Code   RO         1020    i.adxl362_read8     adxl362.o
    0x1a00d0a8   0x00000024   Code   RO         1022    i.adxl362_readid    adxl362.o
    0x1a00d0cc   0x000000dc   Code   RO         5711    i.adxl362_setup     triggersensing.o
    0x1a00d1a8   0x0000002a   Code   RO         1023    i.adxl362_startSensing  adxl362.o
    0x1a00d1d2   0x00000002   PAD
    0x1a00d1d4   0x00000048   Code   RO         1025    i.adxl362_write12   adxl362.o
    0x1a00d21c   0x00000038   Code   RO         1026    i.adxl362_write8    adxl362.o
    0x1a00d254   0x000002b8   Code   RO          112    i.app_gateway       app_gateway.o
    0x1a00d50c   0x00000008   Code   RO            3    i.app_main          app.o
    0x1a00d514   0x0000000a   Code   RO         7429    i.apply_block_offset  yaffs_checkptrw.o
    0x1a00d51e   0x0000000a   Code   RO         7430    i.apply_chunk_offset  yaffs_checkptrw.o
    0x1a00d528   0x0000000a   Code   RO         8592    i.apply_chunk_offset  yaffs_nand.o
    0x1a00d532   0x00000002   PAD
    0x1a00d534   0x00000068   Code   RO         5037    i.beginTask         sendldata.o
    0x1a00d59c   0x00000098   Code   RO         5262    i.beginTask         sendsmsg.o
    0x1a00d634   0x00000084   Code   RO         5877    i.c_entry           xnode.o
    0x1a00d6b8   0x00000050   Code   RO         1497    i.calibrate_filters  rf233.o
    0x1a00d708   0x00000090   Code   RO         2117    i.check_fs          ff.o
    0x1a00d798   0x00000014   Code   RO         2118    i.chk_chr           ff.o
    0x1a00d7ac   0x00000378   Code   RO         2119    i.chk_mounted       ff.o
    0x1a00db24   0x0000004c   Code   RO         4945    i.clearState        remotecommand.o
    0x1a00db70   0x0000001a   Code   RO         2120    i.clust2sect        ff.o
    0x1a00db8a   0x00000002   PAD
    0x1a00db8c   0x00000090   Code   RO         2121    i.cmp_lfn           ff.o
    0x1a00dc1c   0x000000b4   Code   RO         5038    i.comment3CheckTask  sendldata.o
    0x1a00dcd0   0x0000009c   Code   RO         5039    i.comment3CheckUnicastTask  sendldata.o
    0x1a00dd6c   0x000000b4   Code   RO         5481    i.compact           sdmalloc.o
    0x1a00de20   0x00000040   Code   RO         4391    i.converPtrToTimeNum  lpc43xx_timer.o
    0x1a00de60   0x00000038   Code   RO         4392    i.converUSecToVal   lpc43xx_timer.o
    0x1a00de98   0x000000ca   Code   RO         2122    i.create_chain      ff.o
    0x1a00df62   0x00000002   PAD
    0x1a00df64   0x00000280   Code   RO         2123    i.create_name       ff.o
    0x1a00e1e4   0x0000009c   Code   RO         3291    i.debug_frmwrk_init_clk  debug_frmwrk.o
    0x1a00e280   0x0000000a   Code   RO         8662    i.dev_to_buffer     yaffs_nand_drv.o
    0x1a00e28a   0x0000000a   Code   RO         8663    i.dev_to_chip       yaffs_nand_drv.o
    0x1a00e294   0x00000020   Code   RO         5390    i.die               nodereset.o
    0x1a00e2b4   0x000000de   Code   RO         2124    i.dir_find          ff.o
    0x1a00e392   0x00000112   Code   RO         2125    i.dir_next          ff.o
    0x1a00e4a4   0x00000198   Code   RO         2127    i.dir_register      ff.o
    0x1a00e63c   0x0000009c   Code   RO         2129    i.dir_sdi           ff.o
    0x1a00e6d8   0x000000b0   Code   RO         1185    i.disk_initialize   fs_sdio.o
    0x1a00e788   0x00000048   Code   RO         1186    i.disk_ioctl        fs_sdio.o
    0x1a00e7d0   0x0000002c   Code   RO         1187    i.disk_read         fs_sdio.o
    0x1a00e7fc   0x00000006   Code   RO         1188    i.disk_status       fs_sdio.o
    0x1a00e802   0x00000036   Code   RO         1189    i.disk_write        fs_sdio.o
    0x1a00e838   0x00000618   Code   RO          241    i.doreadcfg         remotesensing.o
    0x1a00ee50   0x00000058   Code   RO          605    i.drpresetexec      retrievedata.o
    0x1a00eea8   0x00000070   Code   RO          606    i.drpresetfunc      retrievedata.o
    0x1a00ef18   0x00000038   Code   RO          607    i.drpresetresp      retrievedata.o
    0x1a00ef50   0x00000048   Code   RO          608    i.drpresetsent      retrievedata.o
    0x1a00ef98   0x000000dc   Code   RO          609    i.drretrieveexec    retrievedata.o
    0x1a00f074   0x00000088   Code   RO          610    i.drretrievefunc    retrievedata.o
    0x1a00f0fc   0x0000000e   Code   RO          611    i.drretrieveresp    retrievedata.o
    0x1a00f10a   0x00000002   PAD
    0x1a00f10c   0x0000006c   Code   RO          612    i.drretrievesent    retrievedata.o
    0x1a00f178   0x00000058   Code   RO         4946    i.executeCmd        remotecommand.o
    0x1a00f1d0   0x00000054   Code   RO         4947    i.executionDone     remotecommand.o
    0x1a00f224   0x0000008c   Code   RO         2130    i.f_chdir           ff.o
    0x1a00f2b0   0x00000016   Code   RO         2133    i.f_close           ff.o
    0x1a00f2c6   0x00000056   Code   RO         2135    i.f_gets            ff.o
    0x1a00f31c   0x0000002c   Code   RO         2138    i.f_mount           ff.o
    0x1a00f348   0x00000186   Code   RO         2139    i.f_open            ff.o
    0x1a00f4ce   0x00000032   Code   RO         2142    i.f_putc            ff.o
    0x1a00f500   0x00000028   Code   RO         2143    i.f_puts            ff.o
    0x1a00f528   0x000001c8   Code   RO         2144    i.f_read            ff.o
    0x1a00f6f0   0x000000b6   Code   RO         2148    i.f_sync            ff.o
    0x1a00f7a6   0x0000020c   Code   RO         2152    i.f_write           ff.o
    0x1a00f9b2   0x0000000a   Code   RO         5878    i.feedwdt           xnode.o
    0x1a00f9bc   0x0000004c   Code   RO         2086    i.ff_convert        ccsbcs.o
    0x1a00fa08   0x0000000c   Code   RO         2430    i.ff_memalloc       syscall.o
    0x1a00fa14   0x0000000c   Code   RO         2431    i.ff_memfree        syscall.o
    0x1a00fa20   0x00000038   Code   RO         2087    i.ff_wtoupper       ccsbcs.o
    0x1a00fa58   0x00000080   Code   RO         2153    i.fit_lfn           ff.o
    0x1a00fad8   0x000000ba   Code   RO         2154    i.follow_path       ff.o
    0x1a00fb92   0x00000002   PAD
    0x1a00fb94   0x00000050   Code   RO        11085    i.free              mc_w.l(malloc.o)
    0x1a00fbe4   0x00000054   Code   RO         4780    i.gcRecvTask        genericcomm.o
    0x1a00fc38   0x000000a8   Code   RO         2155    i.gen_numname       ff.o
    0x1a00fce0   0x00000358   Code   RO          613    i.getDatafromSD     retrievedata.o
    0x1a010038   0x00000044   Code   RO         4393    i.getPClock         lpc43xx_timer.o
    0x1a01007c   0x000000e4   Code   RO         2156    i.get_fat           ff.o
    0x1a010160   0x00000008   Code   RO         1190    i.get_fattime       fs_sdio.o
    0x1a010168   0x000000dc   Code   RO          242    i.getdataexec       remotesensing.o
    0x1a010244   0x00000120   Code   RO          243    i.getdatafunc       remotesensing.o
    0x1a010364   0x00000018   Code   RO          244    i.getdataresp       remotesensing.o
    0x1a01037c   0x0000006c   Code   RO          245    i.getdatasent       remotesensing.o
    0x1a0103e8   0x0000008a   Code   RO          246    i.gettime           remotesensing.o
    0x1a010472   0x00000002   PAD
    0x1a010474   0x000001f4   Code   RO         5040    i.handleAck         sendldata.o
    0x1a010668   0x000000b8   Code   RO         5041    i.handleData        sendldata.o
    0x1a010720   0x00000bc4   Code   RO         5042    i.handleNotice      sendldata.o
    0x1a0112e4   0x00000698   Code   RO         5263    i.handleReceiveCommon  sendsmsg.o
    0x1a01197c   0x000000c0   Code   RO         5043    i.informAckNodeTask  sendldata.o
    0x1a011a3c   0x000000a8   Code   RO         5264    i.informAckNodeTask  sendsmsg.o
    0x1a011ae4   0x00000020   Code   RO         6404    i.init_NodeStatus   timesync.o
    0x1a011b04   0x000000f4   Code   RO         6405    i.init_TimeSync_Buffer  timesync.o
    0x1a011bf8   0x00000034   Code   RO         5044    i.ldRTask           sendldata.o
    0x1a011c2c   0x00000078   Code   RO         5045    i.ldRecvTask        sendldata.o
    0x1a011ca4   0x00000034   Code   RO         5046    i.ldSTask           sendldata.o
    0x1a011cd8   0x00000024   Code   RO         5047    i.ldTTask           sendldata.o
    0x1a011cfc   0x00000054   Code   RO         5048    i.ldcallback_ack    sendldata.o
    0x1a011d50   0x00000054   Code   RO         5049    i.ldcallback_data   sendldata.o
    0x1a011da4   0x00000054   Code   RO         5050    i.ldcallback_notice  sendldata.o
    0x1a011df8   0x0000000c   Code   RO         7228    i.list_add          yaffs_allocator.o
    0x1a011e04   0x0000000c   Code   RO         7664    i.list_add          yaffs_guts.o
    0x1a011e10   0x0000000c   Code   RO         9317    i.list_add          yaffs_yaffs2.o
    0x1a011e1c   0x0000000c   Code   RO         9604    i.list_add          yaffsfs.o
    0x1a011e28   0x0000000a   Code   RO         9605    i.list_del          yaffsfs.o
    0x1a011e32   0x00000012   Code   RO         7665    i.list_del_init     yaffs_guts.o
    0x1a011e44   0x00000010   Code   RO         7229    i.list_empty        yaffs_allocator.o
    0x1a011e54   0x00000010   Code   RO         7666    i.list_empty        yaffs_guts.o
    0x1a011e64   0x00000010   Code   RO         9606    i.list_empty        yaffsfs.o
    0x1a011e74   0x00000060   Code   RO         3292    i.lpc_printf        debug_frmwrk.o
    0x1a011ed4   0x00000008   Code   RO         5879    i.main              xnode.o
    0x1a011edc   0x00000058   Code   RO         8914    i.med3              yaffs_qsort.o
    0x1a011f34   0x00000026   Code   RO         2158    i.mem_cmp           ff.o
    0x1a011f5a   0x0000001a   Code   RO         2159    i.mem_cpy           ff.o
    0x1a011f74   0x00000014   Code   RO         2160    i.mem_set           ff.o
    0x1a011f88   0x00000072   Code   RO         2161    i.move_window       ff.o
    0x1a011ffa   0x00000002   PAD
    0x1a011ffc   0x0000005c   Code   RO         7057    i.nanddrv_erase     nanddrv.o
    0x1a012058   0x000000f4   Code   RO         7058    i.nanddrv_initialise  nanddrv.o
    0x1a01214c   0x00000094   Code   RO         7059    i.nanddrv_read_tr   nanddrv.o
    0x1a0121e0   0x00000024   Code   RO         7060    i.nanddrv_send_addr  nanddrv.o
    0x1a012204   0x0000000c   Code   RO         7061    i.nanddrv_send_cmd  nanddrv.o
    0x1a012210   0x0000000c   Code   RO         7062    i.nanddrv_status_pass  nanddrv.o
    0x1a01221c   0x000000a0   Code   RO         7063    i.nanddrv_write_tr  nanddrv.o
    0x1a0122bc   0x000002c0   Code   RO         5051    i.nodeInqTask       sendldata.o
    0x1a01257c   0x00000254   Code   RO         5265    i.nodeInqTask       sendsmsg.o
    0x1a0127d0   0x00000062   Code   RO         8538    i.nval_del          yaffs_nameval.o
    0x1a012832   0x00000076   Code   RO         8539    i.nval_find         yaffs_nameval.o
    0x1a0128a8   0x0000001e   Code   RO         8541    i.nval_hasvalues    yaffs_nameval.o
    0x1a0128c6   0x000000cc   Code   RO         8543    i.nval_set          yaffs_nameval.o
    0x1a012992   0x00000050   Code   RO         8544    i.nval_used         yaffs_nameval.o
    0x1a0129e2   0x00000002   PAD
    0x1a0129e4   0x00000124   Code   RO          247    i.packSensorData    remotesensing.o
    0x1a012b08   0x00000134   Code   RO          248    i.print_vcinfo      remotesensing.o
    0x1a012c3c   0x000000bc   Code   RO          249    i.processdata       remotesensing.o
    0x1a012cf8   0x00000340   Code   RO          250    i.processdatatask   remotesensing.o
    0x1a013038   0x00000064   Code   RO         2876    i.prvAddCurrentTaskToDelayedList  tasks.o
    0x1a01309c   0x00000042   Code   RO         2877    i.prvAllocateTCBAndStack  tasks.o
    0x1a0130de   0x00000002   PAD
    0x1a0130e0   0x000000c4   Code   RO         3177    i.prvCheckForValidListAndQueue  timers.o
    0x1a0131a4   0x00000064   Code   RO         2878    i.prvCheckTasksWaitingTermination  tasks.o
    0x1a013208   0x0000002a   Code   RO         2705    i.prvCopyDataFromQueue  queue.o
    0x1a013232   0x00000080   Code   RO         2706    i.prvCopyDataToQueue  queue.o
    0x1a0132b2   0x00000012   Code   RO         2879    i.prvDeleteTCB      tasks.o
    0x1a0132c4   0x0000002c   Code   RO         3178    i.prvGetNextExpireTime  timers.o
    0x1a0132f0   0x00000028   Code   RO         2880    i.prvIdleTask       tasks.o
    0x1a013318   0x0000006c   Code   RO         2881    i.prvInitialiseTCBVariables  tasks.o
    0x1a013384   0x00000068   Code   RO         2882    i.prvInitialiseTaskLists  tasks.o
    0x1a0133ec   0x00000080   Code   RO         3179    i.prvInsertTimerInActiveList  timers.o
    0x1a01346c   0x0000001a   Code   RO         2707    i.prvIsQueueEmpty   queue.o
    0x1a013486   0x0000001e   Code   RO         2708    i.prvIsQueueFull    queue.o
    0x1a0134a4   0x000000cc   Code   RO         3180    i.prvProcessExpiredTimer  timers.o
    0x1a013570   0x0000017c   Code   RO         3181    i.prvProcessReceivedCommands  timers.o
    0x1a0136ec   0x00000098   Code   RO         3182    i.prvProcessTimerOrBlockTask  timers.o
    0x1a013784   0x00000002   Code   RO         5570    i.prvQueueSensingTask  sensing.o
    0x1a013786   0x00000002   PAD
    0x1a013788   0x0000003c   Code   RO         2883    i.prvResetNextTaskUnblockTime  tasks.o
    0x1a0137c4   0x00000038   Code   RO         3183    i.prvSampleTimeNow  timers.o
    0x1a0137fc   0x000000f8   Code   RO         3184    i.prvSwitchTimerLists  timers.o
    0x1a0138f4   0x0000009c   Code   RO         2625    i.prvTaskExitError  port.o
    0x1a013990   0x0000001e   Code   RO         3185    i.prvTimerTask      timers.o
    0x1a0139ae   0x0000007e   Code   RO         2709    i.prvUnlockQueue    queue.o
    0x1a013a2c   0x00000014   Code   RO         4187    i.prv_card_acquired  lpc43xx_sdmmc.o
    0x1a013a40   0x00000040   Code   RO         4188    i.prv_get_bits      lpc43xx_sdmmc.o
    0x1a013a80   0x00000184   Code   RO         4189    i.prv_process_csd   lpc43xx_sdmmc.o
    0x1a013c04   0x0000005c   Code   RO         4190    i.prv_set_card_params  lpc43xx_sdmmc.o
    0x1a013c60   0x0000006c   Code   RO         4191    i.prv_set_trans_state  lpc43xx_sdmmc.o
    0x1a013ccc   0x0000013c   Code   RO         2163    i.put_fat           ff.o
    0x1a013e08   0x0000001e   Code   RO         2553    i.pvPortMalloc      heap_3.o
    0x1a013e26   0x00000002   PAD
    0x1a013e28   0x00000020   Code   RO         2885    i.pvTaskIncrementMutexHeldCount  tasks.o
    0x1a013e48   0x00000028   Code   RO         2626    i.pxPortInitialiseStack  port.o
    0x1a013e70   0x0000000c   Code   RO         4674    i.radio_callback    radio.o
    0x1a013e7c   0x000000bc   Code   RO         4677    i.radio_init        radio.o
    0x1a013f38   0x00000018   Code   RO         4679    i.radio_on          radio.o
    0x1a013f50   0x0000010c   Code   RO         4680    i.radio_recv        radio.o
    0x1a01405c   0x00000004   Code   RO         4681    i.radio_reset       radio.o
    0x1a014060   0x000000d4   Code   RO         4682    i.radio_send        radio.o
    0x1a014134   0x0000000c   Code   RO         4683    i.radio_set_channel  radio.o
    0x1a014140   0x00000024   Code   RO         4684    i.radio_set_short_addr  radio.o
    0x1a014164   0x00000018   Code   RO         4686    i.radio_sleep       radio.o
    0x1a01417c   0x0000009c   Code   RO         4948    i.rcSend            remotecommand.o
    0x1a014218   0x00000044   Code   RO         4840    i.rctimer           reliablecomm.o
    0x1a01425c   0x00000020   Code   RO          251    i.readcfg           remotesensing.o
    0x1a01427c   0x00000574   Code   RO         5716    i.readcfg_adxl      triggersensing.o
    0x1a0147f0   0x000000d4   Code   RO          252    i.readidx           remotesensing.o
    0x1a0148c4   0x00000034   Code   RO         5052    i.receivedTask      sendldata.o
    0x1a0148f8   0x00000064   Code   RO         5266    i.receivedTask      sendsmsg.o
    0x1a01495c   0x00000068   Code   RO         2164    i.remove_chain      ff.o
    0x1a0149c4   0x000000c4   Code   RO         5053    i.reqMissingDataTask  sendldata.o
    0x1a014a88   0x00000024   Code   RO         5960    i.resetexec         utils.o
    0x1a014aac   0x00000016   Code   RO         5961    i.resetfunc         utils.o
    0x1a014ac2   0x00000014   Code   RO         5962    i.resetresp         utils.o
    0x1a014ad6   0x00000002   PAD
    0x1a014ad8   0x00000044   Code   RO         5963    i.resetsent         utils.o
    0x1a014b1c   0x0000005c   Code   RO          614    i.retrievingFunc    retrievedata.o
    0x1a014b78   0x0000010a   Code   RO         1674    i.rf233_arch_init   rf233-arch.o
    0x1a014c82   0x00000048   Code   RO         1675    i.rf233_arch_reset  rf233-arch.o
    0x1a014cca   0x00000022   Code   RO         1676    i.rf233_arch_sleep  rf233-arch.o
    0x1a014cec   0x00000022   Code   RO         1677    i.rf233_arch_wake   rf233-arch.o
    0x1a014d0e   0x00000002   PAD
    0x1a014d10   0x000000a8   Code   RO         1498    i.rf233_channel_clear  rf233.o
    0x1a014db8   0x00000010   Code   RO         1499    i.rf233_flush_buffer  rf233.o
    0x1a014dc8   0x000000e8   Code   RO         1500    i.rf233_generate_random_seed  rf233.o
    0x1a014eb0   0x00000118   Code   RO         1503    i.rf233_init        rf233.o
    0x1a014fc8   0x000000a4   Code   RO         1504    i.rf233_interrupt_poll  rf233.o
    0x1a01506c   0x00000028   Code   RO         1505    i.rf233_off         rf233.o
    0x1a015094   0x00000048   Code   RO         1506    i.rf233_on          rf233.o
    0x1a0150dc   0x00000064   Code   RO         1508    i.rf233_prepare     rf233.o
    0x1a015140   0x00000094   Code   RO         1509    i.rf233_read        rf233.o
    0x1a0151d4   0x0000001c   Code   RO         1511    i.rf233_send        rf233.o
    0x1a0151f0   0x0000002c   Code   RO         1512    i.rf233_set_channel  rf233.o
    0x1a01521c   0x00000058   Code   RO         1513    i.rf233_set_ieee_addr  rf233.o
    0x1a015274   0x00000016   Code   RO         1514    i.rf233_set_pan_id  rf233.o
    0x1a01528a   0x00000024   Code   RO         1515    i.rf233_set_short_addr  rf233.o
    0x1a0152ae   0x00000002   PAD
    0x1a0152b0   0x00000024   Code   RO         1517    i.rf233_sleep       rf233.o
    0x1a0152d4   0x0000000e   Code   RO         1518    i.rf233_status      rf233.o
    0x1a0152e2   0x00000002   PAD
    0x1a0152e4   0x00000148   Code   RO         1519    i.rf233_transmit    rf233.o
    0x1a01542c   0x000000b0   Code   RO          253    i.rstimer           remotesensing.o
    0x1a0154dc   0x000000a4   Code   RO          615    i.rstimer           retrievedata.o
    0x1a015580   0x0000003c   Code   RO         1725    i.rtc_read          rtc.o
    0x1a0155bc   0x00000040   Code   RO         1726    i.rtc_write         rtc.o
    0x1a0155fc   0x00000024   Code   RO         4063    i.scu_pinmux        lpc43xx_scu.o
    0x1a015620   0x00000024   Code   RO         5484    i.sdcalloc          sdmalloc.o
    0x1a015644   0x000000b4   Code   RO         5488    i.sdfree            sdmalloc.o
    0x1a0156f8   0x0000008c   Code   RO         4088    i.sdif_dma_setup    lpc43xx_sdif.o
    0x1a015784   0x00000020   Code   RO         4089    i.sdif_enable_clock  lpc43xx_sdif.o
    0x1a0157a4   0x00000022   Code   RO         4090    i.sdif_get_response  lpc43xx_sdif.o
    0x1a0157c6   0x00000002   PAD
    0x1a0157c8   0x0000006c   Code   RO         4091    i.sdif_init         lpc43xx_sdif.o
    0x1a015834   0x00000016   Code   RO         4092    i.sdif_power_onoff  lpc43xx_sdif.o
    0x1a01584a   0x0000005c   Code   RO         4094    i.sdif_send_cmd     lpc43xx_sdif.o
    0x1a0158a6   0x00000002   PAD
    0x1a0158a8   0x00000074   Code   RO         4096    i.sdif_set_clock    lpc43xx_sdif.o
    0x1a01591c   0x0000001c   Code   RO         5489    i.sdlock            sdmalloc.o
    0x1a015938   0x00000134   Code   RO         5490    i.sdmalloc          sdmalloc.o
    0x1a015a6c   0x000002f8   Code   RO         4192    i.sdmmc_acquire     lpc43xx_sdmmc.o
    0x1a015d64   0x000001e0   Code   RO         4193    i.sdmmc_execute_command  lpc43xx_sdmmc.o
    0x1a015f44   0x00000038   Code   RO         4195    i.sdmmc_get_state   lpc43xx_sdmmc.o
    0x1a015f7c   0x00000028   Code   RO         1191    i.sdmmc_irq         fs_sdio.o
    0x1a015fa4   0x00000024   Code   RO         1192    i.sdmmc_irq_driven_wait  fs_sdio.o
    0x1a015fc8   0x0000009c   Code   RO         4196    i.sdmmc_read_blocks  lpc43xx_sdmmc.o
    0x1a016064   0x00000040   Code   RO         1193    i.sdmmc_setup_wakeup  fs_sdio.o
    0x1a0160a4   0x00000012   Code   RO         1194    i.sdmmc_waitms      fs_sdio.o
    0x1a0160b6   0x00000002   PAD
    0x1a0160b8   0x000000a0   Code   RO         4197    i.sdmmc_write_blocks  lpc43xx_sdmmc.o
    0x1a016158   0x0000000c   Code   RO         5491    i.sdunlock          sdmalloc.o
    0x1a016164   0x00000020   Code   RO         5054    i.sendAckMsgTask    sendldata.o
    0x1a016184   0x00000018   Code   RO         5055    i.sendAckRandTask   sendldata.o
    0x1a01619c   0x00000040   Code   RO         5267    i.sendAckRandTask   sendsmsg.o
    0x1a0161dc   0x00000030   Code   RO         5268    i.sendAckRandTask2  sendsmsg.o
    0x1a01620c   0x00000120   Code   RO         5056    i.sendDataSubTask   sendldata.o
    0x1a01632c   0x0000011c   Code   RO         5057    i.sendDataTask      sendldata.o
    0x1a016448   0x0000003c   Code   RO         5058    i.sendDoneTask      sendldata.o
    0x1a016484   0x0000005c   Code   RO         5269    i.sendDoneTask      sendsmsg.o
    0x1a0164e0   0x000000b8   Code   RO         5059    i.sendNoticeEndTask  sendldata.o
    0x1a016598   0x000000c8   Code   RO         5060    i.sendNoticeRandTask  sendldata.o
    0x1a016660   0x00000234   Code   RO         5061    i.sendNoticeSubTask  sendldata.o
    0x1a016894   0x00000084   Code   RO         5062    i.sendNoticeSubTask2  sendldata.o
    0x1a016918   0x0000013c   Code   RO         5270    i.sendShortSubTask  sendsmsg.o
    0x1a016a54   0x00000098   Code   RO         5271    i.sendShortSubTask2  sendsmsg.o
    0x1a016aec   0x00000158   Code   RO          254    i.sensingFunc       remotesensing.o
    0x1a016c44   0x0000002c   Code   RO         5571    i.sensingtimer      sensing.o
    0x1a016c70   0x00000148   Code   RO          748    i.setdatetime       settings.o
    0x1a016db8   0x00000058   Code   RO          255    i.setparamsexec     remotesensing.o
    0x1a016e10   0x0000022c   Code   RO          256    i.setparamsfunc     remotesensing.o
    0x1a01703c   0x00000038   Code   RO          257    i.setparamsresp     remotesensing.o
    0x1a017074   0x00000048   Code   RO          258    i.setparamssent     remotesensing.o
    0x1a0170bc   0x00000048   Code   RO          259    i.settime           remotesensing.o
    0x1a017104   0x00000200   Code   RO         5572    i.setupAcquisition  sensing.o
    0x1a017304   0x00000108   Code   RO         5573    i.setupChannel      sensing.o
    0x1a01740c   0x00000060   Code   RO         5063    i.sldiReorder       sendldata.o
    0x1a01746c   0x0000002c   Code   RO         5272    i.smRecvTask        sendsmsg.o
    0x1a017498   0x00000158   Code   RO         4841    i.smcallback        reliablecomm.o
    0x1a0175f0   0x000000a4   Code   RO         5273    i.smcallback        sendsmsg.o
    0x1a017694   0x0000000a   Code   RO         1872    i.spi_is_tx_empty   trx_access.o
    0x1a01769e   0x0000001e   Code   RO         1873    i.spi_read_packet   trx_access.o
    0x1a0176bc   0x0000001e   Code   RO         1874    i.spi_write_packet  trx_access.o
    0x1a0176da   0x00000060   Code   RO         5274    i.ssmiReorder       sendsmsg.o
    0x1a01773a   0x00000002   PAD
    0x1a01773c   0x000000c0   Code   RO         5574    i.startAcquisition  sensing.o
    0x1a0177fc   0x000000b8   Code   RO          616    i.startDrPreset     retrievedata.o
    0x1a0178b4   0x00000094   Code   RO         5064    i.startRTask        sendldata.o
    0x1a017948   0x00000094   Code   RO         5065    i.startSTask        sendldata.o
    0x1a0179dc   0x0000008c   Code   RO         5066    i.startTTask        sendldata.o
    0x1a017a68   0x00000016   Code   RO         8732    i.strnlen           yaffs_osglue.o
    0x1a017a7e   0x00000020   Code   RO         2165    i.sum_sfn           ff.o
    0x1a017a9e   0x00000002   PAD
    0x1a017aa0   0x000000bc   Code   RO         4949    i.swapMsgs          remotecommand.o
    0x1a017b5c   0x00000024   Code   RO         7431    i.swap_uc32         yaffs_checkptrw.o
    0x1a017b80   0x00000024   Code   RO         7592    i.swap_uc32         yaffs_endian.o
    0x1a017ba4   0x00000024   Code   RO         9318    i.swap_uc32         yaffs_yaffs2.o
    0x1a017bc8   0x00000044   Code   RO         8915    i.swapfunc          yaffs_qsort.o
    0x1a017c0c   0x000000ca   Code   RO         2166    i.sync              ff.o
    0x1a017cd6   0x00000002   PAD
    0x1a017cd8   0x000000a4   Code   RO         5067    i.timeoutResetTask  sendldata.o
    0x1a017d7c   0x0000008c   Code   RO         5275    i.timeoutResetTask  sendsmsg.o
    0x1a017e08   0x0000004c   Code   RO         5717    i.trignotiesp       triggersensing.o
    0x1a017e54   0x00000054   Code   RO         5718    i.trignotiexec      triggersensing.o
    0x1a017ea8   0x00000058   Code   RO         5719    i.trignotifunc      triggersensing.o
    0x1a017f00   0x00000054   Code   RO         5720    i.trignotisent      triggersensing.o
    0x1a017f54   0x00000014   Code   RO         5721    i.trigsenesp        triggersensing.o
    0x1a017f68   0x00000054   Code   RO         5722    i.trigsenexec       triggersensing.o
    0x1a017fbc   0x000001a8   Code   RO         5723    i.trigsenfunc       triggersensing.o
    0x1a018164   0x00000054   Code   RO         5724    i.trigsensent       triggersensing.o
    0x1a0181b8   0x0000001c   Code   RO         1876    i.trx_bit_read      trx_access.o
    0x1a0181d4   0x0000002c   Code   RO         1877    i.trx_bit_write     trx_access.o
    0x1a018200   0x00000048   Code   RO         1878    i.trx_frame_read    trx_access.o
    0x1a018248   0x00000048   Code   RO         1879    i.trx_frame_write   trx_access.o
    0x1a018290   0x0000006c   Code   RO         1880    i.trx_irq_init      trx_access.o
    0x1a0182fc   0x00000054   Code   RO         1881    i.trx_reg_read      trx_access.o
    0x1a018350   0x00000048   Code   RO         1883    i.trx_reg_write     trx_access.o
    0x1a018398   0x00000020   Code   RO         1885    i.trx_spi_init      trx_access.o
    0x1a0183b8   0x00000070   Code   RO         1886    i.trx_sram_read     trx_access.o
    0x1a018428   0x000000e0   Code   RO         2886    i.ulTaskNotifyTake  tasks.o
    0x1a018508   0x000000f8   Code   RO          260    i.unpackSensorData  remotesensing.o
    0x1a018600   0x00000068   Code   RO         5964    i.utiltimer         utils.o
    0x1a018668   0x00000028   Code   RO         2579    i.uxListRemove      list.o
    0x1a018690   0x000001e8   Code   RO         5880    i.vAppMainTask      xnode.o
    0x1a018878   0x00000028   Code   RO         5882    i.vApplicationMallocFailedHook  xnode.o
    0x1a0188a0   0x0000003c   Code   RO         5883    i.vApplicationStackOverflowHook  xnode.o
    0x1a0188dc   0x0000001e   Code   RO         2580    i.vListInitialise   list.o
    0x1a0188fa   0x00000006   Code   RO         2581    i.vListInitialiseItem  list.o
    0x1a018900   0x0000003e   Code   RO         2582    i.vListInsert       list.o
    0x1a01893e   0x00000018   Code   RO         2583    i.vListInsertEnd    list.o
    0x1a018956   0x00000002   PAD
    0x1a018958   0x00000098   Code   RO         2628    i.vPortEnterCritical  port.o
    0x1a0189f0   0x0000007c   Code   RO         2629    i.vPortExitCritical  port.o
    0x1a018a6c   0x00000016   Code   RO         2554    i.vPortFree         heap_3.o
    0x1a018a82   0x00000002   PAD
    0x1a018a84   0x00000014   Code   RO         2630    i.vPortSetupTimerInterrupt  port.o
    0x1a018a98   0x000000b0   Code   RO         2631    i.vPortValidateInterruptPriority  port.o
    0x1a018b48   0x0000002c   Code   RO         2713    i.vQueueAddToRegistry  queue.o
    0x1a018b74   0x00000046   Code   RO         2716    i.vQueueWaitForMessageRestricted  queue.o
    0x1a018bba   0x00000002   PAD
    0x1a018bbc   0x000000ec   Code   RO         2891    i.vTaskDelay        tasks.o
    0x1a018ca8   0x00000124   Code   RO         2893    i.vTaskDelete       tasks.o
    0x1a018dcc   0x0000000c   Code   RO         2895    i.vTaskMissedYield  tasks.o
    0x1a018dd8   0x000000d0   Code   RO         2897    i.vTaskPlaceOnEventList  tasks.o
    0x1a018ea8   0x000000d4   Code   RO         2898    i.vTaskPlaceOnEventListRestricted  tasks.o
    0x1a018f7c   0x000000c8   Code   RO         2900    i.vTaskPriorityInherit  tasks.o
    0x1a019044   0x00000074   Code   RO         2903    i.vTaskSetTimeOutState  tasks.o
    0x1a0190b8   0x000000cc   Code   RO         2904    i.vTaskStartScheduler  tasks.o
    0x1a019184   0x00000010   Code   RO         2906    i.vTaskSuspendAll   tasks.o
    0x1a019194   0x00000100   Code   RO         2907    i.vTaskSwitchContext  tasks.o
    0x1a019294   0x0000002a   Code   RO         2167    i.validate          ff.o
    0x1a0192be   0x00000002   PAD
    0x1a0192c0   0x00000128   Code   RO         5965    i.voltexec          utils.o
    0x1a0193e8   0x00000034   Code   RO         5966    i.voltfunc          utils.o
    0x1a01941c   0x00000014   Code   RO         5967    i.voltresp          utils.o
    0x1a019430   0x00000054   Code   RO         5968    i.voltsent          utils.o
    0x1a019484   0x00000038   Code   RO         5885    i.wdtInit           xnode.o
    0x1a0194bc   0x00000018   Code   RO         5726    i.writeTask         triggersensing.o
    0x1a0194d4   0x000006d0   Code   RO         5727    i.writecfg_adxl     triggersensing.o
    0x1a019ba4   0x00000170   Code   RO         2632    i.xPortStartScheduler  port.o
    0x1a019d14   0x000000bc   Code   RO         2719    i.xQueueGenericCreate  queue.o
    0x1a019dd0   0x000001f4   Code   RO         2720    i.xQueueGenericReceive  queue.o
    0x1a019fc4   0x000000d4   Code   RO         2721    i.xQueueGenericReset  queue.o
    0x1a01a098   0x000001e0   Code   RO         2722    i.xQueueGenericSend  queue.o
    0x1a01a278   0x00000124   Code   RO         2723    i.xQueueGenericSendFromISR  queue.o
    0x1a01a39c   0x000000fc   Code   RO         2908    i.xTaskCheckForTimeOut  tasks.o
    0x1a01a498   0x000001a0   Code   RO         2909    i.xTaskGenericCreate  tasks.o
    0x1a01a638   0x00000140   Code   RO         2910    i.xTaskGenericNotify  tasks.o
    0x1a01a778   0x0000000c   Code   RO         2912    i.xTaskGetCurrentTaskHandle  tasks.o
    0x1a01a784   0x00000020   Code   RO         2913    i.xTaskGetSchedulerState  tasks.o
    0x1a01a7a4   0x00000010   Code   RO         2914    i.xTaskGetTickCount  tasks.o
    0x1a01a7b4   0x000001bc   Code   RO         2916    i.xTaskIncrementTick  tasks.o
    0x1a01a970   0x0000010c   Code   RO         2919    i.xTaskPriorityDisinherit  tasks.o
    0x1a01aa7c   0x000000dc   Code   RO         2920    i.xTaskRemoveFromEventList  tasks.o
    0x1a01ab58   0x00000148   Code   RO         2922    i.xTaskResumeAll    tasks.o
    0x1a01aca0   0x000000c0   Code   RO         3188    i.xTimerCreate      timers.o
    0x1a01ad60   0x0000009c   Code   RO         3189    i.xTimerCreateTimerTask  timers.o
    0x1a01adfc   0x000000dc   Code   RO         3190    i.xTimerGenericCommand  timers.o
    0x1a01aed8   0x00000088   Code   RO          749    i.xctimer           settings.o
    0x1a01af60   0x00000204   Code   RO          750    i.xcwritefunc       settings.o
    0x1a01b164   0x0000004c   Code   RO          751    i.xnodecfgexec      settings.o
    0x1a01b1b0   0x000000d4   Code   RO          752    i.xnodecfgfunc      settings.o
    0x1a01b284   0x0000000e   Code   RO          753    i.xnodecfgresp      settings.o
    0x1a01b292   0x00000002   PAD
    0x1a01b294   0x0000005c   Code   RO          754    i.xnodecfgsent      settings.o
    0x1a01b2f0   0x00000680   Code   RO         9279    i.yaffs1_scan       yaffs_yaffs1.o
    0x1a01b970   0x0000004c   Code   RO         7432    i.yaffs2_checkpt_check_chunk_hdr  yaffs_checkptrw.o
    0x1a01b9bc   0x00000198   Code   RO         7433    i.yaffs2_checkpt_find_block  yaffs_checkptrw.o
    0x1a01bb54   0x00000100   Code   RO         7434    i.yaffs2_checkpt_find_erased_block  yaffs_checkptrw.o
    0x1a01bc54   0x00000154   Code   RO         7435    i.yaffs2_checkpt_flush_buffer  yaffs_checkptrw.o
    0x1a01bda8   0x00000036   Code   RO         7436    i.yaffs2_checkpt_init_chunk_hdr  yaffs_checkptrw.o
    0x1a01bdde   0x00000028   Code   RO         9319    i.yaffs2_checkpt_invalidate  yaffs_yaffs2.o
    0x1a01be06   0x00000002   PAD
    0x1a01be08   0x00000054   Code   RO         7437    i.yaffs2_checkpt_invalidate_stream  yaffs_checkptrw.o
    0x1a01be5c   0x00000020   Code   RO         9320    i.yaffs2_checkpt_obj_bit_assign  yaffs_yaffs2.o
    0x1a01be7c   0x00000012   Code   RO         9321    i.yaffs2_checkpt_obj_bit_get  yaffs_yaffs2.o
    0x1a01be8e   0x00000002   PAD
    0x1a01be90   0x0000015c   Code   RO         9322    i.yaffs2_checkpt_obj_to_obj  yaffs_yaffs2.o
    0x1a01bfec   0x000000de   Code   RO         7438    i.yaffs2_checkpt_open  yaffs_checkptrw.o
    0x1a01c0ca   0x00000128   Code   RO         7439    i.yaffs2_checkpt_rd  yaffs_checkptrw.o
    0x1a01c1f2   0x0000002a   Code   RO         9323    i.yaffs2_checkpt_required  yaffs_yaffs2.o
    0x1a01c21c   0x000000b4   Code   RO         9324    i.yaffs2_checkpt_restore  yaffs_yaffs2.o
    0x1a01c2d0   0x00000058   Code   RO         7440    i.yaffs2_checkpt_space_ok  yaffs_checkptrw.o
    0x1a01c328   0x000000a0   Code   RO         9325    i.yaffs2_checkpt_tnode_worker  yaffs_yaffs2.o
    0x1a01c3c8   0x0000008e   Code   RO         7441    i.yaffs2_checkpt_wr  yaffs_checkptrw.o
    0x1a01c456   0x00000024   Code   RO         9326    i.yaffs2_clear_oldest_dirty_seq  yaffs_yaffs2.o
    0x1a01c47a   0x00000040   Code   RO         9327    i.yaffs2_dev_to_checkpt_dev  yaffs_yaffs2.o
    0x1a01c4ba   0x00000052   Code   RO         9328    i.yaffs2_do_endian_checkpt_dev  yaffs_yaffs2.o
    0x1a01c50c   0x0000006c   Code   RO         9329    i.yaffs2_do_endian_checkpt_obj  yaffs_yaffs2.o
    0x1a01c578   0x00000032   Code   RO         7442    i.yaffs2_do_endian_hdr  yaffs_checkptrw.o
    0x1a01c5aa   0x00000036   Code   RO         9330    i.yaffs2_do_endian_tnode  yaffs_yaffs2.o
    0x1a01c5e0   0x0000002e   Code   RO         9331    i.yaffs2_do_endian_tnode_copy  yaffs_yaffs2.o
    0x1a01c60e   0x00000032   Code   RO         9332    i.yaffs2_do_endian_validity_marker  yaffs_yaffs2.o
    0x1a01c640   0x0000001c   Code   RO         9333    i.yaffs2_find_oldest_dirty_seq  yaffs_yaffs2.o
    0x1a01c65c   0x000000b0   Code   RO         9334    i.yaffs2_find_refresh_block  yaffs_yaffs2.o
    0x1a01c70c   0x00000018   Code   RO         7443    i.yaffs2_get_checkpt_sum  yaffs_checkptrw.o
    0x1a01c724   0x0000013e   Code   RO         9335    i.yaffs2_handle_hole  yaffs_yaffs2.o
    0x1a01c862   0x000000b8   Code   RO         9336    i.yaffs2_obj_checkpt_obj  yaffs_yaffs2.o
    0x1a01c91a   0x00000002   PAD
    0x1a01c91c   0x000001b0   Code   RO         9337    i.yaffs2_rd_checkpt_data  yaffs_yaffs2.o
    0x1a01cacc   0x000000be   Code   RO         9338    i.yaffs2_rd_checkpt_dev  yaffs_yaffs2.o
    0x1a01cb8a   0x00000002   PAD
    0x1a01cb8c   0x00000164   Code   RO         9339    i.yaffs2_rd_checkpt_objs  yaffs_yaffs2.o
    0x1a01ccf0   0x00000040   Code   RO         9340    i.yaffs2_rd_checkpt_sum  yaffs_yaffs2.o
    0x1a01cd30   0x00000110   Code   RO         9341    i.yaffs2_rd_checkpt_tnodes  yaffs_yaffs2.o
    0x1a01ce40   0x00000060   Code   RO         9342    i.yaffs2_rd_checkpt_validity_marker  yaffs_yaffs2.o
    0x1a01cea0   0x000004dc   Code   RO         9343    i.yaffs2_scan_backwards  yaffs_yaffs2.o
    0x1a01d37c   0x00000730   Code   RO         9344    i.yaffs2_scan_chunk  yaffs_yaffs2.o
    0x1a01daac   0x0000002c   Code   RO         9345    i.yaffs2_update_oldest_dirty_seq  yaffs_yaffs2.o
    0x1a01dad8   0x0000016c   Code   RO         9346    i.yaffs2_wr_checkpt_data  yaffs_yaffs2.o
    0x1a01dc44   0x000000d8   Code   RO         9347    i.yaffs2_wr_checkpt_dev  yaffs_yaffs2.o
    0x1a01dd1c   0x000000f0   Code   RO         9348    i.yaffs2_wr_checkpt_objs  yaffs_yaffs2.o
    0x1a01de0c   0x00000034   Code   RO         9349    i.yaffs2_wr_checkpt_sum  yaffs_yaffs2.o
    0x1a01de40   0x0000004a   Code   RO         9350    i.yaffs2_wr_checkpt_tnodes  yaffs_yaffs2.o
    0x1a01de8a   0x00000002   PAD
    0x1a01de8c   0x0000004c   Code   RO         9351    i.yaffs2_wr_checkpt_validity_marker  yaffs_yaffs2.o
    0x1a01ded8   0x00000018   Code   RO         9352    i.yaffs2_ybicmp     yaffs_yaffs2.o
    0x1a01def0   0x0000004e   Code   RO         9609    i.yaffs_Dofsync     yaffsfs.o
    0x1a01df3e   0x00000002   PAD
    0x1a01df40   0x00000054   Code   RO         9613    i.yaffs_add_device  yaffsfs.o
    0x1a01df94   0x0000014c   Code   RO         7667    i.yaffs_add_find_tnode_0  yaffs_guts.o
    0x1a01e0e0   0x00000128   Code   RO         7668    i.yaffs_add_obj_to_dir  yaffs_guts.o
    0x1a01e208   0x00000056   Code   RO         7669    i.yaffs_addr_to_chunk  yaffs_guts.o
    0x1a01e25e   0x00000002   PAD
    0x1a01e260   0x0000014c   Code   RO         7670    i.yaffs_alloc_chunk  yaffs_guts.o
    0x1a01e3ac   0x0000009e   Code   RO         7671    i.yaffs_alloc_empty_obj  yaffs_guts.o
    0x1a01e44a   0x00000002   PAD
    0x1a01e44c   0x00000084   Code   RO         7230    i.yaffs_alloc_raw_obj  yaffs_allocator.o
    0x1a01e4d0   0x00000060   Code   RO         7231    i.yaffs_alloc_raw_tnode  yaffs_allocator.o
    0x1a01e530   0x00000072   Code   RO         7672    i.yaffs_apply_xattrib_mod  yaffs_guts.o
    0x1a01e5a2   0x00000020   Code   RO         7330    i.yaffs_attribs_init  yaffs_attribs.o
    0x1a01e5c2   0x00000002   PAD
    0x1a01e5c4   0x00000268   Code   RO         7674    i.yaffs_block_became_dirty  yaffs_guts.o
    0x1a01e82c   0x000000a0   Code   RO         7368    i.yaffs_block_bits  yaffs_bitmap.o
    0x1a01e8cc   0x00000032   Code   RO         9353    i.yaffs_block_ok_for_gc  yaffs_yaffs2.o
    0x1a01e8fe   0x00000002   PAD
    0x1a01e900   0x00000090   Code   RO         8733    i.yaffs_bug_fn      yaffs_osglue.o
    0x1a01e990   0x0000007c   Code   RO         9354    i.yaffs_calc_checkpt_blocks_required  yaffs_yaffs2.o
    0x1a01ea0c   0x0000002c   Code   RO         7675    i.yaffs_calc_name_sum  yaffs_guts.o
    0x1a01ea38   0x00000060   Code   RO         9355    i.yaffs_calc_oldest_dirty_seq  yaffs_yaffs2.o
    0x1a01ea98   0x0000003c   Code   RO         9023    i.yaffs_calc_tags_ecc  yaffs_tagscompat.o
    0x1a01ead4   0x000000fc   Code   RO         7676    i.yaffs_change_obj_name  yaffs_guts.o
    0x1a01ebd0   0x00000032   Code   RO         7677    i.yaffs_check_alloc_available  yaffs_guts.o
    0x1a01ec02   0x00000040   Code   RO         7369    i.yaffs_check_chunk_bit  yaffs_bitmap.o
    0x1a01ec42   0x00000002   PAD
    0x1a01ec44   0x0000008c   Code   RO         7678    i.yaffs_check_chunk_erased  yaffs_guts.o
    0x1a01ecd0   0x00000050   Code   RO         7679    i.yaffs_check_dev_fns  yaffs_guts.o
    0x1a01ed20   0x0000001c   Code   RO         7680    i.yaffs_check_ff    yaffs_guts.o
    0x1a01ed3c   0x000001e4   Code   RO         7681    i.yaffs_check_gc    yaffs_guts.o
    0x1a01ef20   0x00000080   Code   RO         7682    i.yaffs_check_obj_details_loaded  yaffs_guts.o
    0x1a01efa0   0x0000004e   Code   RO         9024    i.yaffs_check_tags_ecc  yaffs_tagscompat.o
    0x1a01efee   0x00000036   Code   RO         8855    i.yaffs_check_tags_extra_packable  yaffs_packedtags2.o
    0x1a01f024   0x000000b8   Code   RO         9356    i.yaffs_checkpoint_save  yaffs_yaffs2.o
    0x1a01f0dc   0x000000ec   Code   RO         7444    i.yaffs_checkpt_close  yaffs_checkptrw.o
    0x1a01f1c8   0x00000038   Code   RO         9357    i.yaffs_checkpt_dev_to_dev  yaffs_yaffs2.o
    0x1a01f200   0x00000120   Code   RO         7445    i.yaffs_checkpt_erase  yaffs_checkptrw.o
    0x1a01f320   0x00000190   Code   RO         7683    i.yaffs_chunk_del   yaffs_guts.o
    0x1a01f4b0   0x00000042   Code   RO         7370    i.yaffs_clear_chunk_bit  yaffs_bitmap.o
    0x1a01f4f2   0x0000001c   Code   RO         7371    i.yaffs_clear_chunk_bits  yaffs_bitmap.o
    0x1a01f50e   0x00000002   PAD
    0x1a01f510   0x00000034   Code   RO         7684    i.yaffs_clone_str   yaffs_guts.o
    0x1a01f544   0x00000062   Code   RO         9617    i.yaffs_close       yaffsfs.o
    0x1a01f5a6   0x00000032   Code   RO         7372    i.yaffs_count_chunk_bits  yaffs_bitmap.o
    0x1a01f5d8   0x00000056   Code   RO         7686    i.yaffs_count_free_chunks  yaffs_guts.o
    0x1a01f62e   0x00000054   Code   RO         7688    i.yaffs_create_fake_dir  yaffs_guts.o
    0x1a01f682   0x00000030   Code   RO         7689    i.yaffs_create_file  yaffs_guts.o
    0x1a01f6b2   0x00000002   PAD
    0x1a01f6b4   0x000000f4   Code   RO         7232    i.yaffs_create_free_objs  yaffs_allocator.o
    0x1a01f7a8   0x000000a4   Code   RO         7690    i.yaffs_create_initial_dir  yaffs_guts.o
    0x1a01f84c   0x000000f8   Code   RO         7691    i.yaffs_create_obj  yaffs_guts.o
    0x1a01f944   0x00000188   Code   RO         7233    i.yaffs_create_tnodes  yaffs_allocator.o
    0x1a01facc   0x0000006e   Code   RO         7694    i.yaffs_deinit_blocks  yaffs_guts.o
    0x1a01fb3a   0x00000018   Code   RO         8593    i.yaffs_deinit_nand  yaffs_nand.o
    0x1a01fb52   0x00000002   PAD
    0x1a01fb54   0x0000006c   Code   RO         7234    i.yaffs_deinit_raw_objs  yaffs_allocator.o
    0x1a01fbc0   0x00000060   Code   RO         7235    i.yaffs_deinit_raw_tnodes  yaffs_allocator.o
    0x1a01fc20   0x00000058   Code   RO         7236    i.yaffs_deinit_raw_tnodes_and_objs  yaffs_allocator.o
    0x1a01fc78   0x00000016   Code   RO         7695    i.yaffs_deinit_tnodes_and_objs  yaffs_guts.o
    0x1a01fc8e   0x000000be   Code   RO         7696    i.yaffs_deinitialise  yaffs_guts.o
    0x1a01fd4c   0x00000018   Code   RO         7697    i.yaffs_del_dir     yaffs_guts.o
    0x1a01fd64   0x000000a8   Code   RO         7698    i.yaffs_del_dir_contents  yaffs_guts.o
    0x1a01fe0c   0x00000092   Code   RO         7699    i.yaffs_del_file    yaffs_guts.o
    0x1a01fe9e   0x00000014   Code   RO         7700    i.yaffs_del_link    yaffs_guts.o
    0x1a01feb2   0x00000002   PAD
    0x1a01feb4   0x000000b4   Code   RO         7701    i.yaffs_del_obj     yaffs_guts.o
    0x1a01ff68   0x00000016   Code   RO         7702    i.yaffs_del_symlink  yaffs_guts.o
    0x1a01ff7e   0x0000010a   Code   RO         7593    i.yaffs_do_endian_oh  yaffs_endian.o
    0x1a020088   0x00000032   Code   RO         7594    i.yaffs_do_endian_packed_tags2  yaffs_endian.o
    0x1a0200ba   0x0000001a   Code   RO         7595    i.yaffs_do_endian_s32  yaffs_endian.o
    0x1a0200d4   0x0000001a   Code   RO         7596    i.yaffs_do_endian_uc32  yaffs_endian.o
    0x1a0200ee   0x00000002   PAD
    0x1a0200f0   0x000002e0   Code   RO         7703    i.yaffs_do_file_wr  yaffs_guts.o
    0x1a0203d0   0x0000000c   Code   RO         8856    i.yaffs_dump_packed_tags2  yaffs_packedtags2.o
    0x1a0203dc   0x0000005c   Code   RO         8857    i.yaffs_dump_packed_tags2_tags_only  yaffs_packedtags2.o
    0x1a020438   0x00000044   Code   RO         8858    i.yaffs_dump_tags2  yaffs_packedtags2.o
    0x1a02047c   0x0000010c   Code   RO         7546    i.yaffs_ecc_calc    yaffs_ecc.o
    0x1a020588   0x0000004c   Code   RO         7547    i.yaffs_ecc_calc_other  yaffs_ecc.o
    0x1a0205d4   0x0000010c   Code   RO         7548    i.yaffs_ecc_correct  yaffs_ecc.o
    0x1a0206e0   0x000000b6   Code   RO         7549    i.yaffs_ecc_correct_other  yaffs_ecc.o
    0x1a020796   0x00000030   Code   RO         7706    i.yaffs_empty_dir_to_dir  yaffs_guts.o
    0x1a0207c6   0x00000010   Code   RO         7707    i.yaffs_empty_l_n_f  yaffs_guts.o
    0x1a0207d6   0x00000002   PAD
    0x1a0207d8   0x00000074   Code   RO         7597    i.yaffs_endian_config  yaffs_endian.o
    0x1a02084c   0x0000002a   Code   RO         8594    i.yaffs_erase_block  yaffs_nand.o
    0x1a020876   0x00000102   Code   RO         7708    i.yaffs_file_rd     yaffs_guts.o
    0x1a020978   0x0000014c   Code   RO         7709    i.yaffs_find_alloc_block  yaffs_guts.o
    0x1a020ac4   0x00000188   Code   RO         7710    i.yaffs_find_by_name  yaffs_guts.o
    0x1a020c4c   0x00000050   Code   RO         7711    i.yaffs_find_by_number  yaffs_guts.o
    0x1a020c9c   0x00000064   Code   RO         7712    i.yaffs_find_chunk_cache  yaffs_guts.o
    0x1a020d00   0x00000052   Code   RO         7713    i.yaffs_find_chunk_in_file  yaffs_guts.o
    0x1a020d52   0x00000070   Code   RO         7714    i.yaffs_find_chunk_in_group  yaffs_guts.o
    0x1a020dc2   0x00000064   Code   RO         7715    i.yaffs_find_del_file_chunk  yaffs_guts.o
    0x1a020e26   0x00000002   PAD
    0x1a020e28   0x00000338   Code   RO         7716    i.yaffs_find_gc_block  yaffs_guts.o
    0x1a021160   0x00000060   Code   RO         7717    i.yaffs_find_nice_bucket  yaffs_guts.o
    0x1a0211c0   0x0000002e   Code   RO         7718    i.yaffs_find_or_create_by_number  yaffs_guts.o
    0x1a0211ee   0x0000005c   Code   RO         7719    i.yaffs_find_tnode_0  yaffs_guts.o
    0x1a02124a   0x00000002   PAD
    0x1a02124c   0x0000011c   Code   RO         7720    i.yaffs_fix_hanging_objs  yaffs_guts.o
    0x1a021368   0x00000068   Code   RO         7721    i.yaffs_fix_null_name  yaffs_guts.o
    0x1a0213d0   0x0000000c   Code   RO         9634    i.yaffs_flush       yaffsfs.o
    0x1a0213dc   0x0000004c   Code   RO         7722    i.yaffs_flush_file  yaffs_guts.o
    0x1a021428   0x00000044   Code   RO         7723    i.yaffs_flush_file_cache  yaffs_guts.o
    0x1a02146c   0x00000030   Code   RO         7724    i.yaffs_flush_single_cache  yaffs_guts.o
    0x1a02149c   0x00000060   Code   RO         7725    i.yaffs_flush_whole_cache  yaffs_guts.o
    0x1a0214fc   0x0000001a   Code   RO         9635    i.yaffs_format      yaffsfs.o
    0x1a021516   0x000000ec   Code   RO         9636    i.yaffs_format_common  yaffsfs.o
    0x1a021602   0x00000002   PAD
    0x1a021604   0x000000cc   Code   RO         7726    i.yaffs_free_obj    yaffs_guts.o
    0x1a0216d0   0x00000054   Code   RO         7237    i.yaffs_free_raw_obj  yaffs_allocator.o
    0x1a021724   0x00000054   Code   RO         7238    i.yaffs_free_raw_tnode  yaffs_allocator.o
    0x1a021778   0x00000020   Code   RO         7727    i.yaffs_free_tnode  yaffs_guts.o
    0x1a021798   0x0000005c   Code   RO         9643    i.yaffs_fstat       yaffsfs.o
    0x1a0217f4   0x0000000e   Code   RO         9644    i.yaffs_fsync       yaffsfs.o
    0x1a021802   0x00000002   PAD
    0x1a021804   0x000002bc   Code   RO         7728    i.yaffs_gc_block    yaffs_guts.o
    0x1a021ac0   0x00000288   Code   RO         7729    i.yaffs_gc_process_chunk  yaffs_guts.o
    0x1a021d48   0x0000005c   Code   RO         7730    i.yaffs_generic_obj_del  yaffs_guts.o
    0x1a021da4   0x000000ac   Code   RO         7446    i.yaffs_get_block_info  yaffs_checkptrw.o
    0x1a021e50   0x000000ac   Code   RO         7731    i.yaffs_get_block_info  yaffs_guts.o
    0x1a021efc   0x000000ac   Code   RO         8595    i.yaffs_get_block_info  yaffs_nand.o
    0x1a021fa8   0x000000ac   Code   RO         8944    i.yaffs_get_block_info  yaffs_summary.o
    0x1a022054   0x000000ac   Code   RO         9025    i.yaffs_get_block_info  yaffs_tagscompat.o
    0x1a022100   0x000000ac   Code   RO         9152    i.yaffs_get_block_info  yaffs_verify.o
    0x1a0221ac   0x000000ac   Code   RO         9280    i.yaffs_get_block_info  yaffs_yaffs1.o
    0x1a022258   0x000000ac   Code   RO         9358    i.yaffs_get_block_info  yaffs_yaffs2.o
    0x1a022304   0x00000018   Code   RO         7732    i.yaffs_get_equivalent_obj  yaffs_guts.o
    0x1a02231c   0x00000020   Code   RO         7733    i.yaffs_get_erased_chunks  yaffs_guts.o
    0x1a02233c   0x00000056   Code   RO         7734    i.yaffs_get_group_base  yaffs_guts.o
    0x1a022392   0x0000003e   Code   RO         7737    i.yaffs_get_obj_length  yaffs_guts.o
    0x1a0223d0   0x00000020   Code   RO         7738    i.yaffs_get_obj_link_count  yaffs_guts.o
    0x1a0223f0   0x000000ac   Code   RO         7739    i.yaffs_get_obj_name  yaffs_guts.o
    0x1a02249c   0x00000086   Code   RO         9026    i.yaffs_get_tags_from_spare  yaffs_tagscompat.o
    0x1a022522   0x00000002   PAD
    0x1a022524   0x000000a4   Code   RO         7742    i.yaffs_get_temp_buffer  yaffs_guts.o
    0x1a0225c8   0x0000002c   Code   RO         7743    i.yaffs_get_tnode   yaffs_guts.o
    0x1a0225f4   0x00000092   Code   RO         7745    i.yaffs_grab_chunk_cache  yaffs_guts.o
    0x1a022686   0x00000036   Code   RO         7746    i.yaffs_grab_chunk_worker  yaffs_guts.o
    0x1a0226bc   0x0000004c   Code   RO         7747    i.yaffs_guts_format_dev  yaffs_guts.o
    0x1a022708   0x000004d8   Code   RO         7748    i.yaffs_guts_initialise  yaffs_guts.o
    0x1a022be0   0x000001f0   Code   RO         7749    i.yaffs_guts_ll_init  yaffs_guts.o
    0x1a022dd0   0x00000088   Code   RO         7750    i.yaffs_handle_chunk_error  yaffs_guts.o
    0x1a022e58   0x00000002   Code   RO         7751    i.yaffs_handle_chunk_update  yaffs_guts.o
    0x1a022e5a   0x00000002   PAD
    0x1a022e5c   0x0000008c   Code   RO         7752    i.yaffs_handle_chunk_wr_error  yaffs_guts.o
    0x1a022ee8   0x00000002   Code   RO         7753    i.yaffs_handle_chunk_wr_ok  yaffs_guts.o
    0x1a022eea   0x00000002   PAD
    0x1a022eec   0x00000078   Code   RO         9027    i.yaffs_handle_rd_data_error  yaffs_tagscompat.o
    0x1a022f64   0x00000056   Code   RO         7755    i.yaffs_handle_shadowed_obj  yaffs_guts.o
    0x1a022fba   0x00000028   Code   RO         7756    i.yaffs_has_null_parent  yaffs_guts.o
    0x1a022fe2   0x00000018   Code   RO         7757    i.yaffs_hash_fn     yaffs_guts.o
    0x1a022ffa   0x00000042   Code   RO         7758    i.yaffs_hash_obj    yaffs_guts.o
    0x1a02303c   0x0000002a   Code   RO         8510    i.yaffs_hweight32   yaffs_hweight.o
    0x1a023066   0x00000002   PAD
    0x1a023068   0x0000000c   Code   RO         8511    i.yaffs_hweight8    yaffs_hweight.o
    0x1a023074   0x000000e4   Code   RO         7759    i.yaffs_init_blocks  yaffs_guts.o
    0x1a023158   0x00000018   Code   RO         8596    i.yaffs_init_nand   yaffs_nand.o
    0x1a023170   0x00000050   Code   RO         7239    i.yaffs_init_raw_objs  yaffs_allocator.o
    0x1a0231c0   0x00000048   Code   RO         7240    i.yaffs_init_raw_tnodes  yaffs_allocator.o
    0x1a023208   0x00000058   Code   RO         7241    i.yaffs_init_raw_tnodes_and_objs  yaffs_allocator.o
    0x1a023260   0x00000042   Code   RO         7760    i.yaffs_init_tmp_buffers  yaffs_guts.o
    0x1a0232a2   0x0000005a   Code   RO         7761    i.yaffs_init_tnodes_and_objs  yaffs_guts.o
    0x1a0232fc   0x0000001e   Code   RO         7762    i.yaffs_invalidate_chunk_cache  yaffs_guts.o
    0x1a02331a   0x0000003a   Code   RO         7763    i.yaffs_invalidate_whole_cache  yaffs_guts.o
    0x1a023354   0x0000001e   Code   RO         7764    i.yaffs_is_non_empty_dir  yaffs_guts.o
    0x1a023372   0x00000050   Code   RO         7765    i.yaffs_link_fixup  yaffs_guts.o
    0x1a0233c2   0x00000024   Code   RO         7331    i.yaffs_load_attribs  yaffs_attribs.o
    0x1a0233e6   0x00000024   Code   RO         7332    i.yaffs_load_attribs_oh  yaffs_attribs.o
    0x1a02340a   0x0000001c   Code   RO         7333    i.yaffs_load_current_time  yaffs_attribs.o
    0x1a023426   0x0000001a   Code   RO         7768    i.yaffs_load_name_from_oh  yaffs_guts.o
    0x1a023440   0x00000016   Code   RO         7769    i.yaffs_load_oh_from_name  yaffs_guts.o
    0x1a023456   0x0000005e   Code   RO         9028    i.yaffs_load_tags_to_spare  yaffs_tagscompat.o
    0x1a0234b4   0x0000008e   Code   RO         7770    i.yaffs_load_tnode_0  yaffs_guts.o
    0x1a023542   0x0000002e   Code   RO         8597    i.yaffs_mark_bad    yaffs_nand.o
    0x1a023570   0x00000010   Code   RO         7772    i.yaffs_max_file_size  yaffs_guts.o
    0x1a023580   0x00000012   Code   RO         9685    i.yaffs_mount       yaffsfs.o
    0x1a023592   0x00000002   PAD
    0x1a023594   0x00000104   Code   RO         9690    i.yaffs_mount_common  yaffsfs.o
    0x1a023698   0x0000005a   Code   RO         8664    i.yaffs_nand_drv_CheckBad  yaffs_nand_drv.o
    0x1a0236f2   0x00000010   Code   RO         8665    i.yaffs_nand_drv_Deinitialise  yaffs_nand_drv.o
    0x1a023702   0x00000020   Code   RO         8666    i.yaffs_nand_drv_EraseBlock  yaffs_nand_drv.o
    0x1a023722   0x00000010   Code   RO         8667    i.yaffs_nand_drv_Initialise  yaffs_nand_drv.o
    0x1a023732   0x00000050   Code   RO         8668    i.yaffs_nand_drv_MarkBad  yaffs_nand_drv.o
    0x1a023782   0x000000de   Code   RO         8669    i.yaffs_nand_drv_ReadChunk  yaffs_nand_drv.o
    0x1a023860   0x0000008e   Code   RO         8670    i.yaffs_nand_drv_WriteChunk  yaffs_nand_drv.o
    0x1a0238ee   0x00000002   PAD
    0x1a0238f0   0x00000090   Code   RO         8671    i.yaffs_nand_install_drv  yaffs_nand_drv.o
    0x1a023980   0x000000ce   Code   RO         7773    i.yaffs_new_obj     yaffs_guts.o
    0x1a023a4e   0x00000056   Code   RO         7774    i.yaffs_new_obj_id  yaffs_guts.o
    0x1a023aa4   0x00000034   Code   RO         7775    i.yaffs_obj_cache_dirty  yaffs_guts.o
    0x1a023ad8   0x00000036   Code   RO         7776    i.yaffs_oh_size_load  yaffs_guts.o
    0x1a023b0e   0x00000062   Code   RO         7777    i.yaffs_oh_to_size  yaffs_guts.o
    0x1a023b70   0x00000016   Code   RO         9695    i.yaffs_open        yaffsfs.o
    0x1a023b86   0x0000001c   Code   RO         9697    i.yaffs_open_reldir  yaffsfs.o
    0x1a023ba2   0x00000002   PAD
    0x1a023ba4   0x00000470   Code   RO         9700    i.yaffs_open_sharing_reldir  yaffsfs.o
    0x1a024014   0x00000028   Code   RO         8859    i.yaffs_pack_tags2  yaffs_packedtags2.o
    0x1a02403c   0x0000008a   Code   RO         8860    i.yaffs_pack_tags2_tags_only  yaffs_packedtags2.o
    0x1a0240c6   0x00000002   PAD
    0x1a0240c8   0x00000118   Code   RO         7778    i.yaffs_prune_chunks  yaffs_guts.o
    0x1a0241e0   0x00000066   Code   RO         7779    i.yaffs_prune_tree  yaffs_guts.o
    0x1a024246   0x00000080   Code   RO         7780    i.yaffs_prune_worker  yaffs_guts.o
    0x1a0242c6   0x00000002   PAD
    0x1a0242c8   0x0000016c   Code   RO         7781    i.yaffs_put_chunk_in_file  yaffs_guts.o
    0x1a024434   0x000002d4   Code   RO         8916    i.yaffs_qsort       yaffs_qsort.o
    0x1a024708   0x00000026   Code   RO         8598    i.yaffs_query_init_block_state  yaffs_nand.o
    0x1a02472e   0x00000002   PAD
    0x1a024730   0x00000254   Code   RO         9029    i.yaffs_rd_chunk_nand  yaffs_tagscompat.o
    0x1a024984   0x00000066   Code   RO         8599    i.yaffs_rd_chunk_tags_nand  yaffs_nand.o
    0x1a0249ea   0x00000002   PAD
    0x1a0249ec   0x00000080   Code   RO         7782    i.yaffs_rd_data_obj  yaffs_guts.o
    0x1a024a6c   0x0000001c   Code   RO         9706    i.yaffs_read        yaffsfs.o
    0x1a024a88   0x00000098   Code   RO         7783    i.yaffs_release_temp_buffer  yaffs_guts.o
    0x1a024b20   0x00000034   Code   RO         7784    i.yaffs_remove_obj_from_dir  yaffs_guts.o
    0x1a024b54   0x0000009a   Code   RO         7787    i.yaffs_resize_file  yaffs_guts.o
    0x1a024bee   0x00000084   Code   RO         7788    i.yaffs_resize_file_down  yaffs_guts.o
    0x1a024c72   0x00000002   PAD
    0x1a024c74   0x00000160   Code   RO         7789    i.yaffs_retire_block  yaffs_guts.o
    0x1a024dd4   0x000000b6   Code   RO         7790    i.yaffs_retype_obj  yaffs_guts.o
    0x1a024e8a   0x00000042   Code   RO         7373    i.yaffs_set_chunk_bit  yaffs_bitmap.o
    0x1a024ecc   0x0000004a   Code   RO         7792    i.yaffs_set_obj_name  yaffs_guts.o
    0x1a024f16   0x00000012   Code   RO         7793    i.yaffs_set_obj_name_from_oh  yaffs_guts.o
    0x1a024f28   0x00000014   Code   RO         9153    i.yaffs_skip_full_verification  yaffs_verify.o
    0x1a024f3c   0x00000014   Code   RO         9154    i.yaffs_skip_nand_verification  yaffs_verify.o
    0x1a024f50   0x00000038   Code   RO         7795    i.yaffs_skip_rest_of_block  yaffs_guts.o
    0x1a024f88   0x00000018   Code   RO         9155    i.yaffs_skip_verification  yaffs_verify.o
    0x1a024fa0   0x00000080   Code   RO         7796    i.yaffs_soft_del_chunk  yaffs_guts.o
    0x1a025020   0x0000009c   Code   RO         7797    i.yaffs_soft_del_file  yaffs_guts.o
    0x1a0250bc   0x0000009a   Code   RO         7798    i.yaffs_soft_del_worker  yaffs_guts.o
    0x1a025156   0x00000010   Code   RO         9030    i.yaffs_spare_init  yaffs_tagscompat.o
    0x1a025166   0x00000002   PAD
    0x1a025168   0x000000a8   Code   RO         9572    i.yaffs_start_up    yaffscfg2k.o
    0x1a025210   0x00000030   Code   RO         7374    i.yaffs_still_some_chunks  yaffs_bitmap.o
    0x1a025240   0x00000070   Code   RO         7799    i.yaffs_strip_deleted_objs  yaffs_guts.o
    0x1a0252b0   0x00000080   Code   RO         8945    i.yaffs_summary_add  yaffs_summary.o
    0x1a025330   0x00000028   Code   RO         8946    i.yaffs_summary_clear  yaffs_summary.o
    0x1a025358   0x00000030   Code   RO         8947    i.yaffs_summary_deinit  yaffs_summary.o
    0x1a025388   0x00000048   Code   RO         8948    i.yaffs_summary_fetch  yaffs_summary.o
    0x1a0253d0   0x00000066   Code   RO         8949    i.yaffs_summary_gc  yaffs_summary.o
    0x1a025436   0x0000006e   Code   RO         8950    i.yaffs_summary_init  yaffs_summary.o
    0x1a0254a4   0x00000144   Code   RO         8951    i.yaffs_summary_read  yaffs_summary.o
    0x1a0255e8   0x00000026   Code   RO         8952    i.yaffs_summary_sum  yaffs_summary.o
    0x1a02560e   0x00000122   Code   RO         8953    i.yaffs_summary_write  yaffs_summary.o
    0x1a025730   0x0000004c   Code   RO         9031    i.yaffs_tags_compat_install  yaffs_tagscompat.o
    0x1a02577c   0x0000003c   Code   RO         9032    i.yaffs_tags_compat_mark_bad  yaffs_tagscompat.o
    0x1a0257b8   0x00000094   Code   RO         9033    i.yaffs_tags_compat_query_block  yaffs_tagscompat.o
    0x1a02584c   0x000000d0   Code   RO         9034    i.yaffs_tags_compat_rd  yaffs_tagscompat.o
    0x1a02591c   0x000000a0   Code   RO         9035    i.yaffs_tags_compat_wr  yaffs_tagscompat.o
    0x1a0259bc   0x0000004c   Code   RO         9112    i.yaffs_tags_marshall_install  yaffs_tagsmarshall.o
    0x1a025a08   0x00000012   Code   RO         9113    i.yaffs_tags_marshall_mark_bad  yaffs_tagsmarshall.o
    0x1a025a1a   0x00000002   PAD
    0x1a025a1c   0x00000118   Code   RO         9114    i.yaffs_tags_marshall_query_block  yaffs_tagsmarshall.o
    0x1a025b34   0x000001b4   Code   RO         9115    i.yaffs_tags_marshall_read  yaffs_tagsmarshall.o
    0x1a025ce8   0x00000114   Code   RO         9116    i.yaffs_tags_marshall_write  yaffs_tagsmarshall.o
    0x1a025dfc   0x0000001a   Code   RO         7800    i.yaffs_tags_match  yaffs_guts.o
    0x1a025e16   0x00000040   Code   RO         7801    i.yaffs_unhash_obj  yaffs_guts.o
    0x1a025e56   0x00000002   PAD
    0x1a025e58   0x000000d4   Code   RO         7802    i.yaffs_unlink_file_if_needed  yaffs_guts.o
    0x1a025f2c   0x0000001a   Code   RO         7803    i.yaffs_unlink_obj  yaffs_guts.o
    0x1a025f46   0x00000002   PAD
    0x1a025f48   0x000000f4   Code   RO         7804    i.yaffs_unlink_worker  yaffs_guts.o
    0x1a02603c   0x00000080   Code   RO         8861    i.yaffs_unpack_tags2  yaffs_packedtags2.o
    0x1a0260bc   0x000000a6   Code   RO         8862    i.yaffs_unpack_tags2_tags_only  yaffs_packedtags2.o
    0x1a026162   0x00000002   PAD
    0x1a026164   0x000002a0   Code   RO         7807    i.yaffs_update_oh   yaffs_guts.o
    0x1a026404   0x0000009c   Code   RO         7808    i.yaffs_update_parent  yaffs_guts.o
    0x1a0264a0   0x00000068   Code   RO         7809    i.yaffs_use_cache   yaffs_guts.o
    0x1a026508   0x00000178   Code   RO         9156    i.yaffs_verify_blk  yaffs_verify.o
    0x1a026680   0x00000274   Code   RO         9157    i.yaffs_verify_blocks  yaffs_verify.o
    0x1a0268f4   0x00000090   Code   RO         7375    i.yaffs_verify_chunk_bit_id  yaffs_bitmap.o
    0x1a026984   0x00000068   Code   RO         7810    i.yaffs_verify_chunk_written  yaffs_guts.o
    0x1a0269ec   0x00000084   Code   RO         9158    i.yaffs_verify_collected_blk  yaffs_verify.o
    0x1a026a70   0x00000158   Code   RO         9159    i.yaffs_verify_dir  yaffs_verify.o
    0x1a026bc8   0x000000dc   Code   RO         9160    i.yaffs_verify_file  yaffs_verify.o
    0x1a026ca4   0x00000006   Code   RO         9161    i.yaffs_verify_file_sane  yaffs_verify.o
    0x1a026caa   0x00000002   PAD
    0x1a026cac   0x00000088   Code   RO         9162    i.yaffs_verify_free_chunks  yaffs_verify.o
    0x1a026d34   0x00000014   Code   RO         9163    i.yaffs_verify_link  yaffs_verify.o
    0x1a026d48   0x0000027c   Code   RO         9164    i.yaffs_verify_obj  yaffs_verify.o
    0x1a026fc4   0x00000190   Code   RO         9165    i.yaffs_verify_obj_in_dir  yaffs_verify.o
    0x1a027154   0x0000004a   Code   RO         9166    i.yaffs_verify_objects  yaffs_verify.o
    0x1a02719e   0x00000002   PAD
    0x1a0271a0   0x0000024c   Code   RO         9167    i.yaffs_verify_oh   yaffs_verify.o
    0x1a0273ec   0x00000014   Code   RO         9168    i.yaffs_verify_special  yaffs_verify.o
    0x1a027400   0x00000014   Code   RO         9169    i.yaffs_verify_symlink  yaffs_verify.o
    0x1a027414   0x000000f8   Code   RO         8600    i.yaffs_wr_chunk_tags_nand  yaffs_nand.o
    0x1a02750c   0x00000140   Code   RO         7811    i.yaffs_wr_data_obj  yaffs_guts.o
    0x1a02764c   0x0000002e   Code   RO         7812    i.yaffs_wr_file     yaffs_guts.o
    0x1a02767a   0x00000028   Code   RO         9036    i.yaffs_wr_nand     yaffs_tagscompat.o
    0x1a0276a2   0x0000001c   Code   RO         9758    i.yaffs_write       yaffsfs.o
    0x1a0276be   0x00000002   PAD
    0x1a0276c0   0x0000018c   Code   RO         7813    i.yaffs_write_new_chunk  yaffs_guts.o
    0x1a02784c   0x00000070   Code   RO         9759    i.yaffsfs_BreakDeviceHandles  yaffsfs.o
    0x1a0278bc   0x0000000e   Code   RO         8734    i.yaffsfs_CheckMemRegion  yaffs_osglue.o
    0x1a0278ca   0x00000036   Code   RO         9761    i.yaffsfs_CheckPath  yaffsfs.o
    0x1a027900   0x00000004   Code   RO         8735    i.yaffsfs_CurrentTime  yaffs_osglue.o
    0x1a027904   0x00000056   Code   RO         9763    i.yaffsfs_DirAdvance  yaffsfs.o
    0x1a02795a   0x00000002   PAD
    0x1a02795c   0x000000f8   Code   RO         9765    i.yaffsfs_DoFindDirectory  yaffsfs.o
    0x1a027a54   0x000000b2   Code   RO         9766    i.yaffsfs_DoStat    yaffsfs.o
    0x1a027b06   0x00000002   PAD
    0x1a027b08   0x00000130   Code   RO         9770    i.yaffsfs_FindDevice  yaffsfs.o
    0x1a027c38   0x00000024   Code   RO         9771    i.yaffsfs_FindDirectory  yaffsfs.o
    0x1a027c5c   0x00000038   Code   RO         9772    i.yaffsfs_FindInodeIdForObject  yaffsfs.o
    0x1a027c94   0x00000024   Code   RO         9773    i.yaffsfs_FindMountPoint  yaffsfs.o
    0x1a027cb8   0x00000084   Code   RO         9774    i.yaffsfs_FindObject  yaffsfs.o
    0x1a027d3c   0x0000002e   Code   RO         9775    i.yaffsfs_FindRoot  yaffsfs.o
    0x1a027d6a   0x0000005c   Code   RO         9776    i.yaffsfs_FollowLink  yaffsfs.o
    0x1a027dc6   0x00000028   Code   RO         9777    i.yaffsfs_GetHandle  yaffsfs.o
    0x1a027dee   0x00000002   PAD
    0x1a027df0   0x00000058   Code   RO         9778    i.yaffsfs_GetInodeIdForObject  yaffsfs.o
    0x1a027e48   0x0000003c   Code   RO         9779    i.yaffsfs_HandleToFileDes  yaffsfs.o
    0x1a027e84   0x00000044   Code   RO         9780    i.yaffsfs_HandleToInode  yaffsfs.o
    0x1a027ec8   0x00000016   Code   RO         9781    i.yaffsfs_HandleToObject  yaffsfs.o
    0x1a027ede   0x00000002   PAD
    0x1a027ee0   0x0000001c   Code   RO         9782    i.yaffsfs_HandleToPointer  yaffsfs.o
    0x1a027efc   0x00000088   Code   RO         9783    i.yaffsfs_InitHandles  yaffsfs.o
    0x1a027f84   0x00000026   Code   RO         9784    i.yaffsfs_IsDevBusy  yaffsfs.o
    0x1a027faa   0x00000002   PAD
    0x1a027fac   0x00000020   Code   RO         9785    i.yaffsfs_IsPathDivider  yaffsfs.o
    0x1a027fcc   0x00000002   Code   RO         8737    i.yaffsfs_Lock      yaffs_osglue.o
    0x1a027fce   0x0000000e   Code   RO         9786    i.yaffsfs_Match     yaffsfs.o
    0x1a027fdc   0x00000038   Code   RO         9787    i.yaffsfs_NewHandle  yaffsfs.o
    0x1a028014   0x00000068   Code   RO         9788    i.yaffsfs_NewHandleAndFileDes  yaffsfs.o
    0x1a02807c   0x00000068   Code   RO         9789    i.yaffsfs_PutFileDes  yaffsfs.o
    0x1a0280e4   0x00000038   Code   RO         9790    i.yaffsfs_PutHandle  yaffsfs.o
    0x1a02811c   0x00000030   Code   RO         9791    i.yaffsfs_PutInode  yaffsfs.o
    0x1a02814c   0x0000001c   Code   RO         9792    i.yaffsfs_ReleaseInode  yaffsfs.o
    0x1a028168   0x00000038   Code   RO         9793    i.yaffsfs_RemoveObjectCallback  yaffsfs.o
    0x1a0281a0   0x00000046   Code   RO         9794    i.yaffsfs_SetDirRewound  yaffsfs.o
    0x1a0281e6   0x00000002   PAD
    0x1a0281e8   0x00000014   Code   RO         8740    i.yaffsfs_SetError  yaffs_osglue.o
    0x1a0281fc   0x00000020   Code   RO         9795    i.yaffsfs_TooManyObjects  yaffsfs.o
    0x1a02821c   0x00000002   Code   RO         8741    i.yaffsfs_Unlock    yaffs_osglue.o
    0x1a02821e   0x0000003c   Code   RO         9798    i.yaffsfs_closedir_no_lock  yaffsfs.o
    0x1a02825a   0x000001f0   Code   RO         9799    i.yaffsfs_do_read   yaffsfs.o
    0x1a02844a   0x000001f2   Code   RO         9800    i.yaffsfs_do_write  yaffsfs.o
    0x1a02863c   0x0000000c   Code   RO         8742    i.yaffsfs_free      yaffs_osglue.o
    0x1a028648   0x0000000e   Code   RO         8743    i.yaffsfs_malloc    yaffs_osglue.o
    0x1a028656   0x00000002   PAD
    0x1a028658   0x00000150   Code   RO         9801    i.yaffsfs_opendir_reldir_no_lock  yaffsfs.o
    0x1a0287a8   0x00000116   Data   RO          113    .constdata          app_gateway.o
    0x1a0288be   0x0000004d   Data   RO          180    .constdata          automonitor.o
    0x1a02890b   0x00000001   PAD
    0x1a02890c   0x000000a2   Data   RO          263    .constdata          remotesensing.o
    0x1a0289ae   0x00000002   PAD
    0x1a0289b0   0x00000170   Data   RO          618    .constdata          retrievedata.o
    0x1a028b20   0x0000053f   Data   RO          756    .constdata          settings.o
    0x1a02905f   0x00000001   PAD
    0x1a029060   0x000004c0   Data   RO         2088    .constdata          ccsbcs.o
    0x1a029520   0x0000008d   Data   RO         2168    .constdata          ff.o
    0x1a0295ad   0x00000003   PAD
    0x1a0295b0   0x0000052c   Data   RO         3469    .constdata          lpc43xx_cgu.o
    0x1a029adc   0x00000014   Data   RO         4591    .constdata          system_lpc43xx.o
    0x1a029af0   0x00000233   Data   RO         5729    .constdata          triggersensing.o
    0x1a029d23   0x00000164   Data   RO         5886    .constdata          xnode.o
    0x1a029e87   0x00000001   PAD
    0x1a029e88   0x0000004d   Data   RO         5969    .constdata          utils.o
    0x1a029ed5   0x00000194   Data   RO         6790    .constdata          usbdesc.o
    0x1a02a069   0x00000003   PAD
    0x1a02a06c   0x0000009e   Data   RO         7447    .constdata          yaffs_checkptrw.o
    0x1a02a10a   0x00000100   Data   RO         7550    .constdata          yaffs_ecc.o
    0x1a02a20a   0x00000002   PAD
    0x1a02a20c   0x0000029d   Data   RO         7814    .constdata          yaffs_guts.o
    0x1a02a4a9   0x00000100   Data   RO         8512    .constdata          yaffs_hweight.o
    0x1a02a5a9   0x00000003   PAD
    0x1a02a5ac   0x0000005c   Data   RO         8863    .constdata          yaffs_packedtags2.o
    0x1a02a608   0x00000191   Data   RO         9170    .constdata          yaffs_verify.o
    0x1a02a799   0x00000003   PAD
    0x1a02a79c   0x00000063   Data   RO         9281    .constdata          yaffs_yaffs1.o
    0x1a02a7ff   0x00000001   PAD
    0x1a02a800   0x000002f6   Data   RO         9359    .constdata          yaffs_yaffs2.o
    0x1a02aaf6   0x00000040   Data   RO        11205    .constdata          mc_w.l(ctype_c.o)
    0x1a02ab36   0x0000000e   Data   RO          181    .conststring        automonitor.o
    0x1a02ab44   0x0000003e   Data   RO         1727    .conststring        rtc.o
    0x1a02ab82   0x00000053   Data   RO         9171    .conststring        yaffs_verify.o
    0x1a02abd5   0x00000003   PAD
    0x1a02abd8   0x00000040   Data   RO        11207    Region$$Table       anon$$obj.o


==============================================================================

Image component sizes


      Code (inc. data)   RO Data    RW Data    ZI Data      Debug   Object Name

      1692         82          0          8          0      41110   ads131.o
      1048         48          0          1          0      10040   adxl362.o
         8          0          0          0          0      49187   app.o
       696        396        278          0          0       6362   app_gateway.o
       784        362         91         25         80       7009   automonitor.o
       132         16       1216          0          0       2227   ccsbcs.o
       642         84          0         12        212      22596   cdcuser.o
      1014        144          0         48        512       8580   debug_frmwrk.o
         0          0          0          0          0       9348   event_groups.o
      6662         72        141          7          0      33259   ff.o
       518         52          0          4        600      33676   fs_sdio.o
       528        126          0          1         36       4109   genericcomm.o
       192         20          0         24          0       1415   globaltime.o
        52          0          0          0          0       1095   heap_3.o
       224         18          0          3          0       3187   led.o
       162          0          0          0          0       3090   list.o
        20          4          0          8          0        694   localtime.o
      2384        180       1324         68          0      35770   lpc43xx_cgu.o
        80         18          0          0          0       2165   lpc43xx_gpio.o
       972         52          0          0         48      33730   lpc43xx_i2c.o
        44          0          0          0          0       1329   lpc43xx_rit.o
        36          6          0          0          0        937   lpc43xx_scu.o
       564         44          0          0        288       5255   lpc43xx_sdif.o
      2284        166          0         16          0       8519   lpc43xx_sdmmc.o
       232          8          0          0          0       1741   lpc43xx_ssp.o
       696         48          0          1          0       5930   lpc43xx_timer.o
       192         26          0          0          0       4200   lpc43xx_wwdt.o
       704         50          0          0          0      22246   nanddrv.o
      1052        114          0          1       5120      43202   nandflash_k9f1g08u0a.o
       174         16          0          0          0       1475   nodereset.o
      1270        436          0         12          0      15773   port.o
      2138        368          0          0        120      10897   queue.o
       780        150          0         17          0       6445   radio.o
      2438        770          0         16        679       9877   reliablecomm.o
      2088        364          0          3        432       9163   remotecommand.o
      9958       3386        162         78        442      50787   remotesensing.o
      4626       1658        368         72        216      20600   retrievedata.o
       406          0          0          0          0       2122   rf233-arch.o
      1944        170          0         30          0      14869   rf233.o
      3056        834         62         37          0      11753   rtc.o
      1060        318          0         12        564       3529   sdcard.o
       820        258          0         16          0       5316   sdmalloc.o
     10468       1454          0        108        326      26103   sendldata.o
      5304        778          0         56        884      13395   sendsmsg.o
      1014        438          0         80         84       4565   sensing.o
      6466       2218       1343         37        120      14033   settings.o
       560         20          0          9          0       2806   snoozealarm.o
       178          0          0          0          0       2731   spi.o
        40          6        276          0       3584        984   startup_lpc43xx.o
        24          0          0          0          0       1055   syscall.o
      2412        252         20          4          0      34984   system_lpc43xx.o
       136         36          0          0         12      28099   systime.o
      4912       1434          0         68        240      22558   tasks.o
      2006        622          0         24         48       9238   timers.o
       748        194          0         80        728      32755   timesync.o
      5212       1836        563         72        200      14498   triggersensing.o
       782         74          0          4          0      36265   trx_access.o
      2642        278          0         36         64      42972   usbcore.o
         0          0        404          0          0       1006   usbdesc.o
      2234        264          0          4        844      39374   usbhw.o
        88          4          0          2          0       1980   usbuser.o
      2246        894         77         38          0       9142   utils.o
       396         56          0          6        316      12273   vcom.o
       838        366        356         26          0      31692   xnode.o
      1592        574          0          0          0      21938   yaffs_allocator.o
       132          0          0          0          0       2656   yaffs_attribs.o
       626        154          0          0          0       5450   yaffs_bitmap.o
      2792        596        158          0          0      13664   yaffs_checkptrw.o
       794         10        256          0          0       4314   yaffs_ecc.o
       520         32          0          0          0       3763   yaffs_endian.o
     20490       3096        669          0          0     106429   yaffs_guts.o
        54          4        256          0          0       1571   yaffs_hweight.o
       530          0          0          0          0       4431   yaffs_nameval.o
       706        204          0          0          0       6452   yaffs_nand.o
       772         32          0          0          0       8357   yaffs_nand_drv.o
       234        116          0          4          0       4955   yaffs_osglue.o
       698         66         92          0          0       5656   yaffs_packedtags2.o
       880          0          0          0          0       3374   yaffs_qsort.o
      1324        100          0          0          0      19274   yaffs_summary.o
      1962        418          0          8         32      10441   yaffs_tagscompat.o
      1086        344          0          0          0       4534   yaffs_tagsmarshall.o
      3836       1448        484          8          0      13162   yaffs_verify.o
      1836        384         99          0          0      15970   yaffs_yaffs1.o
      8280       1438        758          0          0      45785   yaffs_yaffs2.o
       168          8          0          4          0       1268   yaffscfg2k.o
      6048        218          0         28      13840      39019   yaffsfs.o

    ----------------------------------------------------------------------
    158620      31330       9540       1260      31468    1289585   Object Totals
         0          0         64          0          0          0   (incl. Generated)
       182          0         23         34        797          0   (incl. Padding)

    ----------------------------------------------------------------------

      Code (inc. data)   RO Data    RW Data    ZI Data      Debug   Library Member Name

        56          8          0          0          0         84   __0sscanf.o
        92          0          0          0          0          0   __dczerorl2.o
        28          0          0          0          0         68   _chval.o
       812          6          0          0          0        112   _scanf.o
       336          0          0          0          0         96   _scanf_int.o
        64          0          0          0          0         84   _sgetc.o
        40          6         64          0          0         68   ctype_c.o
         0          0          0          0          0          0   entry.o
         0          0          0          0          0          0   entry10a.o
         0          0          0          0          0          0   entry11a.o
         8          4          0          0          0          0   entry2.o
         4          0          0          0          0          0   entry5.o
         0          0          0          0          0          0   entry7b.o
         0          0          0          0          0          0   entry8b.o
         8          4          0          0          0          0   entry9a.o
         8          4          0          4          0         68   errno.o
        30          0          0          0          0          0   handlers.o
        36          8          0          0          0         68   init.o
        10          0          0          0          0         68   isspace_c.o
         0          0          0          0          0          0   iusefp.o
        90          0          0          0          0         84   ldiv.o
        30          0          0          0          0         68   llshl.o
        36          0          0          0          0         68   llsshr.o
        32          0          0          0          0         68   llushr.o
        80          4          0          0          0         76   malloc.o
        26          0          0          0          0         80   memcmp.o
        36          0          0          0          0         68   memcpya.o
        36          0          0          0          0        108   memseta.o
         0          0          0          4          0          0   mvars.o
      2308         88          0          0          0        592   printfa.o
        36         10          0          4          0        136   rand.o
        40          8          0          0          0         84   scanf_char.o
       842         12          0          0          0        216   scanf_fp.o
        24          0          0          0          0         68   strcat.o
        20          0          0          0          0         68   strchr.o
        28          0          0          0          0         76   strcmp.o
        18          0          0          0          0         68   strcpy.o
        14          0          0          0          0         68   strlen.o
        30          0          0          0          0         80   strncmp.o
        24          0          0          0          0         76   strncpy.o
        68          6          0          4          0         80   strtok.o
        44          0          0          0          0         80   uidiv.o
        98          0          0          0          0         92   uldiv.o
        40          2          0          0          0         68   cdrcmple.o
        56          0          0          0          0         88   d2f.o
       334          0          0          0          0        148   dadd.o
       222          0          0          0          0        100   ddiv.o
       190          0          0          0          0        176   depilogue.o
        74          0          0          0          0         80   dfixl.o
        48          0          0          0          0         68   dfixul.o
        40          0          0          0          0         80   dfltl.o
        24          0          0          0          0         76   dfltul.o
       228          0          0          0          0         96   dmul.o
        38          0          0          0          0         68   f2d.o
       108          0          0          0          0        168   fepilogue.o

    ----------------------------------------------------------------------
      6904        170         64         16          0       4336   Library Totals
        10          0          0          0          0          0   (incl. Padding)

    ----------------------------------------------------------------------

      Code (inc. data)   RO Data    RW Data    ZI Data      Debug   Library Name

      5492        168         64         16          0       3120   mc_w.l
      1402          2          0          0          0       1216   mf_w.l

    ----------------------------------------------------------------------
      6904        170         64         16          0       4336   Library Totals

    ----------------------------------------------------------------------

==============================================================================


      Code (inc. data)   RO Data    RW Data    ZI Data      Debug   

    165524      31500       9604       1276      31468    1194277   Grand Totals
    165524      31500       9604        196      31468    1194277   ELF Image Totals (compressed)
    165524      31500       9604        196          0          0   ROM Totals

==============================================================================

    Total RO  Size (Code + RO Data)               175128 ( 171.02kB)
    Total RW  Size (RW Data + ZI Data)             32744 (  31.98kB)
    Total ROM Size (Code + RO Data + RW Data)     175324 ( 171.21kB)

==============================================================================

