<html>
<body>
<pre>
<h1>µVision Build Log</h1>
<h2>Project:</h2>
E:\Xnode_Dev\Xnode_Development\XN_LTTest\Xnode-Cellular\project\Xnode.uvproj
Project File Date:  12/14/2023

<h2>Output:</h2>
Build target 'Internal Flash'
compiling app.c...
compiling app_gateway.c...
compiling app_indicator.c...
compiling app_sensor.c...
compiling AutoMonitor.c...
compiling RemoteSensing.c...
compiling RetrieveData.c...
..\app\RetrieveData.c(259): warning:  #188-D: enumerated type mixed with another type
        return SUCCESS;
..\app\RetrieveData.c: 1 warning, 0 errors
compiling Settings.c...
compiling ads131.c...
compiling adxl362.c...
compiling fs_sdio.c...
compiling led.c...
compiling nandflash_k9f1g08u0a.c...
compiling pmic.c...
compiling rf233.c...
compiling rf233-arch.c...
compiling rtc.c...
..\lib\drivers\rtc.c(49): warning:  #188-D: enumerated type mixed with another type
        return SUCCESS;
..\lib\drivers\rtc.c(58): warning:  #188-D: enumerated type mixed with another type
        return SUCCESS;
..\lib\drivers\rtc.c(69): warning:  #188-D: enumerated type mixed with another type
                return SUCCESS;
..\lib\drivers\rtc.c(153): warning:  #188-D: enumerated type mixed with another type
        return SUCCESS;
..\lib\drivers\rtc.c(193): warning:  #188-D: enumerated type mixed with another type
        return SUCCESS;
..\lib\drivers\rtc.c(228): warning:  #188-D: enumerated type mixed with another type
    return SUCCESS;     
..\lib\drivers\rtc.c(241): warning:  #188-D: enumerated type mixed with another type
        return SUCCESS;
..\lib\drivers\rtc.c(299): warning:  #188-D: enumerated type mixed with another type
        return SUCCESS; 
..\lib\drivers\rtc.c(535): warning:  #188-D: enumerated type mixed with another type
        return SUCCESS;
..\lib\drivers\rtc.c: 9 warnings, 0 errors
compiling spi.c...
compiling trx_access.c...
compiling vcom.c...
compiling poti2c.c...
compiling switch.c...
compiling ccsbcs.c...
compiling ff.c...
compiling syscall.c...
compiling event_groups.c...
compiling heap_3.c...
compiling list.c...
compiling port.c...
compiling queue.c...
compiling tasks.c...
compiling timers.c...
compiling debug_frmwrk.c...
compiling lpc43xx_atimer.c...
compiling lpc43xx_cgu.c...
compiling lpc43xx_evrt.c...
compiling lpc43xx_gpio.c...
compiling lpc43xx_i2c.c...
compiling lpc43xx_pwr.c...
compiling lpc43xx_rit.c...
compiling lpc43xx_rtc.c...
compiling lpc43xx_scu.c...
compiling lpc43xx_sdif.c...
compiling lpc43xx_sdmmc.c...
compiling lpc43xx_ssp.c...
compiling lpc43xx_timer.c...
..\lib\lpc43xx\lpc43xx_timer.c(622): warning:  #223-D: function "FreeRTOSWaitms" declared implicitly
                FreeRTOSWaitms(time);
..\lib\lpc43xx\lpc43xx_timer.c: 1 warning, 0 errors
compiling lpc43xx_wwdt.c...
compiling system_LPC43xx.c...
compiling lpc43xx_uart.c...
compiling lz4.c...
compiling Radio.c...
compiling GenericComm.c...
compiling ReliableComm.c...
compiling RemoteCommand.c...
compiling SendLData.c...
compiling SendSMsg.c...
compiling filter.c...
compiling filter_o.c...
compiling NodeReset.c...
compiling ResampleUSF.c...
compiling sdcard.c...
compiling sdmalloc.c...
compiling Sensing.c...
compiling SnoozeAlarm.c...
compiling TriggerSensing.c...
..\lib\system\TriggerSensing.c(181): warning:  #111-D: statement is unreachable
        flashbuf = (uint8_t *)sdcalloc(1, NANDFLASH_PAGE_FSIZE);
..\lib\system\TriggerSensing.c: 1 warning, 0 errors
compiling xnode.c...
compiling Utils.c...
compiling 4gFTP.c...
..\lib\system\4gFTP.c(396): warning:  #550-D: variable "AT_ATFTPSend" was set but never used
    uint8_t AT_ATFTPSend[] = "AT+KFTPSND=1,,\"test\",\"TESTyymmddhhmmss.txt\",0,0\r"; 
..\lib\system\4gFTP.c(661): warning:  #177-D: function "checkATmessageReply_GetNumber" was declared but never referenced
  static int checkATmessageReply_GetNumber(bool timerrepeat, uint8_t *message, uint8_t size, bool iswait, char *term, uint8_t termlen,uint64_t* cellPhoneNumber)
..\lib\system\4gFTP.c: 2 warnings, 0 errors
compiling GlobalTime.c...
compiling LocalTime.c...
compiling SysTime.c...
compiling timesync.c...
..\lib\timesync\timesync.c(787): warning:  #188-D: enumerated type mixed with another type
                                return SUCCESS;
..\lib\timesync\timesync.c(802): warning:  #188-D: enumerated type mixed with another type
                        return SUCCESS;
..\lib\timesync\timesync.c: 2 warnings, 0 errors
compiling cdcuser.c...
compiling usbcore.c...
compiling usbdesc.c...
compiling usbhw.c...
compiling usbuser.c...
compiling nanddrv.c...
compiling yaffs_allocator.c...
compiling yaffs_attribs.c...
compiling yaffs_bitmap.c...
compiling yaffs_checkptrw.c...
compiling yaffs_ecc.c...
compiling yaffs_endian.c...
compiling yaffs_error.c...
compiling yaffs_guts.c...
..\lib\Yaffs2\yaffs_guts.c(2683): warning:  #550-D: variable "prioritised" was set but never used
        int prioritised = 0;
..\lib\Yaffs2\yaffs_guts.c: 1 warning, 0 errors
compiling yaffs_hweight.c...
compiling yaffs_nameval.c...
compiling yaffs_nand.c...
compiling yaffs_nand_drv.c...
compiling yaffs_osglue.c...
compiling yaffs_packedtags1.c...
compiling yaffs_packedtags2.c...
compiling yaffs_qsort.c...
compiling yaffs_summary.c...
compiling yaffs_tagscompat.c...
compiling yaffs_tagsmarshall.c...
compiling yaffs_verify.c...
..\lib\Yaffs2\yaffs_verify.c(43): warning:  #177-D: variable "block_state_name" was declared but never referenced
  static const char * const block_state_name[] = {
..\lib\Yaffs2\yaffs_verify.c: 1 warning, 0 errors
compiling yaffs_yaffs1.c...
compiling yaffs_yaffs2.c...
..\lib\Yaffs2\yaffs_yaffs2.c(694): warning:  #550-D: variable "cp_variant_type" was set but never used
        uc32 cp_variant_type;
..\lib\Yaffs2\yaffs_yaffs2.c: 1 warning, 0 errors
compiling yaffscfg2k.c...
compiling yaffsfs.c...
compiling MQTTConnectClient.c...
compiling MQTTConnectServer.c...
compiling MQTTDeserializePublish.c...
compiling MQTTFormat.c...
compiling MQTTPacket.c...
compiling MQTTSerializePublish.c...
compiling MQTTSubscribeClient.c...
compiling MQTTSubscribeServer.c...
compiling MQTTUnsubscribeClient.c...
compiling MQTTUnsubscribeServer.c...
linking...
Program Size: Code=178344 RO-data=14156 RW-data=3724 ZI-data=35912  
After Build - User command #1: D:\Keil4\/ARM/BIN/ElfDwT.exe ..\build\Xnode.axf BASEADDRESS(0x1A000000)
ELFDWT - Signature Creator V1.1
COPYRIGHT Keil - An ARM Company, Copyright (C) 2012
*** Updated Signature over Range[32] (0x1A000000 - 0x1A000018): @0x1A00001C = 0x43FFA322
*** Processing completed, no Errors.
After Build - User command #2: fromelf --bin -o "..\build\Xnode.bin" "..\build\Xnode.axf"
"..\build\Xnode.axf" - 0 Error(s), 19 Warning(s).
Load "..\\build\\Xnode.axf" 
Erase Done.
Programming Done.
Verify OK.
