<!doctype html public "-//w3c//dtd html 4.0 transitional//en">
<html><head>
<title>Static Call Graph - [..\build\Xnode.axf]</title></head>
<body><HR>
<H1>Static Call Graph for image ..\build\Xnode.axf</H1><HR>
<BR><P>#&#060CALLGRAPH&#062# ARM Linker, 5.03 [Build 76]: Last Updated: Fri Nov 03 11:01:46 2023
<BR><P>
<H3>Maximum Stack Usage =       3488 bytes + Unknown(Cycles, Untraceable Function Pointers)</H3><H3>
Call chain for Maximum Stack Depth:</H3>
getDatafromSD &rArr; yaffs_rename &rArr; yaffs_rename_reldir &rArr; yaffs_rename_obj &rArr; yaffs_unlink_obj &rArr; yaffs_unlink_worker &rArr; yaffs_del_file &rArr; yaffs_unlink_file_if_needed &rArr; yaffs_resize_file &rArr; yaffs2_handle_hole &rArr; yaffs_update_oh &rArr; yaffs_check_gc &rArr; yaffs_gc_block &rArr;  yaffs_generic_obj_del (Cycle)
<P>
<H3>
Mutually Recursive functions
</H3> <LI><a href="#[18a]">sdmalloc</a>&nbsp;&nbsp;&nbsp;&rArr;&nbsp;&nbsp;&nbsp;<a href="#[105]">die</a><BR>
 <LI><a href="#[2b1]">compact</a>&nbsp;&nbsp;&nbsp;&rArr;&nbsp;&nbsp;&nbsp;<a href="#[105]">die</a><BR>
 <LI><a href="#[144]">read_isFTP</a>&nbsp;&nbsp;&nbsp;&rArr;&nbsp;&nbsp;&nbsp;<a href="#[105]">die</a><BR>
 <LI><a href="#[1]">NMI_Handler</a>&nbsp;&nbsp;&nbsp;&rArr;&nbsp;&nbsp;&nbsp;<a href="#[1]">NMI_Handler</a><BR>
 <LI><a href="#[2]">HardFault_Handler</a>&nbsp;&nbsp;&nbsp;&rArr;&nbsp;&nbsp;&nbsp;<a href="#[2]">HardFault_Handler</a><BR>
 <LI><a href="#[3]">MemManage_Handler</a>&nbsp;&nbsp;&nbsp;&rArr;&nbsp;&nbsp;&nbsp;<a href="#[3]">MemManage_Handler</a><BR>
 <LI><a href="#[4]">BusFault_Handler</a>&nbsp;&nbsp;&nbsp;&rArr;&nbsp;&nbsp;&nbsp;<a href="#[4]">BusFault_Handler</a><BR>
 <LI><a href="#[5]">UsageFault_Handler</a>&nbsp;&nbsp;&nbsp;&rArr;&nbsp;&nbsp;&nbsp;<a href="#[5]">UsageFault_Handler</a><BR>
 <LI><a href="#[7]">DebugMon_Handler</a>&nbsp;&nbsp;&nbsp;&rArr;&nbsp;&nbsp;&nbsp;<a href="#[7]">DebugMon_Handler</a><BR>
 <LI><a href="#[1b]">ADC0_IRQHandler</a>&nbsp;&nbsp;&nbsp;&rArr;&nbsp;&nbsp;&nbsp;<a href="#[1b]">ADC0_IRQHandler</a><BR>
 <LI><a href="#[216]">nodeInqTask</a>&nbsp;&nbsp;&nbsp;&rArr;&nbsp;&nbsp;&nbsp;<a href="#[1f6]">sendShortSubTask</a><BR>
 <LI><a href="#[2a1]">beginTask</a>&nbsp;&nbsp;&nbsp;&rArr;&nbsp;&nbsp;&nbsp;<a href="#[1f6]">sendShortSubTask</a><BR>
 <LI><a href="#[1f5]">sendNoticeSubTask</a>&nbsp;&nbsp;&nbsp;&rArr;&nbsp;&nbsp;&nbsp;<a href="#[1f5]">sendNoticeSubTask</a><BR>
 <LI><a href="#[359]">sendNoticeEndTask</a>&nbsp;&nbsp;&nbsp;&rArr;&nbsp;&nbsp;&nbsp;<a href="#[1f5]">sendNoticeSubTask</a><BR>
 <LI><a href="#[1f1]">nodeInqTask</a>&nbsp;&nbsp;&nbsp;&rArr;&nbsp;&nbsp;&nbsp;<a href="#[1f5]">sendNoticeSubTask</a><BR>
 <LI><a href="#[2a0]">beginTask</a>&nbsp;&nbsp;&nbsp;&rArr;&nbsp;&nbsp;&nbsp;<a href="#[1f5]">sendNoticeSubTask</a><BR>
 <LI><a href="#[2d6]">f_putc</a>&nbsp;&nbsp;&nbsp;&rArr;&nbsp;&nbsp;&nbsp;<a href="#[2d6]">f_putc</a><BR>
 <LI><a href="#[125]">CGU_ConfigPWR</a>&nbsp;&nbsp;&nbsp;&rArr;&nbsp;&nbsp;&nbsp;<a href="#[125]">CGU_ConfigPWR</a><BR>
 <LI><a href="#[3da]">yaffs_verify_dir</a>&nbsp;&nbsp;&nbsp;&rArr;&nbsp;&nbsp;&nbsp;<a href="#[3dd]">yaffs_verify_obj_in_dir</a><BR>
 <LI><a href="#[4a6]">yaffs_summary_write</a>&nbsp;&nbsp;&nbsp;&rArr;&nbsp;&nbsp;&nbsp;<a href="#[405]">yaffs_wr_chunk_tags_nand</a><BR>
 <LI><a href="#[3ff]">yaffs_gc_block</a>&nbsp;&nbsp;&nbsp;&rArr;&nbsp;&nbsp;&nbsp;<a href="#[420]">yaffs_generic_obj_del</a><BR>
 <LI><a href="#[4a3]">yaffs_soft_del_worker</a>&nbsp;&nbsp;&nbsp;&rArr;&nbsp;&nbsp;&nbsp;<a href="#[4a3]">yaffs_soft_del_worker</a><BR>
 <LI><a href="#[496]">yaffs_prune_worker</a>&nbsp;&nbsp;&nbsp;&rArr;&nbsp;&nbsp;&nbsp;<a href="#[496]">yaffs_prune_worker</a><BR>
 <LI><a href="#[4c3]">yaffsfs_DoFindDirectory</a>&nbsp;&nbsp;&nbsp;&rArr;&nbsp;&nbsp;&nbsp;<a href="#[489]">yaffsfs_FollowLink</a><BR>
 <LI><a href="#[421]">yaffs_del_dir_contents</a>&nbsp;&nbsp;&nbsp;&rArr;&nbsp;&nbsp;&nbsp;<a href="#[421]">yaffs_del_dir_contents</a><BR>
 <LI><a href="#[3c1]">yaffs_qsort</a>&nbsp;&nbsp;&nbsp;&rArr;&nbsp;&nbsp;&nbsp;<a href="#[3c1]">yaffs_qsort</a><BR>
 <LI><a href="#[3a3]">yaffs2_checkpt_tnode_worker</a>&nbsp;&nbsp;&nbsp;&rArr;&nbsp;&nbsp;&nbsp;<a href="#[3a3]">yaffs2_checkpt_tnode_worker</a><BR>
 <LI><a href="#[d0]">qsort</a>&nbsp;&nbsp;&nbsp;&rArr;&nbsp;&nbsp;&nbsp;<a href="#[d0]">qsort</a><BR>
</UL>
<P>
<H3>
Function Pointers
</H3><UL>
 <LI><a href="#[1b]">ADC0_IRQHandler</a> from startup_lpc43xx.o(.text) referenced from startup_lpc43xx.o(RESET)
 <LI><a href="#[1f]">ADC1_IRQHandler</a> from startup_lpc43xx.o(.text) referenced from startup_lpc43xx.o(RESET)
 <LI><a href="#[37]">ATIMER_IRQHandler</a> from startup_lpc43xx.o(.text) referenced from startup_lpc43xx.o(RESET)
 <LI><a href="#[43]">ATTimer</a> from 4gftp.o(i.ATTimer) referenced from 4gftp.o(i.ATTCPDataGet)
 <LI><a href="#[43]">ATTimer</a> from 4gftp.o(i.ATTimer) referenced from 4gftp.o(i.ATTimeGet)
 <LI><a href="#[43]">ATTimer</a> from 4gftp.o(i.ATTimer) referenced from 4gftp.o(i.checkATmessageReply)
 <LI><a href="#[4]">BusFault_Handler</a> from startup_lpc43xx.o(.text) referenced from startup_lpc43xx.o(RESET)
 <LI><a href="#[3b]">CAN0_IRQHandler</a> from startup_lpc43xx.o(.text) referenced from startup_lpc43xx.o(RESET)
 <LI><a href="#[35]">CAN1_IRQHandler</a> from startup_lpc43xx.o(.text) referenced from startup_lpc43xx.o(RESET)
 <LI><a href="#[a]">DAC_IRQHandler</a> from startup_lpc43xx.o(.text) referenced from startup_lpc43xx.o(RESET)
 <LI><a href="#[c]">DMA_IRQHandler</a> from startup_lpc43xx.o(.text) referenced from startup_lpc43xx.o(RESET)
 <LI><a href="#[7]">DebugMon_Handler</a> from startup_lpc43xx.o(.text) referenced from startup_lpc43xx.o(RESET)
 <LI><a href="#[f]">ETH_IRQHandler</a> from startup_lpc43xx.o(.text) referenced from startup_lpc43xx.o(RESET)
 <LI><a href="#[34]">EVRT_IRQHandler</a> from startup_lpc43xx.o(.text) referenced from startup_lpc43xx.o(RESET)
 <LI><a href="#[d]">EZH_IRQHandler</a> from startup_lpc43xx.o(.text) referenced from startup_lpc43xx.o(RESET)
 <LI><a href="#[e]">FLASH_EEPROM_IRQHandler</a> from startup_lpc43xx.o(.text) referenced from startup_lpc43xx.o(RESET)
 <LI><a href="#[32]">GINT0_IRQHandler</a> from startup_lpc43xx.o(.text) referenced from startup_lpc43xx.o(RESET)
 <LI><a href="#[33]">GINT1_IRQHandler</a> from startup_lpc43xx.o(.text) referenced from startup_lpc43xx.o(RESET)
 <LI><a href="#[2a]">GPIO0_IRQHandler</a> from startup_lpc43xx.o(.text) referenced from startup_lpc43xx.o(RESET)
 <LI><a href="#[2b]">GPIO1_IRQHandler</a> from startup_lpc43xx.o(.text) referenced from startup_lpc43xx.o(RESET)
 <LI><a href="#[2c]">GPIO2_IRQHandler</a> from startup_lpc43xx.o(.text) referenced from startup_lpc43xx.o(RESET)
 <LI><a href="#[2d]">GPIO3_IRQHandler</a> from trx_access.o(i.GPIO3_IRQHandler) referenced from startup_lpc43xx.o(RESET)
 <LI><a href="#[2e]">GPIO4_IRQHandler</a> from startup_lpc43xx.o(.text) referenced from startup_lpc43xx.o(RESET)
 <LI><a href="#[2f]">GPIO5_IRQHandler</a> from startup_lpc43xx.o(.text) referenced from startup_lpc43xx.o(RESET)
 <LI><a href="#[30]">GPIO6_IRQHandler</a> from adxl362.o(i.GPIO6_IRQHandler) referenced from startup_lpc43xx.o(RESET)
 <LI><a href="#[31]">GPIO7_IRQHandler</a> from ads131.o(i.GPIO7_IRQHandler) referenced from startup_lpc43xx.o(RESET)
 <LI><a href="#[9a]">GetChar</a> from debug_frmwrk.o(i.GetChar) referenced from debug_frmwrk.o(i.debug_frmwrk_init_clk)
 <LI><a href="#[9b]">GetCharInNonBlock</a> from debug_frmwrk.o(i.GetCharInNonBlock) referenced from debug_frmwrk.o(i.debug_frmwrk_init_clk)
 <LI><a href="#[2]">HardFault_Handler</a> from startup_lpc43xx.o(.text) referenced from startup_lpc43xx.o(RESET)
 <LI><a href="#[1c]">I2C0_IRQHandler</a> from startup_lpc43xx.o(.text) referenced from startup_lpc43xx.o(RESET)
 <LI><a href="#[1d]">I2C1_IRQHandler</a> from startup_lpc43xx.o(.text) referenced from startup_lpc43xx.o(RESET)
 <LI><a href="#[26]">I2S0_IRQHandler</a> from startup_lpc43xx.o(.text) referenced from startup_lpc43xx.o(RESET)
 <LI><a href="#[27]">I2S1_IRQHandler</a> from startup_lpc43xx.o(.text) referenced from startup_lpc43xx.o(RESET)
 <LI><a href="#[11]">LCD_IRQHandler</a> from startup_lpc43xx.o(.text) referenced from startup_lpc43xx.o(RESET)
 <LI><a href="#[b]">M0CORE_IRQHandler</a> from startup_lpc43xx.o(.text) referenced from startup_lpc43xx.o(RESET)
 <LI><a href="#[3a]">M0s_IRQHandler</a> from startup_lpc43xx.o(.text) referenced from startup_lpc43xx.o(RESET)
 <LI><a href="#[1a]">MCPWM_IRQHandler</a> from startup_lpc43xx.o(.text) referenced from startup_lpc43xx.o(RESET)
 <LI><a href="#[3]">MemManage_Handler</a> from startup_lpc43xx.o(.text) referenced from startup_lpc43xx.o(RESET)
 <LI><a href="#[bb]">NANDfunc_read_cycle</a> from yaffs_nand_drv.o(i.NANDfunc_read_cycle) referenced from yaffs_nand_drv.o(i.yaffs_nand_install_drv)
 <LI><a href="#[1]">NMI_Handler</a> from startup_lpc43xx.o(.text) referenced from startup_lpc43xx.o(RESET)
 <LI><a href="#[48]">OffTimer</a> from 4gftp.o(i.OffTimer) referenced from 4gftp.o(i.ManualFTP)
 <LI><a href="#[48]">OffTimer</a> from 4gftp.o(i.OffTimer) referenced from 4gftp.o(i.UpdateParamMQTT)
 <LI><a href="#[48]">OffTimer</a> from 4gftp.o(i.OffTimer) referenced from 4gftp.o(i.Voltage_writedata_MQTT)
 <LI><a href="#[8]">PendSV_Handler</a> from port.o(.emb_text) referenced from startup_lpc43xx.o(RESET)
 <LI><a href="#[93]">PutChar</a> from debug_frmwrk.o(i.PutChar) referenced from debug_frmwrk.o(i.debug_frmwrk_init_clk)
 <LI><a href="#[97]">PutDec</a> from debug_frmwrk.o(i.PutDec) referenced from debug_frmwrk.o(i.debug_frmwrk_init_clk)
 <LI><a href="#[98]">PutDec16</a> from debug_frmwrk.o(i.PutDec16) referenced from debug_frmwrk.o(i.debug_frmwrk_init_clk)
 <LI><a href="#[99]">PutDec32</a> from debug_frmwrk.o(i.PutDec32) referenced from debug_frmwrk.o(i.debug_frmwrk_init_clk)
 <LI><a href="#[94]">PutHex</a> from debug_frmwrk.o(i.PutHex) referenced from debug_frmwrk.o(i.debug_frmwrk_init_clk)
 <LI><a href="#[95]">PutHex16</a> from debug_frmwrk.o(i.PutHex16) referenced from debug_frmwrk.o(i.debug_frmwrk_init_clk)
 <LI><a href="#[96]">PutHex32</a> from debug_frmwrk.o(i.PutHex32) referenced from debug_frmwrk.o(i.debug_frmwrk_init_clk)
 <LI><a href="#[91]">Puts</a> from debug_frmwrk.o(i.Puts) referenced from debug_frmwrk.o(i.debug_frmwrk_init_clk)
 <LI><a href="#[92]">Puts_</a> from debug_frmwrk.o(i.Puts_) referenced from debug_frmwrk.o(i.debug_frmwrk_init_clk)
 <LI><a href="#[3c]">QEI_IRQHandler</a> from startup_lpc43xx.o(.text) referenced from startup_lpc43xx.o(RESET)
 <LI><a href="#[15]">RIT_IRQHandler</a> from systime.o(i.RIT_IRQHandler) referenced from startup_lpc43xx.o(RESET)
 <LI><a href="#[38]">RTC_IRQHandler</a> from startup_lpc43xx.o(.text) referenced from startup_lpc43xx.o(RESET)
 <LI><a href="#[50]">ReliableComm_receive</a> from remotecommand.o(i.ReliableComm_receive) referenced from remotecommand.o(i.RemoteCommand_init)
 <LI><a href="#[51]">ReliableComm_sendDone</a> from remotecommand.o(i.ReliableComm_sendDone) referenced from remotecommand.o(i.RemoteCommand_init)
 <LI><a href="#[a5]">ReportTimer</a> from 4gftp.o(i.ReportTimer) referenced from 4gftp.o(i.reportMQTT)
 <LI><a href="#[0]">Reset_Handler</a> from startup_lpc43xx.o(.text) referenced from startup_lpc43xx.o(RESET)
 <LI><a href="#[14]">SCT_IRQHandler</a> from startup_lpc43xx.o(.text) referenced from startup_lpc43xx.o(RESET)
 <LI><a href="#[10]">SDIO_IRQHandler</a> from lpc43xx_sdif.o(i.SDIO_IRQHandler) referenced from startup_lpc43xx.o(RESET)
 <LI><a href="#[29]">SGPIO_IRQHandler</a> from startup_lpc43xx.o(.text) referenced from startup_lpc43xx.o(RESET)
 <LI><a href="#[28]">SPIFI_IRQHandler</a> from startup_lpc43xx.o(.text) referenced from startup_lpc43xx.o(RESET)
 <LI><a href="#[1e]">SPI_IRQHandler</a> from startup_lpc43xx.o(.text) referenced from startup_lpc43xx.o(RESET)
 <LI><a href="#[20]">SSP0_IRQHandler</a> from startup_lpc43xx.o(.text) referenced from startup_lpc43xx.o(RESET)
 <LI><a href="#[21]">SSP1_IRQHandler</a> from startup_lpc43xx.o(.text) referenced from startup_lpc43xx.o(RESET)
 <LI><a href="#[6]">SVC_Handler</a> from port.o(.emb_text) referenced from startup_lpc43xx.o(RESET)
 <LI><a href="#[4b]">SendLData_SLDIReq</a> from reliablecomm.o(i.SendLData_SLDIReq) referenced from reliablecomm.o(i.ReliableComm_init)
 <LI><a href="#[4c]">SendLData_received</a> from reliablecomm.o(i.SendLData_received) referenced from reliablecomm.o(i.ReliableComm_init)
 <LI><a href="#[4d]">SendLData_sendDone</a> from reliablecomm.o(i.SendLData_sendDone) referenced from reliablecomm.o(i.ReliableComm_init)
 <LI><a href="#[49]">SendSMsg_received</a> from reliablecomm.o(i.SendSMsg_received) referenced from reliablecomm.o(i.ReliableComm_init)
 <LI><a href="#[4a]">SendSMsg_sendDone</a> from reliablecomm.o(i.SendSMsg_sendDone) referenced from reliablecomm.o(i.ReliableComm_init)
 <LI><a href="#[9]">SysTick_Handler</a> from port.o(i.SysTick_Handler) referenced from startup_lpc43xx.o(RESET)
 <LI><a href="#[44]">TCP_Rev_Timer</a> from 4gftp.o(i.TCP_Rev_Timer) referenced from 4gftp.o(i.ATTCPReceive)
 <LI><a href="#[16]">TIMER0_IRQHandler</a> from startup_lpc43xx.o(.text) referenced from startup_lpc43xx.o(RESET)
 <LI><a href="#[17]">TIMER1_IRQHandler</a> from startup_lpc43xx.o(.text) referenced from startup_lpc43xx.o(RESET)
 <LI><a href="#[18]">TIMER2_IRQHandler</a> from startup_lpc43xx.o(.text) referenced from startup_lpc43xx.o(RESET)
 <LI><a href="#[19]">TIMER3_IRQHandler</a> from startup_lpc43xx.o(.text) referenced from startup_lpc43xx.o(RESET)
 <LI><a href="#[67]">TimerNotice_fired</a> from sendldata.o(i.TimerNotice_fired) referenced from sendldata.o(i.SendLData_init)
 <LI><a href="#[6d]">TimerShort_fired</a> from sendsmsg.o(i.TimerShort_fired) referenced from sendsmsg.o(i.SendSMsg_init)
 <LI><a href="#[68]">TimerTimeout_fired</a> from sendldata.o(i.TimerTimeout_fired) referenced from sendldata.o(i.SendLData_init)
 <LI><a href="#[6e]">TimerTimeout_fired</a> from sendsmsg.o(i.TimerTimeout_fired) referenced from sendsmsg.o(i.SendSMsg_init)
 <LI><a href="#[69]">TimerWait1_fired</a> from sendldata.o(i.TimerWait1_fired) referenced from sendldata.o(i.SendLData_init)
 <LI><a href="#[6a]">TimerWait2_fired</a> from sendldata.o(i.TimerWait2_fired) referenced from sendldata.o(i.SendLData_init)
 <LI><a href="#[22]">UART0_IRQHandler</a> from startup_lpc43xx.o(.text) referenced from startup_lpc43xx.o(RESET)
 <LI><a href="#[23]">UART1_IRQHandler</a> from startup_lpc43xx.o(.text) referenced from startup_lpc43xx.o(RESET)
 <LI><a href="#[24]">UART2_IRQHandler</a> from startup_lpc43xx.o(.text) referenced from startup_lpc43xx.o(RESET)
 <LI><a href="#[25]">UART3_IRQHandler</a> from startup_lpc43xx.o(.text) referenced from startup_lpc43xx.o(RESET)
 <LI><a href="#[12]">USB0_IRQHandler</a> from usbhw.o(i.USB0_IRQHandler) referenced from startup_lpc43xx.o(RESET)
 <LI><a href="#[13]">USB1_IRQHandler</a> from startup_lpc43xx.o(.text) referenced from startup_lpc43xx.o(RESET)
 <LI><a href="#[86]">USB_EndPoint0</a> from usbcore.o(i.USB_EndPoint0) referenced from vcom.o(i.VCOM_Init)
 <LI><a href="#[87]">USB_EndPoint1</a> from usbuser.o(i.USB_EndPoint1) referenced from vcom.o(i.VCOM_Init)
 <LI><a href="#[88]">USB_EndPoint2</a> from usbuser.o(i.USB_EndPoint2) referenced from vcom.o(i.VCOM_Init)
 <LI><a href="#[85]">USB_Reset_Event</a> from usbuser.o(i.USB_Reset_Event) referenced from vcom.o(i.VCOM_Init)
 <LI><a href="#[5]">UsageFault_Handler</a> from startup_lpc43xx.o(.text) referenced from startup_lpc43xx.o(RESET)
 <LI><a href="#[36]">VADC_IRQHandler</a> from startup_lpc43xx.o(.text) referenced from startup_lpc43xx.o(RESET)
 <LI><a href="#[39]">WDT_IRQHandler</a> from startup_lpc43xx.o(.text) referenced from startup_lpc43xx.o(RESET)
 <LI><a href="#[b1]">XCWriteTask</a> from settings.o(i.XCWriteTask) referenced from settings.o(i.xnodecfgfunc)
 <LI><a href="#[3e]">__main</a> from entry.o(.ARM.Collect$$$$00000000) referenced from startup_lpc43xx.o(.text)
 <LI><a href="#[40]">_sbackspace</a> from _sgetc.o(.text) referenced from __0sscanf.o(.text)
 <LI><a href="#[41]">_scanf_char_input</a> from scanf_char.o(.text) referenced from scanf_char.o(.text)
 <LI><a href="#[3f]">_sgetc</a> from _sgetc.o(.text) referenced from __0sscanf.o(.text)
 <LI><a href="#[8e]">_snputc</a> from printfa.o(i._snputc) referenced from printfa.o(i.__0snprintf)
 <LI><a href="#[8e]">_snputc</a> from printfa.o(i._snputc) referenced from printfa.o(i.__0vsnprintf)
 <LI><a href="#[8f]">_sputc</a> from printfa.o(i._sputc) referenced from printfa.o(i.__0sprintf)
 <LI><a href="#[47]">bufchar</a> from mqttpacket.o(i.bufchar) referenced from mqttpacket.o(i.MQTTPacket_decodeBuf)
 <LI><a href="#[77]">callback_tsc_cmd</a> from timesync.o(i.callback_tsc_cmd) referenced from timesync.o(i.TimeSync_Register)
 <LI><a href="#[a0]">compare</a> from timesync.o(i.compare) referenced from timesync.o(i.medium_select)
 <LI><a href="#[5b]">drpresetexec</a> from retrievedata.o(i.drpresetexec) referenced from retrievedata.o(i.RetrieveData_init)
 <LI><a href="#[5e]">drpresetfunc</a> from retrievedata.o(i.drpresetfunc) referenced from retrievedata.o(i.RetrieveData_init)
 <LI><a href="#[5c]">drpresetresp</a> from retrievedata.o(i.drpresetresp) referenced from retrievedata.o(i.RetrieveData_init)
 <LI><a href="#[5d]">drpresetsent</a> from retrievedata.o(i.drpresetsent) referenced from retrievedata.o(i.RetrieveData_init)
 <LI><a href="#[5f]">drretrieveexec</a> from retrievedata.o(i.drretrieveexec) referenced from retrievedata.o(i.RetrieveData_init)
 <LI><a href="#[62]">drretrievefunc</a> from retrievedata.o(i.drretrievefunc) referenced from retrievedata.o(i.RetrieveData_init)
 <LI><a href="#[60]">drretrieveresp</a> from retrievedata.o(i.drretrieveresp) referenced from retrievedata.o(i.RetrieveData_init)
 <LI><a href="#[61]">drretrievesent</a> from retrievedata.o(i.drretrievesent) referenced from retrievedata.o(i.RetrieveData_init)
 <LI><a href="#[ae]">feedwdt</a> from xnode.o(i.feedwdt) referenced from xnode.o(i.vAppMainTask)
 <LI><a href="#[46]">gcRecvTask</a> from genericcomm.o(i.gcRecvTask) referenced from genericcomm.o(i.GenericComm_init)
 <LI><a href="#[a8]">getDatafromSD</a> from retrievedata.o(i.getDatafromSD) referenced from retrievedata.o(i.startDrPreset)
 <LI><a href="#[56]">getdataexec</a> from remotesensing.o(i.getdataexec) referenced from remotesensing.o(i.RemoteSensing_init)
 <LI><a href="#[59]">getdatafunc</a> from remotesensing.o(i.getdatafunc) referenced from remotesensing.o(i.RemoteSensing_init)
 <LI><a href="#[57]">getdataresp</a> from remotesensing.o(i.getdataresp) referenced from remotesensing.o(i.RemoteSensing_init)
 <LI><a href="#[58]">getdatasent</a> from remotesensing.o(i.getdatasent) referenced from remotesensing.o(i.RemoteSensing_init)
 <LI><a href="#[42]">isspace</a> from isspace_c.o(.text) referenced from scanf_char.o(.text)
 <LI><a href="#[a9]">ldRTask</a> from sendldata.o(i.ldRTask) referenced from sendldata.o(i.startRTask)
 <LI><a href="#[6b]">ldRecvTask</a> from sendldata.o(i.ldRecvTask) referenced from sendldata.o(i.SendLData_init)
 <LI><a href="#[aa]">ldSTask</a> from sendldata.o(i.ldSTask) referenced from sendldata.o(i.startSTask)
 <LI><a href="#[ab]">ldTTask</a> from sendldata.o(i.ldTTask) referenced from sendldata.o(i.startTTask)
 <LI><a href="#[64]">ldcallback_ack</a> from sendldata.o(i.ldcallback_ack) referenced from sendldata.o(i.SendLData_init)
 <LI><a href="#[66]">ldcallback_data</a> from sendldata.o(i.ldcallback_data) referenced from sendldata.o(i.SendLData_init)
 <LI><a href="#[65]">ldcallback_notice</a> from sendldata.o(i.ldcallback_notice) referenced from sendldata.o(i.SendLData_init)
 <LI><a href="#[3d]">main</a> from xnode.o(i.main) referenced from entry9a.o(.ARM.Collect$$$$0000000B)
 <LI><a href="#[a1]">processdatatask</a> from remotesensing.o(i.processdatatask) referenced from remotesensing.o(i.processdata)
 <LI><a href="#[af]">prvIdleTask</a> from tasks.o(i.prvIdleTask) referenced from tasks.o(i.vTaskStartScheduler)
 <LI><a href="#[a7]">prvQueueSensingTask</a> from sensing.o(i.prvQueueSensingTask) referenced from sensing.o(i.startAcquisition)
 <LI><a href="#[a3]">prvTaskExitError</a> from port.o(i.prvTaskExitError) referenced from port.o(i.pxPortInitialiseStack)
 <LI><a href="#[b0]">prvTimerTask</a> from timers.o(i.prvTimerTask) referenced from timers.o(i.xTimerCreateTimerTask)
 <LI><a href="#[a4]">radio_callback</a> from radio.o(i.radio_callback) referenced from radio.o(i.radio_init)
 <LI><a href="#[4f]">rctimer</a> from reliablecomm.o(i.rctimer) referenced from reliablecomm.o(i.ReliableComm_send)
 <LI><a href="#[75]">reportMQTT</a> from 4gftp.o(i.reportMQTT) referenced from timesync.o(i.SyncClock_start)
 <LI><a href="#[81]">resetexec</a> from utils.o(i.resetexec) referenced from utils.o(i.Util_Init)
 <LI><a href="#[84]">resetfunc</a> from utils.o(i.resetfunc) referenced from utils.o(i.Util_Init)
 <LI><a href="#[82]">resetresp</a> from utils.o(i.resetresp) referenced from utils.o(i.Util_Init)
 <LI><a href="#[83]">resetsent</a> from utils.o(i.resetsent) referenced from utils.o(i.Util_Init)
 <LI><a href="#[a6]">rf233_interrupt_poll</a> from rf233.o(i.rf233_interrupt_poll) referenced from rf233.o(i.rf233_init)
 <LI><a href="#[5a]">rstimer</a> from remotesensing.o(i.rstimer) referenced from remotesensing.o(i.RemoteSensing_start)
 <LI><a href="#[63]">rstimer</a> from retrievedata.o(i.rstimer) referenced from retrievedata.o(i.RetrieveData_start)
 <LI><a href="#[ad]">rstimer_tu</a> from xnode.o(i.rstimer_tu) referenced from xnode.o(i.vAppMainTask)
 <LI><a href="#[74]">sctimer</a> from timesync.o(i.sctimer) referenced from timesync.o(i.SyncClock_init)
 <LI><a href="#[76]">sctimer_synch</a> from timesync.o(i.sctimer_synch) referenced from timesync.o(i.SyncClock_start)
 <LI><a href="#[9c]">sdmmc_irq</a> from fs_sdio.o(i.sdmmc_irq) referenced from fs_sdio.o(i.disk_initialize)
 <LI><a href="#[9e]">sdmmc_irq_driven_wait</a> from fs_sdio.o(i.sdmmc_irq_driven_wait) referenced from fs_sdio.o(i.disk_initialize)
 <LI><a href="#[9f]">sdmmc_setup_wakeup</a> from fs_sdio.o(i.sdmmc_setup_wakeup) referenced from fs_sdio.o(i.disk_initialize)
 <LI><a href="#[9d]">sdmmc_waitms</a> from fs_sdio.o(i.sdmmc_waitms) referenced from fs_sdio.o(i.disk_initialize)
 <LI><a href="#[7c]">sensingFunc</a> from remotesensing.o(i.sensingFunc) referenced from triggersensing.o(i.TriggerSensing)
 <LI><a href="#[7c]">sensingFunc</a> from remotesensing.o(i.sensingFunc) referenced from remotesensing.o(i.setparamsfunc)
 <LI><a href="#[a2]">sensingtimer</a> from sensing.o(i.sensingtimer) referenced from sensing.o(i.prvQueueSensingTask)
 <LI><a href="#[a2]">sensingtimer</a> from sensing.o(i.sensingtimer) referenced from sensing.o(i.setupAcquisition)
 <LI><a href="#[52]">setparamsexec</a> from remotesensing.o(i.setparamsexec) referenced from remotesensing.o(i.RemoteSensing_init)
 <LI><a href="#[55]">setparamsfunc</a> from remotesensing.o(i.setparamsfunc) referenced from remotesensing.o(i.RemoteSensing_init)
 <LI><a href="#[53]">setparamsresp</a> from remotesensing.o(i.setparamsresp) referenced from remotesensing.o(i.RemoteSensing_init)
 <LI><a href="#[54]">setparamssent</a> from remotesensing.o(i.setparamssent) referenced from remotesensing.o(i.RemoteSensing_init)
 <LI><a href="#[6f]">smRecvTask</a> from sendsmsg.o(i.smRecvTask) referenced from sendsmsg.o(i.SendSMsg_init)
 <LI><a href="#[4e]">smcallback</a> from reliablecomm.o(i.smcallback) referenced from reliablecomm.o(i.ReliableComm_init)
 <LI><a href="#[6c]">smcallback</a> from sendsmsg.o(i.smcallback) referenced from sendsmsg.o(i.SendSMsg_init)
 <LI><a href="#[70]">syncclockexec</a> from timesync.o(i.syncclockexec) referenced from timesync.o(i.SyncClock_init)
 <LI><a href="#[73]">syncclockfunc</a> from timesync.o(i.syncclockfunc) referenced from timesync.o(i.SyncClock_init)
 <LI><a href="#[71]">syncclockresp</a> from timesync.o(i.syncclockresp) referenced from timesync.o(i.SyncClock_init)
 <LI><a href="#[72]">syncclocksent</a> from timesync.o(i.syncclocksent) referenced from timesync.o(i.SyncClock_init)
 <LI><a href="#[79]">trigsenesp</a> from triggersensing.o(i.trigsenesp) referenced from triggersensing.o(i.Trig_Init)
 <LI><a href="#[78]">trigsenexec</a> from triggersensing.o(i.trigsenexec) referenced from triggersensing.o(i.Trig_Init)
 <LI><a href="#[7b]">trigsenfunc</a> from triggersensing.o(i.trigsenfunc) referenced from triggersensing.o(i.Trig_Init)
 <LI><a href="#[7a]">trigsensent</a> from triggersensing.o(i.trigsensent) referenced from triggersensing.o(i.Trig_Init)
 <LI><a href="#[45]">utiltimer</a> from utils.o(i.utiltimer) referenced from utils.o(i.FRAUtil_ReadVoltage)
 <LI><a href="#[45]">utiltimer</a> from utils.o(i.utiltimer) referenced from utils.o(i.Util_ReadVoltage)
 <LI><a href="#[45]">utiltimer</a> from utils.o(i.utiltimer) referenced from utils.o(i.Util_ResetNodes)
 <LI><a href="#[90]">vAppMainTask</a> from xnode.o(i.vAppMainTask) referenced from xnode.o(i.c_entry)
 <LI><a href="#[7d]">voltexec</a> from utils.o(i.voltexec) referenced from utils.o(i.Util_Init)
 <LI><a href="#[80]">voltfunc</a> from utils.o(i.voltfunc) referenced from utils.o(i.Util_Init)
 <LI><a href="#[7e]">voltresp</a> from utils.o(i.voltresp) referenced from utils.o(i.Util_Init)
 <LI><a href="#[7f]">voltsent</a> from utils.o(i.voltsent) referenced from utils.o(i.Util_Init)
 <LI><a href="#[ac]">writeTask</a> from triggersensing.o(i.writeTask) referenced from triggersensing.o(i.trigsenfunc)
 <LI><a href="#[89]">xctimer</a> from settings.o(i.xctimer) referenced from settings.o(i.XnodeCfgSend)
 <LI><a href="#[8a]">xnodecfgexec</a> from settings.o(i.xnodecfgexec) referenced from settings.o(i.XnodeConfig_Init)
 <LI><a href="#[8d]">xnodecfgfunc</a> from settings.o(i.xnodecfgfunc) referenced from settings.o(i.XnodeConfig_Init)
 <LI><a href="#[8b]">xnodecfgresp</a> from settings.o(i.xnodecfgresp) referenced from settings.o(i.XnodeConfig_Init)
 <LI><a href="#[8c]">xnodecfgsent</a> from settings.o(i.xnodecfgsent) referenced from settings.o(i.XnodeConfig_Init)
 <LI><a href="#[b2]">yaffs2_ybicmp</a> from yaffs_yaffs2.o(i.yaffs2_ybicmp) referenced from yaffs_yaffs2.o(i.yaffs2_scan_backwards)
 <LI><a href="#[b8]">yaffs_nand_drv_CheckBad</a> from yaffs_nand_drv.o(i.yaffs_nand_drv_CheckBad) referenced from yaffs_nand_drv.o(i.yaffs_nand_install_drv)
 <LI><a href="#[ba]">yaffs_nand_drv_Deinitialise</a> from yaffs_nand_drv.o(i.yaffs_nand_drv_Deinitialise) referenced from yaffs_nand_drv.o(i.yaffs_nand_install_drv)
 <LI><a href="#[b6]">yaffs_nand_drv_EraseBlock</a> from yaffs_nand_drv.o(i.yaffs_nand_drv_EraseBlock) referenced from yaffs_nand_drv.o(i.yaffs_nand_install_drv)
 <LI><a href="#[b9]">yaffs_nand_drv_Initialise</a> from yaffs_nand_drv.o(i.yaffs_nand_drv_Initialise) referenced from yaffs_nand_drv.o(i.yaffs_nand_install_drv)
 <LI><a href="#[b7]">yaffs_nand_drv_MarkBad</a> from yaffs_nand_drv.o(i.yaffs_nand_drv_MarkBad) referenced from yaffs_nand_drv.o(i.yaffs_nand_install_drv)
 <LI><a href="#[b5]">yaffs_nand_drv_ReadChunk</a> from yaffs_nand_drv.o(i.yaffs_nand_drv_ReadChunk) referenced from yaffs_nand_drv.o(i.yaffs_nand_install_drv)
 <LI><a href="#[b4]">yaffs_nand_drv_WriteChunk</a> from yaffs_nand_drv.o(i.yaffs_nand_drv_WriteChunk) referenced from yaffs_nand_drv.o(i.yaffs_nand_install_drv)
 <LI><a href="#[bf]">yaffs_tags_compat_mark_bad</a> from yaffs_tagscompat.o(i.yaffs_tags_compat_mark_bad) referenced from yaffs_tagscompat.o(i.yaffs_tags_compat_install)
 <LI><a href="#[be]">yaffs_tags_compat_query_block</a> from yaffs_tagscompat.o(i.yaffs_tags_compat_query_block) referenced from yaffs_tagscompat.o(i.yaffs_tags_compat_install)
 <LI><a href="#[bd]">yaffs_tags_compat_rd</a> from yaffs_tagscompat.o(i.yaffs_tags_compat_rd) referenced from yaffs_tagscompat.o(i.yaffs_tags_compat_install)
 <LI><a href="#[bc]">yaffs_tags_compat_wr</a> from yaffs_tagscompat.o(i.yaffs_tags_compat_wr) referenced from yaffs_tagscompat.o(i.yaffs_tags_compat_install)
 <LI><a href="#[c3]">yaffs_tags_marshall_mark_bad</a> from yaffs_tagsmarshall.o(i.yaffs_tags_marshall_mark_bad) referenced from yaffs_tagsmarshall.o(i.yaffs_tags_marshall_install)
 <LI><a href="#[c2]">yaffs_tags_marshall_query_block</a> from yaffs_tagsmarshall.o(i.yaffs_tags_marshall_query_block) referenced from yaffs_tagsmarshall.o(i.yaffs_tags_marshall_install)
 <LI><a href="#[c1]">yaffs_tags_marshall_read</a> from yaffs_tagsmarshall.o(i.yaffs_tags_marshall_read) referenced from yaffs_tagsmarshall.o(i.yaffs_tags_marshall_install)
 <LI><a href="#[c0]">yaffs_tags_marshall_write</a> from yaffs_tagsmarshall.o(i.yaffs_tags_marshall_write) referenced from yaffs_tagsmarshall.o(i.yaffs_tags_marshall_install)
 <LI><a href="#[b3]">yaffsfs_RemoveObjectCallback</a> from yaffsfs.o(i.yaffsfs_RemoveObjectCallback) referenced from yaffsfs.o(i.yaffs_add_device)
</UL>
<P>
<H3>
Global Symbols
</H3>
<P><STRONG><a name="[3e]"></a>__main</STRONG> (Thumb, 0 bytes, Stack size unknown bytes, entry.o(.ARM.Collect$$$$00000000))
<BR>[Address Reference Count : 1]<UL><LI> startup_lpc43xx.o(.text)
</UL>
<P><STRONG><a name="[4d0]"></a>_main_stk</STRONG> (Thumb, 0 bytes, Stack size unknown bytes, entry2.o(.ARM.Collect$$$$00000001))

<P><STRONG><a name="[c4]"></a>_main_scatterload</STRONG> (Thumb, 0 bytes, Stack size unknown bytes, entry5.o(.ARM.Collect$$$$00000004))
<BR><BR>[Calls]<UL><LI><a href="#[c5]">&gt;&gt;</a>&nbsp;&nbsp;&nbsp;__scatterload
</UL>

<P><STRONG><a name="[ee]"></a>__main_after_scatterload</STRONG> (Thumb, 0 bytes, Stack size unknown bytes, entry5.o(.ARM.Collect$$$$00000004))
<BR><BR>[Called By]<UL><LI><a href="#[c5]">&gt;&gt;</a>&nbsp;&nbsp;&nbsp;__scatterload
</UL>

<P><STRONG><a name="[4d1]"></a>_main_clock</STRONG> (Thumb, 0 bytes, Stack size unknown bytes, entry7b.o(.ARM.Collect$$$$00000008))

<P><STRONG><a name="[4d2]"></a>_main_cpp_init</STRONG> (Thumb, 0 bytes, Stack size unknown bytes, entry8b.o(.ARM.Collect$$$$0000000A))

<P><STRONG><a name="[4d3]"></a>_main_init</STRONG> (Thumb, 0 bytes, Stack size unknown bytes, entry9a.o(.ARM.Collect$$$$0000000B))

<P><STRONG><a name="[4d4]"></a>__rt_final_cpp</STRONG> (Thumb, 0 bytes, Stack size unknown bytes, entry10a.o(.ARM.Collect$$$$0000000D))

<P><STRONG><a name="[4d5]"></a>__rt_final_exit</STRONG> (Thumb, 0 bytes, Stack size unknown bytes, entry11a.o(.ARM.Collect$$$$0000000F))

<P><STRONG><a name="[6]"></a>SVC_Handler</STRONG> (Thumb, 28 bytes, Stack size 0 bytes, port.o(.emb_text))
<BR>[Address Reference Count : 1]<UL><LI> startup_lpc43xx.o(RESET)
</UL>
<P><STRONG><a name="[36f]"></a>__asm___6_port_c_39a90d8d__prvStartFirstTask</STRONG> (Thumb, 28 bytes, Stack size 0 bytes, port.o(.emb_text))
<BR><BR>[Called By]<UL><LI><a href="#[36b]">&gt;&gt;</a>&nbsp;&nbsp;&nbsp;xPortStartScheduler
</UL>

<P><STRONG><a name="[36e]"></a>__asm___6_port_c_39a90d8d__prvEnableVFP</STRONG> (Thumb, 16 bytes, Stack size 0 bytes, port.o(.emb_text))
<BR><BR>[Called By]<UL><LI><a href="#[36b]">&gt;&gt;</a>&nbsp;&nbsp;&nbsp;xPortStartScheduler
</UL>

<P><STRONG><a name="[8]"></a>PendSV_Handler</STRONG> (Thumb, 88 bytes, Stack size 0 bytes, port.o(.emb_text))
<BR><BR>[Stack]<UL><LI>Max Depth = 440<LI>Call Chain = PendSV_Handler &rArr; vTaskSwitchContext &rArr; vApplicationStackOverflowHook &rArr; die &rArr; NodeReset &rArr; SnoozeAlarm_Sleep &rArr; RTC_SetAin1 &rArr; gettime &rArr; rtc_read &rArr; I2C_MasterTransferData &rArr; I2C_IntCmd
</UL>
<BR>[Calls]<UL><LI><a href="#[c6]">&gt;&gt;</a>&nbsp;&nbsp;&nbsp;vTaskSwitchContext
</UL>
<BR>[Address Reference Count : 1]<UL><LI> startup_lpc43xx.o(RESET)
</UL>
<P><STRONG><a name="[364]"></a>vPortGetIPSR</STRONG> (Thumb, 6 bytes, Stack size 0 bytes, port.o(.emb_text))
<BR><BR>[Called By]<UL><LI><a href="#[363]">&gt;&gt;</a>&nbsp;&nbsp;&nbsp;vPortValidateInterruptPriority
</UL>

<P><STRONG><a name="[0]"></a>Reset_Handler</STRONG> (Thumb, 4 bytes, Stack size 0 bytes, startup_lpc43xx.o(.text))
<BR>[Address Reference Count : 1]<UL><LI> startup_lpc43xx.o(RESET)
</UL>
<P><STRONG><a name="[1]"></a>NMI_Handler</STRONG> (Thumb, 2 bytes, Stack size 0 bytes, startup_lpc43xx.o(.text))
<BR><BR>[Calls]<UL><LI><a href="#[1]">&gt;&gt;</a>&nbsp;&nbsp;&nbsp;NMI_Handler
</UL>
<BR>[Called By]<UL><LI><a href="#[1]">&gt;&gt;</a>&nbsp;&nbsp;&nbsp;NMI_Handler
</UL>
<BR>[Address Reference Count : 1]<UL><LI> startup_lpc43xx.o(RESET)
</UL>
<P><STRONG><a name="[2]"></a>HardFault_Handler</STRONG> (Thumb, 2 bytes, Stack size 0 bytes, startup_lpc43xx.o(.text))
<BR><BR>[Calls]<UL><LI><a href="#[2]">&gt;&gt;</a>&nbsp;&nbsp;&nbsp;HardFault_Handler
</UL>
<BR>[Called By]<UL><LI><a href="#[2]">&gt;&gt;</a>&nbsp;&nbsp;&nbsp;HardFault_Handler
</UL>
<BR>[Address Reference Count : 1]<UL><LI> startup_lpc43xx.o(RESET)
</UL>
<P><STRONG><a name="[3]"></a>MemManage_Handler</STRONG> (Thumb, 2 bytes, Stack size 0 bytes, startup_lpc43xx.o(.text))
<BR><BR>[Calls]<UL><LI><a href="#[3]">&gt;&gt;</a>&nbsp;&nbsp;&nbsp;MemManage_Handler
</UL>
<BR>[Called By]<UL><LI><a href="#[3]">&gt;&gt;</a>&nbsp;&nbsp;&nbsp;MemManage_Handler
</UL>
<BR>[Address Reference Count : 1]<UL><LI> startup_lpc43xx.o(RESET)
</UL>
<P><STRONG><a name="[4]"></a>BusFault_Handler</STRONG> (Thumb, 2 bytes, Stack size 0 bytes, startup_lpc43xx.o(.text))
<BR><BR>[Calls]<UL><LI><a href="#[4]">&gt;&gt;</a>&nbsp;&nbsp;&nbsp;BusFault_Handler
</UL>
<BR>[Called By]<UL><LI><a href="#[4]">&gt;&gt;</a>&nbsp;&nbsp;&nbsp;BusFault_Handler
</UL>
<BR>[Address Reference Count : 1]<UL><LI> startup_lpc43xx.o(RESET)
</UL>
<P><STRONG><a name="[5]"></a>UsageFault_Handler</STRONG> (Thumb, 2 bytes, Stack size 0 bytes, startup_lpc43xx.o(.text))
<BR><BR>[Calls]<UL><LI><a href="#[5]">&gt;&gt;</a>&nbsp;&nbsp;&nbsp;UsageFault_Handler
</UL>
<BR>[Called By]<UL><LI><a href="#[5]">&gt;&gt;</a>&nbsp;&nbsp;&nbsp;UsageFault_Handler
</UL>
<BR>[Address Reference Count : 1]<UL><LI> startup_lpc43xx.o(RESET)
</UL>
<P><STRONG><a name="[c7]"></a>vPortSVCHandler</STRONG> (Thumb, 2 bytes, Stack size 0 bytes, startup_lpc43xx.o(.text), UNUSED)
<BR><BR>[Calls]<UL><LI><a href="#[c7]">&gt;&gt;</a>&nbsp;&nbsp;&nbsp;vPortSVCHandler
</UL>
<BR>[Called By]<UL><LI><a href="#[c7]">&gt;&gt;</a>&nbsp;&nbsp;&nbsp;vPortSVCHandler
</UL>

<P><STRONG><a name="[7]"></a>DebugMon_Handler</STRONG> (Thumb, 2 bytes, Stack size 0 bytes, startup_lpc43xx.o(.text))
<BR><BR>[Calls]<UL><LI><a href="#[7]">&gt;&gt;</a>&nbsp;&nbsp;&nbsp;DebugMon_Handler
</UL>
<BR>[Called By]<UL><LI><a href="#[7]">&gt;&gt;</a>&nbsp;&nbsp;&nbsp;DebugMon_Handler
</UL>
<BR>[Address Reference Count : 1]<UL><LI> startup_lpc43xx.o(RESET)
</UL>
<P><STRONG><a name="[c8]"></a>xPortPendSVHandler</STRONG> (Thumb, 2 bytes, Stack size 0 bytes, startup_lpc43xx.o(.text), UNUSED)
<BR><BR>[Calls]<UL><LI><a href="#[c8]">&gt;&gt;</a>&nbsp;&nbsp;&nbsp;xPortPendSVHandler
</UL>
<BR>[Called By]<UL><LI><a href="#[c8]">&gt;&gt;</a>&nbsp;&nbsp;&nbsp;xPortPendSVHandler
</UL>

<P><STRONG><a name="[c9]"></a>xPortSysTickHandler</STRONG> (Thumb, 2 bytes, Stack size 0 bytes, startup_lpc43xx.o(.text), UNUSED)
<BR><BR>[Calls]<UL><LI><a href="#[c9]">&gt;&gt;</a>&nbsp;&nbsp;&nbsp;xPortSysTickHandler
</UL>
<BR>[Called By]<UL><LI><a href="#[c9]">&gt;&gt;</a>&nbsp;&nbsp;&nbsp;xPortSysTickHandler
</UL>

<P><STRONG><a name="[1b]"></a>ADC0_IRQHandler</STRONG> (Thumb, 0 bytes, Stack size 0 bytes, startup_lpc43xx.o(.text))
<BR><BR>[Calls]<UL><LI><a href="#[1b]">&gt;&gt;</a>&nbsp;&nbsp;&nbsp;ADC0_IRQHandler
</UL>
<BR>[Called By]<UL><LI><a href="#[1b]">&gt;&gt;</a>&nbsp;&nbsp;&nbsp;ADC0_IRQHandler
</UL>
<BR>[Address Reference Count : 1]<UL><LI> startup_lpc43xx.o(RESET)
</UL>
<P><STRONG><a name="[1f]"></a>ADC1_IRQHandler</STRONG> (Thumb, 0 bytes, Stack size 0 bytes, startup_lpc43xx.o(.text))
<BR>[Address Reference Count : 1]<UL><LI> startup_lpc43xx.o(RESET)
</UL>
<P><STRONG><a name="[37]"></a>ATIMER_IRQHandler</STRONG> (Thumb, 0 bytes, Stack size 0 bytes, startup_lpc43xx.o(.text))
<BR>[Address Reference Count : 1]<UL><LI> startup_lpc43xx.o(RESET)
</UL>
<P><STRONG><a name="[3b]"></a>CAN0_IRQHandler</STRONG> (Thumb, 0 bytes, Stack size 0 bytes, startup_lpc43xx.o(.text))
<BR>[Address Reference Count : 1]<UL><LI> startup_lpc43xx.o(RESET)
</UL>
<P><STRONG><a name="[35]"></a>CAN1_IRQHandler</STRONG> (Thumb, 0 bytes, Stack size 0 bytes, startup_lpc43xx.o(.text))
<BR>[Address Reference Count : 1]<UL><LI> startup_lpc43xx.o(RESET)
</UL>
<P><STRONG><a name="[a]"></a>DAC_IRQHandler</STRONG> (Thumb, 0 bytes, Stack size 0 bytes, startup_lpc43xx.o(.text))
<BR>[Address Reference Count : 1]<UL><LI> startup_lpc43xx.o(RESET)
</UL>
<P><STRONG><a name="[c]"></a>DMA_IRQHandler</STRONG> (Thumb, 0 bytes, Stack size 0 bytes, startup_lpc43xx.o(.text))
<BR>[Address Reference Count : 1]<UL><LI> startup_lpc43xx.o(RESET)
</UL>
<P><STRONG><a name="[f]"></a>ETH_IRQHandler</STRONG> (Thumb, 0 bytes, Stack size 0 bytes, startup_lpc43xx.o(.text))
<BR>[Address Reference Count : 1]<UL><LI> startup_lpc43xx.o(RESET)
</UL>
<P><STRONG><a name="[34]"></a>EVRT_IRQHandler</STRONG> (Thumb, 0 bytes, Stack size 0 bytes, startup_lpc43xx.o(.text))
<BR>[Address Reference Count : 1]<UL><LI> startup_lpc43xx.o(RESET)
</UL>
<P><STRONG><a name="[d]"></a>EZH_IRQHandler</STRONG> (Thumb, 0 bytes, Stack size 0 bytes, startup_lpc43xx.o(.text))
<BR>[Address Reference Count : 1]<UL><LI> startup_lpc43xx.o(RESET)
</UL>
<P><STRONG><a name="[e]"></a>FLASH_EEPROM_IRQHandler</STRONG> (Thumb, 0 bytes, Stack size 0 bytes, startup_lpc43xx.o(.text))
<BR>[Address Reference Count : 1]<UL><LI> startup_lpc43xx.o(RESET)
</UL>
<P><STRONG><a name="[32]"></a>GINT0_IRQHandler</STRONG> (Thumb, 0 bytes, Stack size 0 bytes, startup_lpc43xx.o(.text))
<BR>[Address Reference Count : 1]<UL><LI> startup_lpc43xx.o(RESET)
</UL>
<P><STRONG><a name="[33]"></a>GINT1_IRQHandler</STRONG> (Thumb, 0 bytes, Stack size 0 bytes, startup_lpc43xx.o(.text))
<BR>[Address Reference Count : 1]<UL><LI> startup_lpc43xx.o(RESET)
</UL>
<P><STRONG><a name="[2a]"></a>GPIO0_IRQHandler</STRONG> (Thumb, 0 bytes, Stack size 0 bytes, startup_lpc43xx.o(.text))
<BR>[Address Reference Count : 1]<UL><LI> startup_lpc43xx.o(RESET)
</UL>
<P><STRONG><a name="[2b]"></a>GPIO1_IRQHandler</STRONG> (Thumb, 0 bytes, Stack size 0 bytes, startup_lpc43xx.o(.text))
<BR>[Address Reference Count : 1]<UL><LI> startup_lpc43xx.o(RESET)
</UL>
<P><STRONG><a name="[2c]"></a>GPIO2_IRQHandler</STRONG> (Thumb, 0 bytes, Stack size 0 bytes, startup_lpc43xx.o(.text))
<BR>[Address Reference Count : 1]<UL><LI> startup_lpc43xx.o(RESET)
</UL>
<P><STRONG><a name="[2e]"></a>GPIO4_IRQHandler</STRONG> (Thumb, 0 bytes, Stack size 0 bytes, startup_lpc43xx.o(.text))
<BR>[Address Reference Count : 1]<UL><LI> startup_lpc43xx.o(RESET)
</UL>
<P><STRONG><a name="[2f]"></a>GPIO5_IRQHandler</STRONG> (Thumb, 0 bytes, Stack size 0 bytes, startup_lpc43xx.o(.text))
<BR>[Address Reference Count : 1]<UL><LI> startup_lpc43xx.o(RESET)
</UL>
<P><STRONG><a name="[1c]"></a>I2C0_IRQHandler</STRONG> (Thumb, 0 bytes, Stack size 0 bytes, startup_lpc43xx.o(.text))
<BR>[Address Reference Count : 1]<UL><LI> startup_lpc43xx.o(RESET)
</UL>
<P><STRONG><a name="[1d]"></a>I2C1_IRQHandler</STRONG> (Thumb, 0 bytes, Stack size 0 bytes, startup_lpc43xx.o(.text))
<BR>[Address Reference Count : 1]<UL><LI> startup_lpc43xx.o(RESET)
</UL>
<P><STRONG><a name="[26]"></a>I2S0_IRQHandler</STRONG> (Thumb, 0 bytes, Stack size 0 bytes, startup_lpc43xx.o(.text))
<BR>[Address Reference Count : 1]<UL><LI> startup_lpc43xx.o(RESET)
</UL>
<P><STRONG><a name="[27]"></a>I2S1_IRQHandler</STRONG> (Thumb, 0 bytes, Stack size 0 bytes, startup_lpc43xx.o(.text))
<BR>[Address Reference Count : 1]<UL><LI> startup_lpc43xx.o(RESET)
</UL>
<P><STRONG><a name="[11]"></a>LCD_IRQHandler</STRONG> (Thumb, 0 bytes, Stack size 0 bytes, startup_lpc43xx.o(.text))
<BR>[Address Reference Count : 1]<UL><LI> startup_lpc43xx.o(RESET)
</UL>
<P><STRONG><a name="[b]"></a>M0CORE_IRQHandler</STRONG> (Thumb, 0 bytes, Stack size 0 bytes, startup_lpc43xx.o(.text))
<BR>[Address Reference Count : 1]<UL><LI> startup_lpc43xx.o(RESET)
</UL>
<P><STRONG><a name="[3a]"></a>M0s_IRQHandler</STRONG> (Thumb, 0 bytes, Stack size 0 bytes, startup_lpc43xx.o(.text))
<BR>[Address Reference Count : 1]<UL><LI> startup_lpc43xx.o(RESET)
</UL>
<P><STRONG><a name="[1a]"></a>MCPWM_IRQHandler</STRONG> (Thumb, 0 bytes, Stack size 0 bytes, startup_lpc43xx.o(.text))
<BR>[Address Reference Count : 1]<UL><LI> startup_lpc43xx.o(RESET)
</UL>
<P><STRONG><a name="[3c]"></a>QEI_IRQHandler</STRONG> (Thumb, 0 bytes, Stack size 0 bytes, startup_lpc43xx.o(.text))
<BR>[Address Reference Count : 1]<UL><LI> startup_lpc43xx.o(RESET)
</UL>
<P><STRONG><a name="[38]"></a>RTC_IRQHandler</STRONG> (Thumb, 0 bytes, Stack size 0 bytes, startup_lpc43xx.o(.text))
<BR>[Address Reference Count : 1]<UL><LI> startup_lpc43xx.o(RESET)
</UL>
<P><STRONG><a name="[14]"></a>SCT_IRQHandler</STRONG> (Thumb, 0 bytes, Stack size 0 bytes, startup_lpc43xx.o(.text))
<BR>[Address Reference Count : 1]<UL><LI> startup_lpc43xx.o(RESET)
</UL>
<P><STRONG><a name="[29]"></a>SGPIO_IRQHandler</STRONG> (Thumb, 0 bytes, Stack size 0 bytes, startup_lpc43xx.o(.text))
<BR>[Address Reference Count : 1]<UL><LI> startup_lpc43xx.o(RESET)
</UL>
<P><STRONG><a name="[28]"></a>SPIFI_IRQHandler</STRONG> (Thumb, 0 bytes, Stack size 0 bytes, startup_lpc43xx.o(.text))
<BR>[Address Reference Count : 1]<UL><LI> startup_lpc43xx.o(RESET)
</UL>
<P><STRONG><a name="[1e]"></a>SPI_IRQHandler</STRONG> (Thumb, 0 bytes, Stack size 0 bytes, startup_lpc43xx.o(.text))
<BR>[Address Reference Count : 1]<UL><LI> startup_lpc43xx.o(RESET)
</UL>
<P><STRONG><a name="[20]"></a>SSP0_IRQHandler</STRONG> (Thumb, 0 bytes, Stack size 0 bytes, startup_lpc43xx.o(.text))
<BR>[Address Reference Count : 1]<UL><LI> startup_lpc43xx.o(RESET)
</UL>
<P><STRONG><a name="[21]"></a>SSP1_IRQHandler</STRONG> (Thumb, 0 bytes, Stack size 0 bytes, startup_lpc43xx.o(.text))
<BR>[Address Reference Count : 1]<UL><LI> startup_lpc43xx.o(RESET)
</UL>
<P><STRONG><a name="[16]"></a>TIMER0_IRQHandler</STRONG> (Thumb, 0 bytes, Stack size 0 bytes, startup_lpc43xx.o(.text))
<BR>[Address Reference Count : 1]<UL><LI> startup_lpc43xx.o(RESET)
</UL>
<P><STRONG><a name="[17]"></a>TIMER1_IRQHandler</STRONG> (Thumb, 0 bytes, Stack size 0 bytes, startup_lpc43xx.o(.text))
<BR>[Address Reference Count : 1]<UL><LI> startup_lpc43xx.o(RESET)
</UL>
<P><STRONG><a name="[18]"></a>TIMER2_IRQHandler</STRONG> (Thumb, 0 bytes, Stack size 0 bytes, startup_lpc43xx.o(.text))
<BR>[Address Reference Count : 1]<UL><LI> startup_lpc43xx.o(RESET)
</UL>
<P><STRONG><a name="[19]"></a>TIMER3_IRQHandler</STRONG> (Thumb, 0 bytes, Stack size 0 bytes, startup_lpc43xx.o(.text))
<BR>[Address Reference Count : 1]<UL><LI> startup_lpc43xx.o(RESET)
</UL>
<P><STRONG><a name="[22]"></a>UART0_IRQHandler</STRONG> (Thumb, 0 bytes, Stack size 0 bytes, startup_lpc43xx.o(.text))
<BR>[Address Reference Count : 1]<UL><LI> startup_lpc43xx.o(RESET)
</UL>
<P><STRONG><a name="[23]"></a>UART1_IRQHandler</STRONG> (Thumb, 0 bytes, Stack size 0 bytes, startup_lpc43xx.o(.text))
<BR>[Address Reference Count : 1]<UL><LI> startup_lpc43xx.o(RESET)
</UL>
<P><STRONG><a name="[24]"></a>UART2_IRQHandler</STRONG> (Thumb, 0 bytes, Stack size 0 bytes, startup_lpc43xx.o(.text))
<BR>[Address Reference Count : 1]<UL><LI> startup_lpc43xx.o(RESET)
</UL>
<P><STRONG><a name="[25]"></a>UART3_IRQHandler</STRONG> (Thumb, 0 bytes, Stack size 0 bytes, startup_lpc43xx.o(.text))
<BR>[Address Reference Count : 1]<UL><LI> startup_lpc43xx.o(RESET)
</UL>
<P><STRONG><a name="[13]"></a>USB1_IRQHandler</STRONG> (Thumb, 0 bytes, Stack size 0 bytes, startup_lpc43xx.o(.text))
<BR>[Address Reference Count : 1]<UL><LI> startup_lpc43xx.o(RESET)
</UL>
<P><STRONG><a name="[36]"></a>VADC_IRQHandler</STRONG> (Thumb, 0 bytes, Stack size 0 bytes, startup_lpc43xx.o(.text))
<BR>[Address Reference Count : 1]<UL><LI> startup_lpc43xx.o(RESET)
</UL>
<P><STRONG><a name="[39]"></a>WDT_IRQHandler</STRONG> (Thumb, 0 bytes, Stack size 0 bytes, startup_lpc43xx.o(.text))
<BR>[Address Reference Count : 1]<UL><LI> startup_lpc43xx.o(RESET)
</UL>
<P><STRONG><a name="[200]"></a>getPC</STRONG> (Thumb, 4 bytes, Stack size 0 bytes, startup_lpc43xx.o(.text))
<BR><BR>[Called By]<UL><LI><a href="#[1ff]">&gt;&gt;</a>&nbsp;&nbsp;&nbsp;SystemInit
</UL>

<P><STRONG><a name="[2da]"></a>arm_fir_decimate_f32</STRONG> (Thumb, 566 bytes, Stack size 48 bytes, arm_fir_decimate_f32.o(.text))
<BR><BR>[Stack]<UL><LI>Max Depth = 48<LI>Call Chain = arm_fir_decimate_f32
</UL>
<BR>[Called By]<UL><LI><a href="#[2d9]">&gt;&gt;</a>&nbsp;&nbsp;&nbsp;filtertest
</UL>

<P><STRONG><a name="[ca]"></a>arm_fir_decimate_init_f32</STRONG> (Thumb, 52 bytes, Stack size 16 bytes, arm_fir_decimate_init_f32.o(.text))
<BR><BR>[Stack]<UL><LI>Max Depth = 16<LI>Call Chain = arm_fir_decimate_init_f32
</UL>
<BR>[Calls]<UL><LI><a href="#[cb]">&gt;&gt;</a>&nbsp;&nbsp;&nbsp;__aeabi_memclr4
</UL>
<BR>[Called By]<UL><LI><a href="#[2db]">&gt;&gt;</a>&nbsp;&nbsp;&nbsp;filtertest_SETUP
</UL>

<P><STRONG><a name="[cc]"></a>__aeabi_uldivmod</STRONG> (Thumb, 98 bytes, Stack size 40 bytes, uldiv.o(.text))
<BR><BR>[Stack]<UL><LI>Max Depth = 40<LI>Call Chain = __aeabi_uldivmod
</UL>
<BR>[Calls]<UL><LI><a href="#[cd]">&gt;&gt;</a>&nbsp;&nbsp;&nbsp;__aeabi_llsr
<LI><a href="#[ce]">&gt;&gt;</a>&nbsp;&nbsp;&nbsp;__aeabi_llsl
</UL>
<BR>[Called By]<UL><LI><a href="#[1ed]">&gt;&gt;</a>&nbsp;&nbsp;&nbsp;SSP_Init
<LI><a href="#[14e]">&gt;&gt;</a>&nbsp;&nbsp;&nbsp;FreeRTOSWaitms
<LI><a href="#[205]">&gt;&gt;</a>&nbsp;&nbsp;&nbsp;converUSecToVal
<LI><a href="#[1f0]">&gt;&gt;</a>&nbsp;&nbsp;&nbsp;Timer_start
<LI><a href="#[233]">&gt;&gt;</a>&nbsp;&nbsp;&nbsp;uart_set_divisors
<LI><a href="#[201]">&gt;&gt;</a>&nbsp;&nbsp;&nbsp;SystemInit_ExtMemCtl
<LI><a href="#[202]">&gt;&gt;</a>&nbsp;&nbsp;&nbsp;WaitUs
<LI><a href="#[a7]">&gt;&gt;</a>&nbsp;&nbsp;&nbsp;prvQueueSensingTask
<LI><a href="#[cf]">&gt;&gt;</a>&nbsp;&nbsp;&nbsp;__aeabi_ldivmod
<LI><a href="#[275]">&gt;&gt;</a>&nbsp;&nbsp;&nbsp;_printf_core
<LI><a href="#[278]">&gt;&gt;</a>&nbsp;&nbsp;&nbsp;_fp_digits
</UL>

<P><STRONG><a name="[cf]"></a>__aeabi_ldivmod</STRONG> (Thumb, 90 bytes, Stack size 24 bytes, ldiv.o(.text))
<BR><BR>[Stack]<UL><LI>Max Depth = 64<LI>Call Chain = __aeabi_ldivmod &rArr; __aeabi_uldivmod
</UL>
<BR>[Calls]<UL><LI><a href="#[cc]">&gt;&gt;</a>&nbsp;&nbsp;&nbsp;__aeabi_uldivmod
</UL>
<BR>[Called By]<UL><LI><a href="#[25e]">&gt;&gt;</a>&nbsp;&nbsp;&nbsp;mean_calculate
<LI><a href="#[459]">&gt;&gt;</a>&nbsp;&nbsp;&nbsp;yaffsfs_DoStat
</UL>

<P><STRONG><a name="[dc]"></a>__aeabi_lasr</STRONG> (Thumb, 36 bytes, Stack size 0 bytes, llsshr.o(.text))
<BR><BR>[Called By]<UL><LI><a href="#[db]">&gt;&gt;</a>&nbsp;&nbsp;&nbsp;__aeabi_dadd
<LI><a href="#[3de]">&gt;&gt;</a>&nbsp;&nbsp;&nbsp;yaffs_addr_to_chunk
</UL>

<P><STRONG><a name="[4d6]"></a>_ll_sshift_r</STRONG> (Thumb, 0 bytes, Stack size 0 bytes, llsshr.o(.text), UNUSED)

<P><STRONG><a name="[d0]"></a>qsort</STRONG> (Thumb, 156 bytes, Stack size 40 bytes, qsort.o(.text))
<BR><BR>[Stack]<UL><LI>Max Depth = 40 + In Cycle
<LI>Call Chain = qsort &rArr;  qsort (Cycle)
</UL>
<BR>[Calls]<UL><LI><a href="#[d0]">&gt;&gt;</a>&nbsp;&nbsp;&nbsp;qsort
</UL>
<BR>[Called By]<UL><LI><a href="#[25d]">&gt;&gt;</a>&nbsp;&nbsp;&nbsp;medium_select
<LI><a href="#[d0]">&gt;&gt;</a>&nbsp;&nbsp;&nbsp;qsort
</UL>

<P><STRONG><a name="[330]"></a>rand</STRONG> (Thumb, 20 bytes, Stack size 0 bytes, rand.o(.text))
<BR><BR>[Called By]<UL><LI><a href="#[151]">&gt;&gt;</a>&nbsp;&nbsp;&nbsp;radio_send
<LI><a href="#[1f6]">&gt;&gt;</a>&nbsp;&nbsp;&nbsp;sendShortSubTask
</UL>

<P><STRONG><a name="[347]"></a>srand</STRONG> (Thumb, 6 bytes, Stack size 0 bytes, rand.o(.text))
<BR><BR>[Called By]<UL><LI><a href="#[344]">&gt;&gt;</a>&nbsp;&nbsp;&nbsp;rf233_generate_random_seed
</UL>

<P><STRONG><a name="[d1]"></a>mktime</STRONG> (Thumb, 142 bytes, Stack size 16 bytes, mktime.o(.text))
<BR><BR>[Stack]<UL><LI>Max Depth = 28<LI>Call Chain = mktime &rArr; _localtime
</UL>
<BR>[Calls]<UL><LI><a href="#[d2]">&gt;&gt;</a>&nbsp;&nbsp;&nbsp;_localtime
</UL>
<BR>[Called By]<UL><LI><a href="#[1b6]">&gt;&gt;</a>&nbsp;&nbsp;&nbsp;RTC_SetAin2
<LI><a href="#[1b5]">&gt;&gt;</a>&nbsp;&nbsp;&nbsp;RTC_SetAin1
<LI><a href="#[2e9]">&gt;&gt;</a>&nbsp;&nbsp;&nbsp;islongsleep
</UL>

<P><STRONG><a name="[150]"></a>__aeabi_memcpy</STRONG> (Thumb, 36 bytes, Stack size 0 bytes, memcpya.o(.text))
<BR><BR>[Called By]<UL><LI><a href="#[13f]">&gt;&gt;</a>&nbsp;&nbsp;&nbsp;RemoteCommand_execute
<LI><a href="#[1a7]">&gt;&gt;</a>&nbsp;&nbsp;&nbsp;PackAndSave
<LI><a href="#[300]">&gt;&gt;</a>&nbsp;&nbsp;&nbsp;unpackSensorData
<LI><a href="#[2e0]">&gt;&gt;</a>&nbsp;&nbsp;&nbsp;packSensorData
<LI><a href="#[14d]">&gt;&gt;</a>&nbsp;&nbsp;&nbsp;UpdateParamMQTT
<LI><a href="#[1ea]">&gt;&gt;</a>&nbsp;&nbsp;&nbsp;SDCard_ReWriteALL
<LI><a href="#[34d]">&gt;&gt;</a>&nbsp;&nbsp;&nbsp;rf233_prepare
<LI><a href="#[311]">&gt;&gt;</a>&nbsp;&nbsp;&nbsp;prvCopyDataToQueue
<LI><a href="#[310]">&gt;&gt;</a>&nbsp;&nbsp;&nbsp;prvCopyDataFromQueue
<LI><a href="#[213]">&gt;&gt;</a>&nbsp;&nbsp;&nbsp;sldiReorder
<LI><a href="#[65]">&gt;&gt;</a>&nbsp;&nbsp;&nbsp;ldcallback_notice
<LI><a href="#[66]">&gt;&gt;</a>&nbsp;&nbsp;&nbsp;ldcallback_data
<LI><a href="#[64]">&gt;&gt;</a>&nbsp;&nbsp;&nbsp;ldcallback_ack
<LI><a href="#[2e2]">&gt;&gt;</a>&nbsp;&nbsp;&nbsp;handleNotice
<LI><a href="#[51]">&gt;&gt;</a>&nbsp;&nbsp;&nbsp;ReliableComm_sendDone
<LI><a href="#[50]">&gt;&gt;</a>&nbsp;&nbsp;&nbsp;ReliableComm_receive
<LI><a href="#[1ce]">&gt;&gt;</a>&nbsp;&nbsp;&nbsp;swapMsgs
<LI><a href="#[1c9]">&gt;&gt;</a>&nbsp;&nbsp;&nbsp;SendSMsg_send
<LI><a href="#[4e]">&gt;&gt;</a>&nbsp;&nbsp;&nbsp;smcallback
<LI><a href="#[1c6]">&gt;&gt;</a>&nbsp;&nbsp;&nbsp;ReliableComm_send
<LI><a href="#[157]">&gt;&gt;</a>&nbsp;&nbsp;&nbsp;GenericComm_send
<LI><a href="#[14f]">&gt;&gt;</a>&nbsp;&nbsp;&nbsp;GenericComm_bcast
<LI><a href="#[151]">&gt;&gt;</a>&nbsp;&nbsp;&nbsp;radio_send
<LI><a href="#[2dd]">&gt;&gt;</a>&nbsp;&nbsp;&nbsp;radio_recv
<LI><a href="#[a7]">&gt;&gt;</a>&nbsp;&nbsp;&nbsp;prvQueueSensingTask
<LI><a href="#[1eb]">&gt;&gt;</a>&nbsp;&nbsp;&nbsp;SDCard_ReWriteCN
<LI><a href="#[1e9]">&gt;&gt;</a>&nbsp;&nbsp;&nbsp;SDCard_ReWrite
<LI><a href="#[1e4]">&gt;&gt;</a>&nbsp;&nbsp;&nbsp;SDCard_Init
<LI><a href="#[219]">&gt;&gt;</a>&nbsp;&nbsp;&nbsp;timeoutResetTask
<LI><a href="#[217]">&gt;&gt;</a>&nbsp;&nbsp;&nbsp;ssmiReorder
<LI><a href="#[6c]">&gt;&gt;</a>&nbsp;&nbsp;&nbsp;smcallback
<LI><a href="#[218]">&gt;&gt;</a>&nbsp;&nbsp;&nbsp;sendDoneTask
<LI><a href="#[337]">&gt;&gt;</a>&nbsp;&nbsp;&nbsp;receivedTask
<LI><a href="#[2e5]">&gt;&gt;</a>&nbsp;&nbsp;&nbsp;handleReceiveCommon
<LI><a href="#[2a1]">&gt;&gt;</a>&nbsp;&nbsp;&nbsp;beginTask
<LI><a href="#[6d]">&gt;&gt;</a>&nbsp;&nbsp;&nbsp;TimerShort_fired
<LI><a href="#[181]">&gt;&gt;</a>&nbsp;&nbsp;&nbsp;MQTTSerialize_publish
<LI><a href="#[189]">&gt;&gt;</a>&nbsp;&nbsp;&nbsp;MQTT_Subscribe
<LI><a href="#[185]">&gt;&gt;</a>&nbsp;&nbsp;&nbsp;MQTT_Connect
<LI><a href="#[f7]">&gt;&gt;</a>&nbsp;&nbsp;&nbsp;checkATmessageReply
<LI><a href="#[141]">&gt;&gt;</a>&nbsp;&nbsp;&nbsp;Voltage_writedata_MQTT
<LI><a href="#[224]">&gt;&gt;</a>&nbsp;&nbsp;&nbsp;writecfg_adxl
<LI><a href="#[13a]">&gt;&gt;</a>&nbsp;&nbsp;&nbsp;TimeSync_msg2dat
<LI><a href="#[20e]">&gt;&gt;</a>&nbsp;&nbsp;&nbsp;TimeSync_dat2msg
<LI><a href="#[395]">&gt;&gt;</a>&nbsp;&nbsp;&nbsp;yaffs2_checkpt_init_chunk_hdr
<LI><a href="#[38d]">&gt;&gt;</a>&nbsp;&nbsp;&nbsp;yaffs2_checkpt_check_chunk_hdr
<LI><a href="#[c1]">&gt;&gt;</a>&nbsp;&nbsp;&nbsp;yaffs_tags_marshall_read
<LI><a href="#[3c2]">&gt;&gt;</a>&nbsp;&nbsp;&nbsp;yaffs_summary_read
<LI><a href="#[4a6]">&gt;&gt;</a>&nbsp;&nbsp;&nbsp;yaffs_summary_write
<LI><a href="#[b4]">&gt;&gt;</a>&nbsp;&nbsp;&nbsp;yaffs_nand_drv_WriteChunk
<LI><a href="#[b5]">&gt;&gt;</a>&nbsp;&nbsp;&nbsp;yaffs_nand_drv_ReadChunk
<LI><a href="#[2fd]">&gt;&gt;</a>&nbsp;&nbsp;&nbsp;nval_set
<LI><a href="#[2f7]">&gt;&gt;</a>&nbsp;&nbsp;&nbsp;nval_del
<LI><a href="#[38a]">&gt;&gt;</a>&nbsp;&nbsp;&nbsp;yaffs_update_oh
<LI><a href="#[43a]">&gt;&gt;</a>&nbsp;&nbsp;&nbsp;yaffs_file_rd
<LI><a href="#[3b1]">&gt;&gt;</a>&nbsp;&nbsp;&nbsp;yaffs_do_file_wr
<LI><a href="#[17f]">&gt;&gt;</a>&nbsp;&nbsp;&nbsp;writeMQTTString
<LI><a href="#[17d]">&gt;&gt;</a>&nbsp;&nbsp;&nbsp;writeCString
</UL>

<P><STRONG><a name="[f9]"></a>__aeabi_memcpy4</STRONG> (Thumb, 0 bytes, Stack size 0 bytes, memcpya.o(.text))
<BR><BR>[Called By]<UL><LI><a href="#[14d]">&gt;&gt;</a>&nbsp;&nbsp;&nbsp;UpdateParamMQTT
<LI><a href="#[251]">&gt;&gt;</a>&nbsp;&nbsp;&nbsp;USB_Init
<LI><a href="#[1b6]">&gt;&gt;</a>&nbsp;&nbsp;&nbsp;RTC_SetAin2
<LI><a href="#[1b5]">&gt;&gt;</a>&nbsp;&nbsp;&nbsp;RTC_SetAin1
<LI><a href="#[1eb]">&gt;&gt;</a>&nbsp;&nbsp;&nbsp;SDCard_ReWriteCN
<LI><a href="#[1e4]">&gt;&gt;</a>&nbsp;&nbsp;&nbsp;SDCard_Init
<LI><a href="#[185]">&gt;&gt;</a>&nbsp;&nbsp;&nbsp;MQTT_Connect
<LI><a href="#[10c]">&gt;&gt;</a>&nbsp;&nbsp;&nbsp;ATTimeGet
<LI><a href="#[f8]">&gt;&gt;</a>&nbsp;&nbsp;&nbsp;ATConnConfig
<LI><a href="#[223]">&gt;&gt;</a>&nbsp;&nbsp;&nbsp;readcfg_adxl
<LI><a href="#[73]">&gt;&gt;</a>&nbsp;&nbsp;&nbsp;syncclockfunc
<LI><a href="#[3bf]">&gt;&gt;</a>&nbsp;&nbsp;&nbsp;yaffs_add_find_tnode_0
<LI><a href="#[3a6]">&gt;&gt;</a>&nbsp;&nbsp;&nbsp;yaffs2_do_endian_tnode_copy
</UL>

<P><STRONG><a name="[4d7]"></a>__aeabi_memcpy8</STRONG> (Thumb, 0 bytes, Stack size 0 bytes, memcpya.o(.text), UNUSED)

<P><STRONG><a name="[d4]"></a>__aeabi_memset</STRONG> (Thumb, 14 bytes, Stack size 0 bytes, memseta.o(.text))
<BR><BR>[Called By]<UL><LI><a href="#[303]">&gt;&gt;</a>&nbsp;&nbsp;&nbsp;prvAllocateTCBAndStack
<LI><a href="#[3ef]">&gt;&gt;</a>&nbsp;&nbsp;&nbsp;yaffs_retire_block
<LI><a href="#[3cd]">&gt;&gt;</a>&nbsp;&nbsp;&nbsp;yaffs2_wr_checkpt_objs
<LI><a href="#[d5]">&gt;&gt;</a>&nbsp;&nbsp;&nbsp;_memset$wrapper
<LI><a href="#[d3]">&gt;&gt;</a>&nbsp;&nbsp;&nbsp;__aeabi_memclr
<LI><a href="#[bd]">&gt;&gt;</a>&nbsp;&nbsp;&nbsp;yaffs_tags_compat_rd
<LI><a href="#[be]">&gt;&gt;</a>&nbsp;&nbsp;&nbsp;yaffs_tags_compat_query_block
<LI><a href="#[bf]">&gt;&gt;</a>&nbsp;&nbsp;&nbsp;yaffs_tags_compat_mark_bad
<LI><a href="#[4a4]">&gt;&gt;</a>&nbsp;&nbsp;&nbsp;yaffs_spare_init
<LI><a href="#[b4]">&gt;&gt;</a>&nbsp;&nbsp;&nbsp;yaffs_nand_drv_WriteChunk
<LI><a href="#[b7]">&gt;&gt;</a>&nbsp;&nbsp;&nbsp;yaffs_nand_drv_MarkBad
<LI><a href="#[38a]">&gt;&gt;</a>&nbsp;&nbsp;&nbsp;yaffs_update_oh
</UL>

<P><STRONG><a name="[4d8]"></a>__aeabi_memset4</STRONG> (Thumb, 0 bytes, Stack size 0 bytes, memseta.o(.text), UNUSED)

<P><STRONG><a name="[4d9]"></a>__aeabi_memset8</STRONG> (Thumb, 0 bytes, Stack size 0 bytes, memseta.o(.text), UNUSED)

<P><STRONG><a name="[d3]"></a>__aeabi_memclr</STRONG> (Thumb, 4 bytes, Stack size 0 bytes, memseta.o(.text))
<BR><BR>[Calls]<UL><LI><a href="#[d4]">&gt;&gt;</a>&nbsp;&nbsp;&nbsp;__aeabi_memset
</UL>
<BR>[Called By]<UL><LI><a href="#[10d]">&gt;&gt;</a>&nbsp;&nbsp;&nbsp;sdcalloc
<LI><a href="#[1d7]">&gt;&gt;</a>&nbsp;&nbsp;&nbsp;RemoteSensing_start
<LI><a href="#[1a7]">&gt;&gt;</a>&nbsp;&nbsp;&nbsp;PackAndSave
<LI><a href="#[222]">&gt;&gt;</a>&nbsp;&nbsp;&nbsp;TrigSenCfgSend
<LI><a href="#[18e]">&gt;&gt;</a>&nbsp;&nbsp;&nbsp;yaffs_get_obj_name
<LI><a href="#[359]">&gt;&gt;</a>&nbsp;&nbsp;&nbsp;sendNoticeEndTask
<LI><a href="#[215]">&gt;&gt;</a>&nbsp;&nbsp;&nbsp;reqMissingDataTask
<LI><a href="#[1f1]">&gt;&gt;</a>&nbsp;&nbsp;&nbsp;nodeInqTask
<LI><a href="#[211]">&gt;&gt;</a>&nbsp;&nbsp;&nbsp;informAckNodeTask
<LI><a href="#[2e2]">&gt;&gt;</a>&nbsp;&nbsp;&nbsp;handleNotice
<LI><a href="#[212]">&gt;&gt;</a>&nbsp;&nbsp;&nbsp;comment3CheckTask
<LI><a href="#[67]">&gt;&gt;</a>&nbsp;&nbsp;&nbsp;TimerNotice_fired
<LI><a href="#[1c9]">&gt;&gt;</a>&nbsp;&nbsp;&nbsp;SendSMsg_send
<LI><a href="#[1c4]">&gt;&gt;</a>&nbsp;&nbsp;&nbsp;SendSMsg_reset
<LI><a href="#[1be]">&gt;&gt;</a>&nbsp;&nbsp;&nbsp;SendSMsg_init
<LI><a href="#[1cb]">&gt;&gt;</a>&nbsp;&nbsp;&nbsp;SendLData_send
<LI><a href="#[1ca]">&gt;&gt;</a>&nbsp;&nbsp;&nbsp;SendLData_bcast
<LI><a href="#[1c6]">&gt;&gt;</a>&nbsp;&nbsp;&nbsp;ReliableComm_send
<LI><a href="#[1bd]">&gt;&gt;</a>&nbsp;&nbsp;&nbsp;ReliableComm_init
<LI><a href="#[4b]">&gt;&gt;</a>&nbsp;&nbsp;&nbsp;SendLData_SLDIReq
<LI><a href="#[219]">&gt;&gt;</a>&nbsp;&nbsp;&nbsp;timeoutResetTask
<LI><a href="#[337]">&gt;&gt;</a>&nbsp;&nbsp;&nbsp;receivedTask
<LI><a href="#[216]">&gt;&gt;</a>&nbsp;&nbsp;&nbsp;nodeInqTask
<LI><a href="#[21a]">&gt;&gt;</a>&nbsp;&nbsp;&nbsp;informAckNodeTask
<LI><a href="#[2e5]">&gt;&gt;</a>&nbsp;&nbsp;&nbsp;handleReceiveCommon
<LI><a href="#[39b]">&gt;&gt;</a>&nbsp;&nbsp;&nbsp;yaffs2_checkpt_open
<LI><a href="#[394]">&gt;&gt;</a>&nbsp;&nbsp;&nbsp;yaffs2_checkpt_flush_buffer
<LI><a href="#[378]">&gt;&gt;</a>&nbsp;&nbsp;&nbsp;yaffs_clear_chunk_bits
<LI><a href="#[42e]">&gt;&gt;</a>&nbsp;&nbsp;&nbsp;yaffs_rd_data_obj
<LI><a href="#[46c]">&gt;&gt;</a>&nbsp;&nbsp;&nbsp;yaffs_init_blocks
<LI><a href="#[47c]">&gt;&gt;</a>&nbsp;&nbsp;&nbsp;yaffsfs_InitHandles
<LI><a href="#[b8]">&gt;&gt;</a>&nbsp;&nbsp;&nbsp;yaffs_nand_drv_CheckBad
<LI><a href="#[3af]">&gt;&gt;</a>&nbsp;&nbsp;&nbsp;yaffs2_handle_hole
<LI><a href="#[2f7]">&gt;&gt;</a>&nbsp;&nbsp;&nbsp;nval_del
<LI><a href="#[38a]">&gt;&gt;</a>&nbsp;&nbsp;&nbsp;yaffs_update_oh
<LI><a href="#[3b2]">&gt;&gt;</a>&nbsp;&nbsp;&nbsp;yaffs_resize_file_down
</UL>

<P><STRONG><a name="[cb]"></a>__aeabi_memclr4</STRONG> (Thumb, 0 bytes, Stack size 0 bytes, memseta.o(.text))
<BR><BR>[Called By]<UL><LI><a href="#[2cd]">&gt;&gt;</a>&nbsp;&nbsp;&nbsp;startDrPreset
<LI><a href="#[229]">&gt;&gt;</a>&nbsp;&nbsp;&nbsp;setupAcquisition
<LI><a href="#[1a8]">&gt;&gt;</a>&nbsp;&nbsp;&nbsp;gettime
<LI><a href="#[1d0]">&gt;&gt;</a>&nbsp;&nbsp;&nbsp;RemoteCommand_init
<LI><a href="#[26d]">&gt;&gt;</a>&nbsp;&nbsp;&nbsp;readidx
<LI><a href="#[1aa]">&gt;&gt;</a>&nbsp;&nbsp;&nbsp;WriteToSD
<LI><a href="#[2c7]">&gt;&gt;</a>&nbsp;&nbsp;&nbsp;sdmmc_acquire
<LI><a href="#[28e]">&gt;&gt;</a>&nbsp;&nbsp;&nbsp;adxl362_FIFOread
<LI><a href="#[14d]">&gt;&gt;</a>&nbsp;&nbsp;&nbsp;UpdateParamMQTT
<LI><a href="#[14b]">&gt;&gt;</a>&nbsp;&nbsp;&nbsp;ManualFTP
<LI><a href="#[272]">&gt;&gt;</a>&nbsp;&nbsp;&nbsp;XnodeCfg_setparams
<LI><a href="#[1d8]">&gt;&gt;</a>&nbsp;&nbsp;&nbsp;RemoteSensing_setparams
<LI><a href="#[26f]">&gt;&gt;</a>&nbsp;&nbsp;&nbsp;xcwritefunc
<LI><a href="#[2de]">&gt;&gt;</a>&nbsp;&nbsp;&nbsp;write_tosend
<LI><a href="#[13d]">&gt;&gt;</a>&nbsp;&nbsp;&nbsp;SyncClock_start
<LI><a href="#[267]">&gt;&gt;</a>&nbsp;&nbsp;&nbsp;VCOM_Init
<LI><a href="#[1ad]">&gt;&gt;</a>&nbsp;&nbsp;&nbsp;RTC_Read
<LI><a href="#[1cb]">&gt;&gt;</a>&nbsp;&nbsp;&nbsp;SendLData_send
<LI><a href="#[1ca]">&gt;&gt;</a>&nbsp;&nbsp;&nbsp;SendLData_bcast
<LI><a href="#[1bd]">&gt;&gt;</a>&nbsp;&nbsp;&nbsp;ReliableComm_init
<LI><a href="#[152]">&gt;&gt;</a>&nbsp;&nbsp;&nbsp;GenericComm_init
<LI><a href="#[a7]">&gt;&gt;</a>&nbsp;&nbsp;&nbsp;prvQueueSensingTask
<LI><a href="#[1eb]">&gt;&gt;</a>&nbsp;&nbsp;&nbsp;SDCard_ReWriteCN
<LI><a href="#[1e4]">&gt;&gt;</a>&nbsp;&nbsp;&nbsp;SDCard_Init
<LI><a href="#[ca]">&gt;&gt;</a>&nbsp;&nbsp;&nbsp;arm_fir_decimate_init_f32
<LI><a href="#[224]">&gt;&gt;</a>&nbsp;&nbsp;&nbsp;writecfg_adxl
<LI><a href="#[31e]">&gt;&gt;</a>&nbsp;&nbsp;&nbsp;readadxl
<LI><a href="#[25c]">&gt;&gt;</a>&nbsp;&nbsp;&nbsp;Update_LocalParameter
<LI><a href="#[73]">&gt;&gt;</a>&nbsp;&nbsp;&nbsp;syncclockfunc
<LI><a href="#[236]">&gt;&gt;</a>&nbsp;&nbsp;&nbsp;USB_Reset
<LI><a href="#[253]">&gt;&gt;</a>&nbsp;&nbsp;&nbsp;USB_ProgDTD
<LI><a href="#[430]">&gt;&gt;</a>&nbsp;&nbsp;&nbsp;yaffs_wr_data_obj
<LI><a href="#[3ef]">&gt;&gt;</a>&nbsp;&nbsp;&nbsp;yaffs_retire_block
<LI><a href="#[46b]">&gt;&gt;</a>&nbsp;&nbsp;&nbsp;yaffs_init_tmp_buffers
<LI><a href="#[46c]">&gt;&gt;</a>&nbsp;&nbsp;&nbsp;yaffs_init_blocks
<LI><a href="#[45e]">&gt;&gt;</a>&nbsp;&nbsp;&nbsp;yaffs_gc_process_chunk
<LI><a href="#[3e2]">&gt;&gt;</a>&nbsp;&nbsp;&nbsp;yaffs_alloc_empty_obj
<LI><a href="#[48a]">&gt;&gt;</a>&nbsp;&nbsp;&nbsp;yaffsfs_opendir_reldir_no_lock
<LI><a href="#[47c]">&gt;&gt;</a>&nbsp;&nbsp;&nbsp;yaffsfs_InitHandles
<LI><a href="#[4a6]">&gt;&gt;</a>&nbsp;&nbsp;&nbsp;yaffs_summary_write
<LI><a href="#[4a7]">&gt;&gt;</a>&nbsp;&nbsp;&nbsp;yaffs_summary_clear
<LI><a href="#[4a8]">&gt;&gt;</a>&nbsp;&nbsp;&nbsp;yaffs_unpack_tags2_tags_only
<LI><a href="#[3a1]">&gt;&gt;</a>&nbsp;&nbsp;&nbsp;yaffs_verify_blocks
<LI><a href="#[38a]">&gt;&gt;</a>&nbsp;&nbsp;&nbsp;yaffs_update_oh
<LI><a href="#[3c7]">&gt;&gt;</a>&nbsp;&nbsp;&nbsp;yaffs_retype_obj
<LI><a href="#[453]">&gt;&gt;</a>&nbsp;&nbsp;&nbsp;yaffs_guts_initialise
<LI><a href="#[3be]">&gt;&gt;</a>&nbsp;&nbsp;&nbsp;yaffs_get_tnode
<LI><a href="#[382]">&gt;&gt;</a>&nbsp;&nbsp;&nbsp;yaffs_chunk_del
</UL>

<P><STRONG><a name="[4da]"></a>__aeabi_memclr8</STRONG> (Thumb, 0 bytes, Stack size 0 bytes, memseta.o(.text), UNUSED)

<P><STRONG><a name="[d5]"></a>_memset$wrapper</STRONG> (Thumb, 18 bytes, Stack size 8 bytes, memseta.o(.text), UNUSED)
<BR><BR>[Calls]<UL><LI><a href="#[d4]">&gt;&gt;</a>&nbsp;&nbsp;&nbsp;__aeabi_memset
</UL>

<P><STRONG><a name="[448]"></a>strcat</STRONG> (Thumb, 24 bytes, Stack size 0 bytes, strcat.o(.text))
<BR><BR>[Called By]<UL><LI><a href="#[447]">&gt;&gt;</a>&nbsp;&nbsp;&nbsp;yaffs_fix_null_name
</UL>

<P><STRONG><a name="[2fe]"></a>strncpy</STRONG> (Thumb, 24 bytes, Stack size 8 bytes, strncpy.o(.text))
<BR><BR>[Stack]<UL><LI>Max Depth = 8<LI>Call Chain = strncpy
</UL>
<BR>[Called By]<UL><LI><a href="#[18e]">&gt;&gt;</a>&nbsp;&nbsp;&nbsp;yaffs_get_obj_name
<LI><a href="#[479]">&gt;&gt;</a>&nbsp;&nbsp;&nbsp;yaffs_load_oh_from_name
<LI><a href="#[467]">&gt;&gt;</a>&nbsp;&nbsp;&nbsp;yaffs_load_name_from_oh
<LI><a href="#[447]">&gt;&gt;</a>&nbsp;&nbsp;&nbsp;yaffs_fix_null_name
<LI><a href="#[48a]">&gt;&gt;</a>&nbsp;&nbsp;&nbsp;yaffsfs_opendir_reldir_no_lock
<LI><a href="#[2fd]">&gt;&gt;</a>&nbsp;&nbsp;&nbsp;nval_set
<LI><a href="#[38a]">&gt;&gt;</a>&nbsp;&nbsp;&nbsp;yaffs_update_oh
<LI><a href="#[387]">&gt;&gt;</a>&nbsp;&nbsp;&nbsp;yaffs_clone_str
</UL>

<P><STRONG><a name="[1e7]"></a>strchr</STRONG> (Thumb, 20 bytes, Stack size 0 bytes, strchr.o(.text))
<BR><BR>[Called By]<UL><LI><a href="#[1d9]">&gt;&gt;</a>&nbsp;&nbsp;&nbsp;doreadcfg
<LI><a href="#[1e4]">&gt;&gt;</a>&nbsp;&nbsp;&nbsp;SDCard_Init
</UL>

<P><STRONG><a name="[102]"></a>strlen</STRONG> (Thumb, 14 bytes, Stack size 0 bytes, strlen.o(.text))
<BR><BR>[Called By]<UL><LI><a href="#[a8]">&gt;&gt;</a>&nbsp;&nbsp;&nbsp;getDatafromSD
<LI><a href="#[149]">&gt;&gt;</a>&nbsp;&nbsp;&nbsp;yaffs_cleanOldFiles
<LI><a href="#[14b]">&gt;&gt;</a>&nbsp;&nbsp;&nbsp;ManualFTP
<LI><a href="#[91]">&gt;&gt;</a>&nbsp;&nbsp;&nbsp;Puts
<LI><a href="#[10b]">&gt;&gt;</a>&nbsp;&nbsp;&nbsp;ATTCPSend
<LI><a href="#[101]">&gt;&gt;</a>&nbsp;&nbsp;&nbsp;ATTCPConnect
<LI><a href="#[17d]">&gt;&gt;</a>&nbsp;&nbsp;&nbsp;writeCString
<LI><a href="#[180]">&gt;&gt;</a>&nbsp;&nbsp;&nbsp;MQTTstrlen
</UL>

<P><STRONG><a name="[43c]"></a>strcmp</STRONG> (Thumb, 28 bytes, Stack size 8 bytes, strcmp.o(.text))
<BR><BR>[Stack]<UL><LI>Max Depth = 8<LI>Call Chain = strcmp
</UL>
<BR>[Called By]<UL><LI><a href="#[488]">&gt;&gt;</a>&nbsp;&nbsp;&nbsp;yaffsfs_FindObject
<LI><a href="#[4c3]">&gt;&gt;</a>&nbsp;&nbsp;&nbsp;yaffsfs_DoFindDirectory
<LI><a href="#[3f4]">&gt;&gt;</a>&nbsp;&nbsp;&nbsp;yaffs_find_by_name
</UL>

<P><STRONG><a name="[1e8]"></a>memcmp</STRONG> (Thumb, 26 bytes, Stack size 12 bytes, memcmp.o(.text))
<BR><BR>[Stack]<UL><LI>Max Depth = 12<LI>Call Chain = memcmp
</UL>
<BR>[Called By]<UL><LI><a href="#[4e]">&gt;&gt;</a>&nbsp;&nbsp;&nbsp;smcallback
<LI><a href="#[1e4]">&gt;&gt;</a>&nbsp;&nbsp;&nbsp;SDCard_Init
<LI><a href="#[4b2]">&gt;&gt;</a>&nbsp;&nbsp;&nbsp;yaffs_verify_chunk_written
<LI><a href="#[bd]">&gt;&gt;</a>&nbsp;&nbsp;&nbsp;yaffs_tags_compat_rd
<LI><a href="#[be]">&gt;&gt;</a>&nbsp;&nbsp;&nbsp;yaffs_tags_compat_query_block
</UL>

<P><STRONG><a name="[188]"></a>strcpy</STRONG> (Thumb, 18 bytes, Stack size 0 bytes, strcpy.o(.text))
<BR><BR>[Called By]<UL><LI><a href="#[a8]">&gt;&gt;</a>&nbsp;&nbsp;&nbsp;getDatafromSD
<LI><a href="#[14b]">&gt;&gt;</a>&nbsp;&nbsp;&nbsp;ManualFTP
<LI><a href="#[18e]">&gt;&gt;</a>&nbsp;&nbsp;&nbsp;yaffs_get_obj_name
<LI><a href="#[189]">&gt;&gt;</a>&nbsp;&nbsp;&nbsp;MQTT_Subscribe
<LI><a href="#[187]">&gt;&gt;</a>&nbsp;&nbsp;&nbsp;MQTT_Publish
<LI><a href="#[447]">&gt;&gt;</a>&nbsp;&nbsp;&nbsp;yaffs_fix_null_name
<LI><a href="#[49e]">&gt;&gt;</a>&nbsp;&nbsp;&nbsp;yaffsfs_alt_dir_path
<LI><a href="#[38a]">&gt;&gt;</a>&nbsp;&nbsp;&nbsp;yaffs_update_oh
<LI><a href="#[3f5]">&gt;&gt;</a>&nbsp;&nbsp;&nbsp;yaffs_set_obj_name
</UL>

<P><STRONG><a name="[2fa]"></a>strncmp</STRONG> (Thumb, 30 bytes, Stack size 12 bytes, strncmp.o(.text))
<BR><BR>[Stack]<UL><LI>Max Depth = 12<LI>Call Chain = strncmp
</UL>
<BR>[Called By]<UL><LI><a href="#[4ae]">&gt;&gt;</a>&nbsp;&nbsp;&nbsp;yaffsfs_DoUnlink_reldir
<LI><a href="#[2f8]">&gt;&gt;</a>&nbsp;&nbsp;&nbsp;nval_find
<LI><a href="#[3f4]">&gt;&gt;</a>&nbsp;&nbsp;&nbsp;yaffs_find_by_name
<LI><a href="#[49c]">&gt;&gt;</a>&nbsp;&nbsp;&nbsp;yaffs_rename_reldir
</UL>

<P><STRONG><a name="[1da]"></a>strtok</STRONG> (Thumb, 62 bytes, Stack size 16 bytes, strtok.o(.text))
<BR><BR>[Stack]<UL><LI>Max Depth = 16<LI>Call Chain = strtok
</UL>
<BR>[Called By]<UL><LI><a href="#[1d9]">&gt;&gt;</a>&nbsp;&nbsp;&nbsp;doreadcfg
<LI><a href="#[1d8]">&gt;&gt;</a>&nbsp;&nbsp;&nbsp;RemoteSensing_setparams
<LI><a href="#[1e4]">&gt;&gt;</a>&nbsp;&nbsp;&nbsp;SDCard_Init
</UL>

<P><STRONG><a name="[d6]"></a>__0sscanf</STRONG> (Thumb, 48 bytes, Stack size 72 bytes, __0sscanf.o(.text))
<BR><BR>[Stack]<UL><LI>Max Depth = 216<LI>Call Chain = __0sscanf &rArr; __vfscanf_char &rArr; __vfscanf &rArr; _scanf_string
</UL>
<BR>[Calls]<UL><LI><a href="#[d7]">&gt;&gt;</a>&nbsp;&nbsp;&nbsp;__vfscanf_char
</UL>
<BR>[Called By]<UL><LI><a href="#[26d]">&gt;&gt;</a>&nbsp;&nbsp;&nbsp;readidx
<LI><a href="#[1d9]">&gt;&gt;</a>&nbsp;&nbsp;&nbsp;doreadcfg
<LI><a href="#[1de]">&gt;&gt;</a>&nbsp;&nbsp;&nbsp;RemoteSensing_writedata
<LI><a href="#[14c]">&gt;&gt;</a>&nbsp;&nbsp;&nbsp;RetrieveData_menu
<LI><a href="#[272]">&gt;&gt;</a>&nbsp;&nbsp;&nbsp;XnodeCfg_setparams
<LI><a href="#[271]">&gt;&gt;</a>&nbsp;&nbsp;&nbsp;XnodeCfgSend_init
<LI><a href="#[1d8]">&gt;&gt;</a>&nbsp;&nbsp;&nbsp;RemoteSensing_setparams
<LI><a href="#[1e4]">&gt;&gt;</a>&nbsp;&nbsp;&nbsp;SDCard_Init
<LI><a href="#[10a]">&gt;&gt;</a>&nbsp;&nbsp;&nbsp;ATTCPReceive
<LI><a href="#[224]">&gt;&gt;</a>&nbsp;&nbsp;&nbsp;writecfg_adxl
</UL>

<P><STRONG><a name="[d8]"></a>_scanf_longlong</STRONG> (Thumb, 342 bytes, Stack size 56 bytes, _scanf_longlong.o(.text))
<BR><BR>[Stack]<UL><LI>Max Depth = 56<LI>Call Chain = _scanf_longlong
</UL>
<BR>[Calls]<UL><LI><a href="#[d9]">&gt;&gt;</a>&nbsp;&nbsp;&nbsp;_chval
</UL>
<BR>[Called By]<UL><LI><a href="#[ed]">&gt;&gt;</a>&nbsp;&nbsp;&nbsp;__vfscanf
</UL>

<P><STRONG><a name="[da]"></a>_scanf_int</STRONG> (Thumb, 336 bytes, Stack size 56 bytes, _scanf_int.o(.text))
<BR><BR>[Stack]<UL><LI>Max Depth = 56<LI>Call Chain = _scanf_int
</UL>
<BR>[Calls]<UL><LI><a href="#[d9]">&gt;&gt;</a>&nbsp;&nbsp;&nbsp;_chval
</UL>
<BR>[Called By]<UL><LI><a href="#[ed]">&gt;&gt;</a>&nbsp;&nbsp;&nbsp;__vfscanf
</UL>

<P><STRONG><a name="[f0]"></a>_scanf_string</STRONG> (Thumb, 218 bytes, Stack size 56 bytes, _scanf_str.o(.text))
<BR><BR>[Stack]<UL><LI>Max Depth = 56<LI>Call Chain = _scanf_string
</UL>
<BR>[Called By]<UL><LI><a href="#[ed]">&gt;&gt;</a>&nbsp;&nbsp;&nbsp;__vfscanf
</UL>

<P><STRONG><a name="[db]"></a>__aeabi_dadd</STRONG> (Thumb, 322 bytes, Stack size 48 bytes, dadd.o(.text))
<BR><BR>[Stack]<UL><LI>Max Depth = 88<LI>Call Chain = __aeabi_dadd &rArr; _double_epilogue &rArr; _double_round
</UL>
<BR>[Calls]<UL><LI><a href="#[dc]">&gt;&gt;</a>&nbsp;&nbsp;&nbsp;__aeabi_lasr
<LI><a href="#[ce]">&gt;&gt;</a>&nbsp;&nbsp;&nbsp;__aeabi_llsl
<LI><a href="#[de]">&gt;&gt;</a>&nbsp;&nbsp;&nbsp;_double_round
<LI><a href="#[dd]">&gt;&gt;</a>&nbsp;&nbsp;&nbsp;_double_epilogue
</UL>
<BR>[Called By]<UL><LI><a href="#[15d]">&gt;&gt;</a>&nbsp;&nbsp;&nbsp;GlobalTime_get64
<LI><a href="#[1d7]">&gt;&gt;</a>&nbsp;&nbsp;&nbsp;RemoteSensing_start
<LI><a href="#[a7]">&gt;&gt;</a>&nbsp;&nbsp;&nbsp;prvQueueSensingTask
<LI><a href="#[df]">&gt;&gt;</a>&nbsp;&nbsp;&nbsp;__aeabi_dsub
<LI><a href="#[e0]">&gt;&gt;</a>&nbsp;&nbsp;&nbsp;__aeabi_drsub
<LI><a href="#[31e]">&gt;&gt;</a>&nbsp;&nbsp;&nbsp;readadxl
<LI><a href="#[278]">&gt;&gt;</a>&nbsp;&nbsp;&nbsp;_fp_digits
</UL>

<P><STRONG><a name="[df]"></a>__aeabi_dsub</STRONG> (Thumb, 6 bytes, Stack size 0 bytes, dadd.o(.text))
<BR><BR>[Stack]<UL><LI>Max Depth = 88<LI>Call Chain = __aeabi_dsub &rArr; __aeabi_dadd &rArr; _double_epilogue &rArr; _double_round
</UL>
<BR>[Calls]<UL><LI><a href="#[db]">&gt;&gt;</a>&nbsp;&nbsp;&nbsp;__aeabi_dadd
</UL>
<BR>[Called By]<UL><LI><a href="#[a7]">&gt;&gt;</a>&nbsp;&nbsp;&nbsp;prvQueueSensingTask
<LI><a href="#[31e]">&gt;&gt;</a>&nbsp;&nbsp;&nbsp;readadxl
</UL>

<P><STRONG><a name="[e0]"></a>__aeabi_drsub</STRONG> (Thumb, 6 bytes, Stack size 0 bytes, dadd.o(.text), UNUSED)
<BR><BR>[Calls]<UL><LI><a href="#[db]">&gt;&gt;</a>&nbsp;&nbsp;&nbsp;__aeabi_dadd
</UL>

<P><STRONG><a name="[e1]"></a>__aeabi_dmul</STRONG> (Thumb, 228 bytes, Stack size 48 bytes, dmul.o(.text))
<BR><BR>[Stack]<UL><LI>Max Depth = 88<LI>Call Chain = __aeabi_dmul &rArr; _double_epilogue &rArr; _double_round
</UL>
<BR>[Calls]<UL><LI><a href="#[dd]">&gt;&gt;</a>&nbsp;&nbsp;&nbsp;_double_epilogue
</UL>
<BR>[Called By]<UL><LI><a href="#[a7]">&gt;&gt;</a>&nbsp;&nbsp;&nbsp;prvQueueSensingTask
<LI><a href="#[135]">&gt;&gt;</a>&nbsp;&nbsp;&nbsp;Compute_parameter
<LI><a href="#[278]">&gt;&gt;</a>&nbsp;&nbsp;&nbsp;_fp_digits
</UL>

<P><STRONG><a name="[e2]"></a>__aeabi_ddiv</STRONG> (Thumb, 222 bytes, Stack size 32 bytes, ddiv.o(.text))
<BR><BR>[Stack]<UL><LI>Max Depth = 40<LI>Call Chain = __aeabi_ddiv &rArr; _double_round
</UL>
<BR>[Calls]<UL><LI><a href="#[de]">&gt;&gt;</a>&nbsp;&nbsp;&nbsp;_double_round
</UL>
<BR>[Called By]<UL><LI><a href="#[15d]">&gt;&gt;</a>&nbsp;&nbsp;&nbsp;GlobalTime_get64
<LI><a href="#[31e]">&gt;&gt;</a>&nbsp;&nbsp;&nbsp;readadxl
<LI><a href="#[135]">&gt;&gt;</a>&nbsp;&nbsp;&nbsp;Compute_parameter
<LI><a href="#[278]">&gt;&gt;</a>&nbsp;&nbsp;&nbsp;_fp_digits
</UL>

<P><STRONG><a name="[e3]"></a>__aeabi_i2d</STRONG> (Thumb, 34 bytes, Stack size 16 bytes, dflti.o(.text))
<BR><BR>[Stack]<UL><LI>Max Depth = 56<LI>Call Chain = __aeabi_i2d &rArr; _double_epilogue &rArr; _double_round
</UL>
<BR>[Calls]<UL><LI><a href="#[dd]">&gt;&gt;</a>&nbsp;&nbsp;&nbsp;_double_epilogue
</UL>
<BR>[Called By]<UL><LI><a href="#[a7]">&gt;&gt;</a>&nbsp;&nbsp;&nbsp;prvQueueSensingTask
<LI><a href="#[31e]">&gt;&gt;</a>&nbsp;&nbsp;&nbsp;readadxl
</UL>

<P><STRONG><a name="[e4]"></a>__aeabi_ui2d</STRONG> (Thumb, 26 bytes, Stack size 16 bytes, dfltui.o(.text))
<BR><BR>[Stack]<UL><LI>Max Depth = 56<LI>Call Chain = __aeabi_ui2d &rArr; _double_epilogue &rArr; _double_round
</UL>
<BR>[Calls]<UL><LI><a href="#[dd]">&gt;&gt;</a>&nbsp;&nbsp;&nbsp;_double_epilogue
</UL>
<BR>[Called By]<UL><LI><a href="#[a7]">&gt;&gt;</a>&nbsp;&nbsp;&nbsp;prvQueueSensingTask
</UL>

<P><STRONG><a name="[e5]"></a>__aeabi_l2d</STRONG> (Thumb, 40 bytes, Stack size 24 bytes, dfltl.o(.text))
<BR><BR>[Stack]<UL><LI>Max Depth = 64<LI>Call Chain = __aeabi_l2d &rArr; _double_epilogue &rArr; _double_round
</UL>
<BR>[Calls]<UL><LI><a href="#[dd]">&gt;&gt;</a>&nbsp;&nbsp;&nbsp;_double_epilogue
</UL>
<BR>[Called By]<UL><LI><a href="#[15d]">&gt;&gt;</a>&nbsp;&nbsp;&nbsp;GlobalTime_get64
<LI><a href="#[135]">&gt;&gt;</a>&nbsp;&nbsp;&nbsp;Compute_parameter
</UL>

<P><STRONG><a name="[e6]"></a>__aeabi_ul2d</STRONG> (Thumb, 24 bytes, Stack size 16 bytes, dfltul.o(.text))
<BR><BR>[Stack]<UL><LI>Max Depth = 56<LI>Call Chain = __aeabi_ul2d &rArr; _double_epilogue &rArr; _double_round
</UL>
<BR>[Calls]<UL><LI><a href="#[dd]">&gt;&gt;</a>&nbsp;&nbsp;&nbsp;_double_epilogue
</UL>
<BR>[Called By]<UL><LI><a href="#[1d7]">&gt;&gt;</a>&nbsp;&nbsp;&nbsp;RemoteSensing_start
<LI><a href="#[a7]">&gt;&gt;</a>&nbsp;&nbsp;&nbsp;prvQueueSensingTask
</UL>

<P><STRONG><a name="[e7]"></a>__aeabi_d2iz</STRONG> (Thumb, 62 bytes, Stack size 16 bytes, dfixi.o(.text))
<BR><BR>[Stack]<UL><LI>Max Depth = 16<LI>Call Chain = __aeabi_d2iz
</UL>
<BR>[Calls]<UL><LI><a href="#[cd]">&gt;&gt;</a>&nbsp;&nbsp;&nbsp;__aeabi_llsr
</UL>
<BR>[Called By]<UL><LI><a href="#[31e]">&gt;&gt;</a>&nbsp;&nbsp;&nbsp;readadxl
</UL>

<P><STRONG><a name="[e8]"></a>__aeabi_d2lz</STRONG> (Thumb, 74 bytes, Stack size 16 bytes, dfixl.o(.text))
<BR><BR>[Stack]<UL><LI>Max Depth = 16<LI>Call Chain = __aeabi_d2lz
</UL>
<BR>[Calls]<UL><LI><a href="#[cd]">&gt;&gt;</a>&nbsp;&nbsp;&nbsp;__aeabi_llsr
<LI><a href="#[ce]">&gt;&gt;</a>&nbsp;&nbsp;&nbsp;__aeabi_llsl
</UL>
<BR>[Called By]<UL><LI><a href="#[15d]">&gt;&gt;</a>&nbsp;&nbsp;&nbsp;GlobalTime_get64
<LI><a href="#[135]">&gt;&gt;</a>&nbsp;&nbsp;&nbsp;Compute_parameter
</UL>

<P><STRONG><a name="[e9]"></a>__aeabi_d2ulz</STRONG> (Thumb, 48 bytes, Stack size 0 bytes, dfixul.o(.text))
<BR><BR>[Calls]<UL><LI><a href="#[cd]">&gt;&gt;</a>&nbsp;&nbsp;&nbsp;__aeabi_llsr
<LI><a href="#[ce]">&gt;&gt;</a>&nbsp;&nbsp;&nbsp;__aeabi_llsl
</UL>
<BR>[Called By]<UL><LI><a href="#[1d7]">&gt;&gt;</a>&nbsp;&nbsp;&nbsp;RemoteSensing_start
<LI><a href="#[a7]">&gt;&gt;</a>&nbsp;&nbsp;&nbsp;prvQueueSensingTask
<LI><a href="#[278]">&gt;&gt;</a>&nbsp;&nbsp;&nbsp;_fp_digits
</UL>

<P><STRONG><a name="[2ff]"></a>__aeabi_f2d</STRONG> (Thumb, 38 bytes, Stack size 0 bytes, f2d.o(.text))
<BR><BR>[Called By]<UL><LI><a href="#[a1]">&gt;&gt;</a>&nbsp;&nbsp;&nbsp;processdatatask
<LI><a href="#[1dd]">&gt;&gt;</a>&nbsp;&nbsp;&nbsp;print_vcinfo
<LI><a href="#[a7]">&gt;&gt;</a>&nbsp;&nbsp;&nbsp;prvQueueSensingTask
<LI><a href="#[7d]">&gt;&gt;</a>&nbsp;&nbsp;&nbsp;voltexec
</UL>

<P><STRONG><a name="[ea]"></a>__aeabi_d2f</STRONG> (Thumb, 56 bytes, Stack size 8 bytes, d2f.o(.text))
<BR><BR>[Stack]<UL><LI>Max Depth = 8<LI>Call Chain = __aeabi_d2f
</UL>
<BR>[Calls]<UL><LI><a href="#[eb]">&gt;&gt;</a>&nbsp;&nbsp;&nbsp;_float_round
</UL>
<BR>[Called By]<UL><LI><a href="#[a7]">&gt;&gt;</a>&nbsp;&nbsp;&nbsp;prvQueueSensingTask
</UL>

<P><STRONG><a name="[4db]"></a>__aeabi_uidiv</STRONG> (Thumb, 0 bytes, Stack size 12 bytes, uidiv.o(.text), UNUSED)

<P><STRONG><a name="[27c]"></a>__aeabi_uidivmod</STRONG> (Thumb, 44 bytes, Stack size 12 bytes, uidiv.o(.text), UNUSED)
<BR><BR>[Called By]<UL><LI><a href="#[275]">&gt;&gt;</a>&nbsp;&nbsp;&nbsp;_printf_core
</UL>

<P><STRONG><a name="[ce]"></a>__aeabi_llsl</STRONG> (Thumb, 30 bytes, Stack size 0 bytes, llshl.o(.text))
<BR><BR>[Called By]<UL><LI><a href="#[db]">&gt;&gt;</a>&nbsp;&nbsp;&nbsp;__aeabi_dadd
<LI><a href="#[e9]">&gt;&gt;</a>&nbsp;&nbsp;&nbsp;__aeabi_d2ulz
<LI><a href="#[e8]">&gt;&gt;</a>&nbsp;&nbsp;&nbsp;__aeabi_d2lz
<LI><a href="#[cc]">&gt;&gt;</a>&nbsp;&nbsp;&nbsp;__aeabi_uldivmod
<LI><a href="#[dd]">&gt;&gt;</a>&nbsp;&nbsp;&nbsp;_double_epilogue
</UL>

<P><STRONG><a name="[4dc]"></a>_ll_shift_l</STRONG> (Thumb, 0 bytes, Stack size 0 bytes, llshl.o(.text), UNUSED)

<P><STRONG><a name="[cd]"></a>__aeabi_llsr</STRONG> (Thumb, 32 bytes, Stack size 0 bytes, llushr.o(.text))
<BR><BR>[Called By]<UL><LI><a href="#[e9]">&gt;&gt;</a>&nbsp;&nbsp;&nbsp;__aeabi_d2ulz
<LI><a href="#[e7]">&gt;&gt;</a>&nbsp;&nbsp;&nbsp;__aeabi_d2iz
<LI><a href="#[e8]">&gt;&gt;</a>&nbsp;&nbsp;&nbsp;__aeabi_d2lz
<LI><a href="#[cc]">&gt;&gt;</a>&nbsp;&nbsp;&nbsp;__aeabi_uldivmod
<LI><a href="#[dd]">&gt;&gt;</a>&nbsp;&nbsp;&nbsp;_double_epilogue
</UL>

<P><STRONG><a name="[4dd]"></a>_ll_ushift_r</STRONG> (Thumb, 0 bytes, Stack size 0 bytes, llushr.o(.text), UNUSED)

<P><STRONG><a name="[ec]"></a>localtime</STRONG> (Thumb, 6 bytes, Stack size 0 bytes, localtime_w.o(.text))
<BR><BR>[Stack]<UL><LI>Max Depth = 12<LI>Call Chain = localtime &rArr; _localtime
</UL>
<BR>[Calls]<UL><LI><a href="#[d2]">&gt;&gt;</a>&nbsp;&nbsp;&nbsp;_localtime
</UL>
<BR>[Called By]<UL><LI><a href="#[1b6]">&gt;&gt;</a>&nbsp;&nbsp;&nbsp;RTC_SetAin2
<LI><a href="#[1b5]">&gt;&gt;</a>&nbsp;&nbsp;&nbsp;RTC_SetAin1
</UL>

<P><STRONG><a name="[d2]"></a>_localtime</STRONG> (Thumb, 122 bytes, Stack size 12 bytes, localtime_i.o(.text))
<BR><BR>[Stack]<UL><LI>Max Depth = 12<LI>Call Chain = _localtime
</UL>
<BR>[Called By]<UL><LI><a href="#[d1]">&gt;&gt;</a>&nbsp;&nbsp;&nbsp;mktime
<LI><a href="#[ec]">&gt;&gt;</a>&nbsp;&nbsp;&nbsp;localtime
</UL>

<P><STRONG><a name="[d9]"></a>_chval</STRONG> (Thumb, 28 bytes, Stack size 0 bytes, _chval.o(.text))
<BR><BR>[Called By]<UL><LI><a href="#[da]">&gt;&gt;</a>&nbsp;&nbsp;&nbsp;_scanf_int
<LI><a href="#[d8]">&gt;&gt;</a>&nbsp;&nbsp;&nbsp;_scanf_longlong
</UL>

<P><STRONG><a name="[d7]"></a>__vfscanf_char</STRONG> (Thumb, 20 bytes, Stack size 0 bytes, scanf_char.o(.text))
<BR><BR>[Stack]<UL><LI>Max Depth = 144<LI>Call Chain = __vfscanf_char &rArr; __vfscanf &rArr; _scanf_string
</UL>
<BR>[Calls]<UL><LI><a href="#[ed]">&gt;&gt;</a>&nbsp;&nbsp;&nbsp;__vfscanf
</UL>
<BR>[Called By]<UL><LI><a href="#[d6]">&gt;&gt;</a>&nbsp;&nbsp;&nbsp;__0sscanf
</UL>

<P><STRONG><a name="[3f]"></a>_sgetc</STRONG> (Thumb, 30 bytes, Stack size 0 bytes, _sgetc.o(.text))
<BR>[Address Reference Count : 1]<UL><LI> __0sscanf.o(.text)
</UL>
<P><STRONG><a name="[40]"></a>_sbackspace</STRONG> (Thumb, 34 bytes, Stack size 0 bytes, _sgetc.o(.text))
<BR>[Address Reference Count : 1]<UL><LI> __0sscanf.o(.text)
</UL>
<P><STRONG><a name="[4de]"></a>__I$use$fp</STRONG> (Thumb, 0 bytes, Stack size 0 bytes, iusefp.o(.text), UNUSED)

<P><STRONG><a name="[eb]"></a>_float_round</STRONG> (Thumb, 18 bytes, Stack size 0 bytes, fepilogue.o(.text))
<BR><BR>[Called By]<UL><LI><a href="#[ea]">&gt;&gt;</a>&nbsp;&nbsp;&nbsp;__aeabi_d2f
</UL>

<P><STRONG><a name="[4df]"></a>_float_epilogue</STRONG> (Thumb, 90 bytes, Stack size 4 bytes, fepilogue.o(.text), UNUSED)

<P><STRONG><a name="[de]"></a>_double_round</STRONG> (Thumb, 26 bytes, Stack size 8 bytes, depilogue.o(.text))
<BR><BR>[Stack]<UL><LI>Max Depth = 8<LI>Call Chain = _double_round
</UL>
<BR>[Called By]<UL><LI><a href="#[db]">&gt;&gt;</a>&nbsp;&nbsp;&nbsp;__aeabi_dadd
<LI><a href="#[e2]">&gt;&gt;</a>&nbsp;&nbsp;&nbsp;__aeabi_ddiv
<LI><a href="#[dd]">&gt;&gt;</a>&nbsp;&nbsp;&nbsp;_double_epilogue
</UL>

<P><STRONG><a name="[dd]"></a>_double_epilogue</STRONG> (Thumb, 164 bytes, Stack size 32 bytes, depilogue.o(.text))
<BR><BR>[Stack]<UL><LI>Max Depth = 40<LI>Call Chain = _double_epilogue &rArr; _double_round
</UL>
<BR>[Calls]<UL><LI><a href="#[cd]">&gt;&gt;</a>&nbsp;&nbsp;&nbsp;__aeabi_llsr
<LI><a href="#[ce]">&gt;&gt;</a>&nbsp;&nbsp;&nbsp;__aeabi_llsl
<LI><a href="#[de]">&gt;&gt;</a>&nbsp;&nbsp;&nbsp;_double_round
</UL>
<BR>[Called By]<UL><LI><a href="#[e6]">&gt;&gt;</a>&nbsp;&nbsp;&nbsp;__aeabi_ul2d
<LI><a href="#[db]">&gt;&gt;</a>&nbsp;&nbsp;&nbsp;__aeabi_dadd
<LI><a href="#[e5]">&gt;&gt;</a>&nbsp;&nbsp;&nbsp;__aeabi_l2d
<LI><a href="#[e3]">&gt;&gt;</a>&nbsp;&nbsp;&nbsp;__aeabi_i2d
<LI><a href="#[e1]">&gt;&gt;</a>&nbsp;&nbsp;&nbsp;__aeabi_dmul
<LI><a href="#[e4]">&gt;&gt;</a>&nbsp;&nbsp;&nbsp;__aeabi_ui2d
</UL>

<P><STRONG><a name="[279]"></a>__aeabi_cdrcmple</STRONG> (Thumb, 38 bytes, Stack size 0 bytes, cdrcmple.o(.text), UNUSED)
<BR><BR>[Called By]<UL><LI><a href="#[278]">&gt;&gt;</a>&nbsp;&nbsp;&nbsp;_fp_digits
</UL>

<P><STRONG><a name="[c5]"></a>__scatterload</STRONG> (Thumb, 28 bytes, Stack size 0 bytes, init.o(.text))
<BR><BR>[Calls]<UL><LI><a href="#[ee]">&gt;&gt;</a>&nbsp;&nbsp;&nbsp;__main_after_scatterload
</UL>
<BR>[Called By]<UL><LI><a href="#[c4]">&gt;&gt;</a>&nbsp;&nbsp;&nbsp;_main_scatterload
</UL>

<P><STRONG><a name="[4e0]"></a>__scatterload_rt2</STRONG> (Thumb, 0 bytes, Stack size 0 bytes, init.o(.text), UNUSED)

<P><STRONG><a name="[42]"></a>isspace</STRONG> (Thumb, 10 bytes, Stack size 0 bytes, isspace_c.o(.text))
<BR><BR>[Calls]<UL><LI><a href="#[ef]">&gt;&gt;</a>&nbsp;&nbsp;&nbsp;__ctype_lookup
</UL>
<BR>[Address Reference Count : 1]<UL><LI> scanf_char.o(.text)
</UL>
<P><STRONG><a name="[ed]"></a>__vfscanf</STRONG> (Thumb, 806 bytes, Stack size 88 bytes, _scanf.o(.text))
<BR><BR>[Stack]<UL><LI>Max Depth = 144<LI>Call Chain = __vfscanf &rArr; _scanf_string
</UL>
[...]
<LI><a href="#[4ae]">&gt;&gt;</a>&nbsp;&nbsp;&nbsp;yaffsfs_DoUnlink_reldir
<LI><a href="#[49c]">&gt;&gt;</a>&nbsp;&nbsp;&nbsp;yaffs_rename_reldir
<LI><a href="#[486]">&gt;&gt;</a>&nbsp;&nbsp;&nbsp;yaffs_open_sharing_reldir
</UL>

<P><STRONG><a name="[4c4]"></a>yaffsfs_FindRoot</STRONG> (Thumb, 52 bytes, Stack size 16 bytes, yaffsfs.o(i.yaffsfs_FindRoot))
<BR><BR>[Stack]<UL><LI>Max Depth = 472<LI>Call Chain = yaffsfs_FindRoot &rArr; yaffsfs_FindDevice &rArr; die &rArr; NodeReset &rArr; SnoozeAlarm_Sleep &rArr; RTC_SetAin1 &rArr; gettime &rArr; rtc_read &rArr; I2C_MasterTransferData &rArr; I2C_IntCmd
</UL>
<BR>[Calls]<UL><LI><a href="#[18a]">&gt;&gt;</a>&nbsp;&nbsp;&nbsp;sdmalloc
<LI><a href="#[105]">&gt;&gt;</a>&nbsp;&nbsp;&nbsp;die
<LI><a href="#[18d]">&gt;&gt;</a>&nbsp;&nbsp;&nbsp;yaffsfs_FindDevice
</UL>
<BR>[Called By]<UL><LI><a href="#[4c3]">&gt;&gt;</a>&nbsp;&nbsp;&nbsp;yaffsfs_DoFindDirectory
</UL>

<P><STRONG><a name="[489]"></a>yaffsfs_FollowLink</STRONG> (Thumb, 92 bytes, Stack size 32 bytes, yaffsfs.o(i.yaffsfs_FollowLink))
<BR><BR>[Stack]<UL><LI>Max Depth = 1376<LI>Call Chain = yaffsfs_FollowLink &rArr; yaffsfs_FindObject &rArr; yaffsfs_FindDirectory &rArr; yaffsfs_DoFindDirectory &rArr;  yaffsfs_FollowLink (Cycle)
</UL>
<BR>[Calls]<UL><LI><a href="#[4c0]">&gt;&gt;</a>&nbsp;&nbsp;&nbsp;yaffsfs_IsPathDivider
<LI><a href="#[488]">&gt;&gt;</a>&nbsp;&nbsp;&nbsp;yaffsfs_FindObject
<LI><a href="#[465]">&gt;&gt;</a>&nbsp;&nbsp;&nbsp;yaffs_get_equivalent_obj
</UL>
<BR>[Called By]<UL><LI><a href="#[48a]">&gt;&gt;</a>&nbsp;&nbsp;&nbsp;yaffsfs_opendir_reldir_no_lock
<LI><a href="#[4c3]">&gt;&gt;</a>&nbsp;&nbsp;&nbsp;yaffsfs_DoFindDirectory
<LI><a href="#[486]">&gt;&gt;</a>&nbsp;&nbsp;&nbsp;yaffs_open_sharing_reldir
</UL>

<P><STRONG><a name="[4c8]"></a>yaffsfs_GetHandle</STRONG> (Thumb, 40 bytes, Stack size 16 bytes, yaffsfs.o(i.yaffsfs_GetHandle))
<BR><BR>[Stack]<UL><LI>Max Depth = 16<LI>Call Chain = yaffsfs_GetHandle
</UL>
<BR>[Calls]<UL><LI><a href="#[409]">&gt;&gt;</a>&nbsp;&nbsp;&nbsp;yaffsfs_HandleToPointer
</UL>
<BR>[Called By]<UL><LI><a href="#[4bd]">&gt;&gt;</a>&nbsp;&nbsp;&nbsp;yaffsfs_do_write
<LI><a href="#[49b]">&gt;&gt;</a>&nbsp;&nbsp;&nbsp;yaffsfs_do_read
</UL>

<P><STRONG><a name="[48d]"></a>yaffsfs_GetInodeIdForObject</STRONG> (Thumb, 84 bytes, Stack size 24 bytes, yaffsfs.o(i.yaffsfs_GetInodeIdForObject))
<BR><BR>[Stack]<UL><LI>Max Depth = 680<LI>Call Chain = yaffsfs_GetInodeIdForObject &rArr; yaffsfs_FindInodeIdForObject &rArr; yaffs_get_equivalent_obj &rArr; yaffs_check_obj_details_loaded &rArr; yaffs_rd_chunk_tags_nand &rArr; yaffs_bug_fn &rArr; die &rArr; NodeReset &rArr; SnoozeAlarm_Sleep &rArr; RTC_SetAin1 &rArr; gettime &rArr; rtc_read &rArr; I2C_MasterTransferData &rArr; I2C_IntCmd
</UL>
<BR>[Calls]<UL><LI><a href="#[4c7]">&gt;&gt;</a>&nbsp;&nbsp;&nbsp;yaffsfs_FindInodeIdForObject
<LI><a href="#[465]">&gt;&gt;</a>&nbsp;&nbsp;&nbsp;yaffs_get_equivalent_obj
</UL>
<BR>[Called By]<UL><LI><a href="#[486]">&gt;&gt;</a>&nbsp;&nbsp;&nbsp;yaffs_open_sharing_reldir
</UL>

<P><STRONG><a name="[40a]"></a>yaffsfs_HandleToFileDes</STRONG> (Thumb, 54 bytes, Stack size 16 bytes, yaffsfs.o(i.yaffsfs_HandleToFileDes))
<BR><BR>[Stack]<UL><LI>Max Depth = 16<LI>Call Chain = yaffsfs_HandleToFileDes
</UL>
<BR>[Calls]<UL><LI><a href="#[409]">&gt;&gt;</a>&nbsp;&nbsp;&nbsp;yaffsfs_HandleToPointer
</UL>
<BR>[Called By]<UL><LI><a href="#[193]">&gt;&gt;</a>&nbsp;&nbsp;&nbsp;yaffs_close
<LI><a href="#[4bd]">&gt;&gt;</a>&nbsp;&nbsp;&nbsp;yaffsfs_do_write
<LI><a href="#[49b]">&gt;&gt;</a>&nbsp;&nbsp;&nbsp;yaffsfs_do_read
<LI><a href="#[4c9]">&gt;&gt;</a>&nbsp;&nbsp;&nbsp;yaffsfs_HandleToInode
<LI><a href="#[451]">&gt;&gt;</a>&nbsp;&nbsp;&nbsp;yaffsfs_BreakDeviceHandles
<LI><a href="#[486]">&gt;&gt;</a>&nbsp;&nbsp;&nbsp;yaffs_open_sharing_reldir
</UL>

<P><STRONG><a name="[4c9]"></a>yaffsfs_HandleToInode</STRONG> (Thumb, 62 bytes, Stack size 16 bytes, yaffsfs.o(i.yaffsfs_HandleToInode))
<BR><BR>[Stack]<UL><LI>Max Depth = 32<LI>Call Chain = yaffsfs_HandleToInode &rArr; yaffsfs_HandleToFileDes
</UL>
<BR>[Calls]<UL><LI><a href="#[40a]">&gt;&gt;</a>&nbsp;&nbsp;&nbsp;yaffsfs_HandleToFileDes
</UL>
<BR>[Called By]<UL><LI><a href="#[3d3]">&gt;&gt;</a>&nbsp;&nbsp;&nbsp;yaffsfs_HandleToObject
</UL>

<P><STRONG><a name="[3d3]"></a>yaffsfs_HandleToObject</STRONG> (Thumb, 22 bytes, Stack size 16 bytes, yaffsfs.o(i.yaffsfs_HandleToObject))
<BR><BR>[Stack]<UL><LI>Max Depth = 48<LI>Call Chain = yaffsfs_HandleToObject &rArr; yaffsfs_HandleToInode &rArr; yaffsfs_HandleToFileDes
</UL>
<BR>[Calls]<UL><LI><a href="#[4c9]">&gt;&gt;</a>&nbsp;&nbsp;&nbsp;yaffsfs_HandleToInode
</UL>
<BR>[Called By]<UL><LI><a href="#[193]">&gt;&gt;</a>&nbsp;&nbsp;&nbsp;yaffs_close
<LI><a href="#[190]">&gt;&gt;</a>&nbsp;&nbsp;&nbsp;yaffs_fstat
<LI><a href="#[4bd]">&gt;&gt;</a>&nbsp;&nbsp;&nbsp;yaffsfs_do_write
<LI><a href="#[49b]">&gt;&gt;</a>&nbsp;&nbsp;&nbsp;yaffsfs_do_read
<LI><a href="#[450]">&gt;&gt;</a>&nbsp;&nbsp;&nbsp;yaffsfs_IsDevBusy
<LI><a href="#[451]">&gt;&gt;</a>&nbsp;&nbsp;&nbsp;yaffsfs_BreakDeviceHandles
<LI><a href="#[3d1]">&gt;&gt;</a>&nbsp;&nbsp;&nbsp;yaffs_Dofsync
</UL>

<P><STRONG><a name="[409]"></a>yaffsfs_HandleToPointer</STRONG> (Thumb, 22 bytes, Stack size 0 bytes, yaffsfs.o(i.yaffsfs_HandleToPointer))
<BR><BR>[Called By]<UL><LI><a href="#[193]">&gt;&gt;</a>&nbsp;&nbsp;&nbsp;yaffs_close
<LI><a href="#[40b]">&gt;&gt;</a>&nbsp;&nbsp;&nbsp;yaffsfs_PutHandle
<LI><a href="#[40a]">&gt;&gt;</a>&nbsp;&nbsp;&nbsp;yaffsfs_HandleToFileDes
<LI><a href="#[4c8]">&gt;&gt;</a>&nbsp;&nbsp;&nbsp;yaffsfs_GetHandle
<LI><a href="#[451]">&gt;&gt;</a>&nbsp;&nbsp;&nbsp;yaffsfs_BreakDeviceHandles
</UL>

<P><STRONG><a name="[47c]"></a>yaffsfs_InitHandles</STRONG> (Thumb, 114 bytes, Stack size 8 bytes, yaffsfs.o(i.yaffsfs_InitHandles))
<BR><BR>[Stack]<UL><LI>Max Depth = 8<LI>Call Chain = yaffsfs_InitHandles
</UL>
<BR>[Calls]<UL><LI><a href="#[cb]">&gt;&gt;</a>&nbsp;&nbsp;&nbsp;__aeabi_memclr4
<LI><a href="#[d3]">&gt;&gt;</a>&nbsp;&nbsp;&nbsp;__aeabi_memclr
</UL>
<BR>[Called By]<UL><LI><a href="#[47b]">&gt;&gt;</a>&nbsp;&nbsp;&nbsp;yaffs_mount_common
</UL>

<P><STRONG><a name="[450]"></a>yaffsfs_IsDevBusy</STRONG> (Thumb, 38 bytes, Stack size 16 bytes, yaffsfs.o(i.yaffsfs_IsDevBusy))
<BR><BR>[Stack]<UL><LI>Max Depth = 64<LI>Call Chain = yaffsfs_IsDevBusy &rArr; yaffsfs_HandleToObject &rArr; yaffsfs_HandleToInode &rArr; yaffsfs_HandleToFileDes
</UL>
<BR>[Calls]<UL><LI><a href="#[3d3]">&gt;&gt;</a>&nbsp;&nbsp;&nbsp;yaffsfs_HandleToObject
</UL>
<BR>[Called By]<UL><LI><a href="#[44d]">&gt;&gt;</a>&nbsp;&nbsp;&nbsp;yaffs_format_common
</UL>

<P><STRONG><a name="[4c0]"></a>yaffsfs_IsPathDivider</STRONG> (Thumb, 28 bytes, Stack size 0 bytes, yaffsfs.o(i.yaffsfs_IsPathDivider))
<BR><BR>[Called By]<UL><LI><a href="#[18d]">&gt;&gt;</a>&nbsp;&nbsp;&nbsp;yaffsfs_FindDevice
<LI><a href="#[49e]">&gt;&gt;</a>&nbsp;&nbsp;&nbsp;yaffsfs_alt_dir_path
<LI><a href="#[489]">&gt;&gt;</a>&nbsp;&nbsp;&nbsp;yaffsfs_FollowLink
<LI><a href="#[4c3]">&gt;&gt;</a>&nbsp;&nbsp;&nbsp;yaffsfs_DoFindDirectory
<LI><a href="#[44e]">&gt;&gt;</a>&nbsp;&nbsp;&nbsp;yaffsfs_CheckPath
</UL>

<P><STRONG><a name="[4c6]"></a>yaffsfs_Match</STRONG> (Thumb, 14 bytes, Stack size 0 bytes, yaffsfs.o(i.yaffsfs_Match))
<BR><BR>[Called By]<UL><LI><a href="#[18d]">&gt;&gt;</a>&nbsp;&nbsp;&nbsp;yaffsfs_FindDevice
</UL>

<P><STRONG><a name="[4ca]"></a>yaffsfs_NewHandle</STRONG> (Thumb, 52 bytes, Stack size 0 bytes, yaffsfs.o(i.yaffsfs_NewHandle))
<BR><BR>[Called By]<UL><LI><a href="#[487]">&gt;&gt;</a>&nbsp;&nbsp;&nbsp;yaffsfs_NewHandleAndFileDes
</UL>

<P><STRONG><a name="[487]"></a>yaffsfs_NewHandleAndFileDes</STRONG> (Thumb, 100 bytes, Stack size 24 bytes, yaffsfs.o(i.yaffsfs_NewHandleAndFileDes))
<BR><BR>[Stack]<UL><LI>Max Depth = 24<LI>Call Chain = yaffsfs_NewHandleAndFileDes
</UL>
<BR>[Calls]<UL><LI><a href="#[4ca]">&gt;&gt;</a>&nbsp;&nbsp;&nbsp;yaffsfs_NewHandle
</UL>
<BR>[Called By]<UL><LI><a href="#[486]">&gt;&gt;</a>&nbsp;&nbsp;&nbsp;yaffs_open_sharing_reldir
</UL>

<P><STRONG><a name="[4cb]"></a>yaffsfs_PutFileDes</STRONG> (Thumb, 98 bytes, Stack size 16 bytes, yaffsfs.o(i.yaffsfs_PutFileDes))
<BR><BR>[Stack]<UL><LI>Max Depth = 1928<LI>Call Chain = yaffsfs_PutFileDes &rArr; yaffsfs_PutInode &rArr; yaffsfs_ReleaseInode &rArr; yaffs_del_obj &rArr; yaffs_del_file &rArr; yaffs_unlink_file_if_needed &rArr; yaffs_resize_file &rArr; yaffs2_handle_hole &rArr; yaffs_update_oh &rArr; yaffs_check_gc &rArr; yaffs_gc_block &rArr;  yaffs_generic_obj_del (Cycle)
</UL>
<BR>[Calls]<UL><LI><a href="#[48e]">&gt;&gt;</a>&nbsp;&nbsp;&nbsp;yaffsfs_closedir_no_lock
<LI><a href="#[4bf]">&gt;&gt;</a>&nbsp;&nbsp;&nbsp;yaffsfs_PutInode
</UL>
<BR>[Called By]<UL><LI><a href="#[40b]">&gt;&gt;</a>&nbsp;&nbsp;&nbsp;yaffsfs_PutHandle
</UL>

<P><STRONG><a name="[40b]"></a>yaffsfs_PutHandle</STRONG> (Thumb, 56 bytes, Stack size 16 bytes, yaffsfs.o(i.yaffsfs_PutHandle))
<BR><BR>[Stack]<UL><LI>Max Depth = 1944<LI>Call Chain = yaffsfs_PutHandle &rArr; yaffsfs_PutFileDes &rArr; yaffsfs_PutInode &rArr; yaffsfs_ReleaseInode &rArr; yaffs_del_obj &rArr; yaffs_del_file &rArr; yaffs_unlink_file_if_needed &rArr; yaffs_resize_file &rArr; yaffs2_handle_hole &rArr; yaffs_update_oh &rArr; yaffs_check_gc &rArr; yaffs_gc_block &rArr;  yaffs_generic_obj_del (Cycle)
</UL>
<BR>[Calls]<UL><LI><a href="#[4cb]">&gt;&gt;</a>&nbsp;&nbsp;&nbsp;yaffsfs_PutFileDes
<LI><a href="#[409]">&gt;&gt;</a>&nbsp;&nbsp;&nbsp;yaffsfs_HandleToPointer
</UL>
<BR>[Called By]<UL><LI><a href="#[193]">&gt;&gt;</a>&nbsp;&nbsp;&nbsp;yaffs_close
<LI><a href="#[4bd]">&gt;&gt;</a>&nbsp;&nbsp;&nbsp;yaffsfs_do_write
<LI><a href="#[49b]">&gt;&gt;</a>&nbsp;&nbsp;&nbsp;yaffsfs_do_read
<LI><a href="#[486]">&gt;&gt;</a>&nbsp;&nbsp;&nbsp;yaffs_open_sharing_reldir
</UL>

<P><STRONG><a name="[4bf]"></a>yaffsfs_PutInode</STRONG> (Thumb, 44 bytes, Stack size 16 bytes, yaffsfs.o(i.yaffsfs_PutInode))
<BR><BR>[Stack]<UL><LI>Max Depth = 1912<LI>Call Chain = yaffsfs_PutInode &rArr; yaffsfs_ReleaseInode &rArr; yaffs_del_obj &rArr; yaffs_del_file &rArr; yaffs_unlink_file_if_needed &rArr; yaffs_resize_file &rArr; yaffs2_handle_hole &rArr; yaffs_update_oh &rArr; yaffs_check_gc &rArr; yaffs_gc_block &rArr;  yaffs_generic_obj_del (Cycle)
</UL>
<BR>[Calls]<UL><LI><a href="#[4cc]">&gt;&gt;</a>&nbsp;&nbsp;&nbsp;yaffsfs_ReleaseInode
</UL>
<BR>[Called By]<UL><LI><a href="#[4cb]">&gt;&gt;</a>&nbsp;&nbsp;&nbsp;yaffsfs_PutFileDes
<LI><a href="#[451]">&gt;&gt;</a>&nbsp;&nbsp;&nbsp;yaffsfs_BreakDeviceHandles
</UL>

<P><STRONG><a name="[4cc]"></a>yaffsfs_ReleaseInode</STRONG> (Thumb, 28 bytes, Stack size 16 bytes, yaffsfs.o(i.yaffsfs_ReleaseInode))
<BR><BR>[Stack]<UL><LI>Max Depth = 1896<LI>Call Chain = yaffsfs_ReleaseInode &rArr; yaffs_del_obj &rArr; yaffs_del_file &rArr; yaffs_unlink_file_if_needed &rArr; yaffs_resize_file &rArr; yaffs2_handle_hole &rArr; yaffs_update_oh &rArr; yaffs_check_gc &rArr; yaffs_gc_block &rArr;  yaffs_generic_obj_del (Cycle)
</UL>
<BR>[Calls]<UL><LI><a href="#[380]">&gt;&gt;</a>&nbsp;&nbsp;&nbsp;yaffs_del_obj
</UL>
<BR>[Called By]<UL><LI><a href="#[4bf]">&gt;&gt;</a>&nbsp;&nbsp;&nbsp;yaffsfs_PutInode
</UL>

<P><STRONG><a name="[b3]"></a>yaffsfs_RemoveObjectCallback</STRONG> (Thumb, 50 bytes, Stack size 16 bytes, yaffsfs.o(i.yaffsfs_RemoveObjectCallback))
<BR><BR>[Stack]<UL><LI>Max Depth = 24<LI>Call Chain = yaffsfs_RemoveObjectCallback &rArr; yaffsfs_DirAdvance
</UL>
<BR>[Calls]<UL><LI><a href="#[4c1]">&gt;&gt;</a>&nbsp;&nbsp;&nbsp;yaffsfs_DirAdvance
</UL>
<BR>[Address Reference Count : 1]<UL><LI> yaffsfs.o(i.yaffs_add_device)
</UL>
<P><STRONG><a name="[4cd]"></a>yaffsfs_SetDirRewound</STRONG> (Thumb, 70 bytes, Stack size 8 bytes, yaffsfs.o(i.yaffsfs_SetDirRewound))
<BR><BR>[Stack]<UL><LI>Max Depth = 8<LI>Call Chain = yaffsfs_SetDirRewound
</UL>
<BR>[Calls]<UL><LI><a href="#[4c2]">&gt;&gt;</a>&nbsp;&nbsp;&nbsp;list_empty
</UL>
<BR>[Called By]<UL><LI><a href="#[48a]">&gt;&gt;</a>&nbsp;&nbsp;&nbsp;yaffsfs_opendir_reldir_no_lock
</UL>

<P><STRONG><a name="[48c]"></a>yaffsfs_TooManyObjects</STRONG> (Thumb, 32 bytes, Stack size 0 bytes, yaffsfs.o(i.yaffsfs_TooManyObjects))
<BR><BR>[Called By]<UL><LI><a href="#[486]">&gt;&gt;</a>&nbsp;&nbsp;&nbsp;yaffs_open_sharing_reldir
</UL>

<P><STRONG><a name="[49e]"></a>yaffsfs_alt_dir_path</STRONG> (Thumb, 100 bytes, Stack size 24 bytes, yaffsfs.o(i.yaffsfs_alt_dir_path))
<BR><BR>[Stack]<UL><LI>Max Depth = 136<LI>Call Chain = yaffsfs_alt_dir_path &rArr; yaffsfs_malloc &rArr; sdcalloc &rArr; sdmalloc &rArr;  die (Cycle)
</UL>
<BR>[Calls]<UL><LI><a href="#[1e5]">&gt;&gt;</a>&nbsp;&nbsp;&nbsp;strnlen
<LI><a href="#[381]">&gt;&gt;</a>&nbsp;&nbsp;&nbsp;yaffsfs_malloc
<LI><a href="#[4c0]">&gt;&gt;</a>&nbsp;&nbsp;&nbsp;yaffsfs_IsPathDivider
<LI><a href="#[188]">&gt;&gt;</a>&nbsp;&nbsp;&nbsp;strcpy
</UL>
<BR>[Called By]<UL><LI><a href="#[49c]">&gt;&gt;</a>&nbsp;&nbsp;&nbsp;yaffs_rename_reldir
</UL>

<P><STRONG><a name="[48e]"></a>yaffsfs_closedir_no_lock</STRONG> (Thumb, 60 bytes, Stack size 16 bytes, yaffsfs.o(i.yaffsfs_closedir_no_lock))
<BR><BR>[Stack]<UL><LI>Max Depth = 24<LI>Call Chain = yaffsfs_closedir_no_lock &rArr; yaffsfs_SetError
</UL>
<BR>[Calls]<UL><LI><a href="#[4cf]">&gt;&gt;</a>&nbsp;&nbsp;&nbsp;list_del
<LI><a href="#[3d4]">&gt;&gt;</a>&nbsp;&nbsp;&nbsp;yaffsfs_SetError
<LI><a href="#[458]">&gt;&gt;</a>&nbsp;&nbsp;&nbsp;yaffsfs_CheckMemRegion
</UL>
<BR>[Called By]<UL><LI><a href="#[4cb]">&gt;&gt;</a>&nbsp;&nbsp;&nbsp;yaffsfs_PutFileDes
<LI><a href="#[486]">&gt;&gt;</a>&nbsp;&nbsp;&nbsp;yaffs_open_sharing_reldir
</UL>

<P><STRONG><a name="[49b]"></a>yaffsfs_do_read</STRONG> (Thumb, 496 bytes, Stack size 88 bytes, yaffsfs.o(i.yaffsfs_do_read))
<BR><BR>[Stack]<UL><LI>Max Depth = 2032<LI>Call Chain = yaffsfs_do_read &rArr; yaffsfs_PutHandle &rArr; yaffsfs_PutFileDes &rArr; yaffsfs_PutInode &rArr; yaffsfs_ReleaseInode &rArr; yaffs_del_obj &rArr; yaffs_del_file &rArr; yaffs_unlink_file_if_needed &rArr; yaffs_resize_file &rArr; yaffs2_handle_hole &rArr; yaffs_update_oh &rArr; yaffs_check_gc &rArr; yaffs_gc_block &rArr;  yaffs_generic_obj_del (Cycle)
</UL>
<BR>[Calls]<UL><LI><a href="#[f6]">&gt;&gt;</a>&nbsp;&nbsp;&nbsp;TIM_Waitms
<LI><a href="#[40b]">&gt;&gt;</a>&nbsp;&nbsp;&nbsp;yaffsfs_PutHandle
<LI><a href="#[3d3]">&gt;&gt;</a>&nbsp;&nbsp;&nbsp;yaffsfs_HandleToObject
<LI><a href="#[40a]">&gt;&gt;</a>&nbsp;&nbsp;&nbsp;yaffsfs_HandleToFileDes
<LI><a href="#[4c8]">&gt;&gt;</a>&nbsp;&nbsp;&nbsp;yaffsfs_GetHandle
<LI><a href="#[3d6]">&gt;&gt;</a>&nbsp;&nbsp;&nbsp;yaffsfs_Unlock
<LI><a href="#[3d4]">&gt;&gt;</a>&nbsp;&nbsp;&nbsp;yaffsfs_SetError
<LI><a href="#[3d2]">&gt;&gt;</a>&nbsp;&nbsp;&nbsp;yaffsfs_Lock
<LI><a href="#[458]">&gt;&gt;</a>&nbsp;&nbsp;&nbsp;yaffsfs_CheckMemRegion
<LI><a href="#[466]">&gt;&gt;</a>&nbsp;&nbsp;&nbsp;yaffs_get_obj_length
<LI><a href="#[43a]">&gt;&gt;</a>&nbsp;&nbsp;&nbsp;yaffs_file_rd
</UL>
<BR>[Called By]<UL><LI><a href="#[191]">&gt;&gt;</a>&nbsp;&nbsp;&nbsp;yaffs_read
</UL>

<P><STRONG><a name="[4bd]"></a>yaffsfs_do_write</STRONG> (Thumb, 498 bytes, Stack size 88 bytes, yaffsfs.o(i.yaffsfs_do_write))
<BR><BR>[Stack]<UL><LI>Max Depth = 2032<LI>Call Chain = yaffsfs_do_write &rArr; yaffsfs_PutHandle &rArr; yaffsfs_PutFileDes &rArr; yaffsfs_PutInode &rArr; yaffsfs_ReleaseInode &rArr; yaffs_del_obj &rArr; yaffs_del_file &rArr; yaffs_unlink_file_if_needed &rArr; yaffs_resize_file &rArr; yaffs2_handle_hole &rArr; yaffs_update_oh &rArr; yaffs_check_gc &rArr; yaffs_gc_block &rArr;  yaffs_generic_obj_del (Cycle)
</UL>
<BR>[Calls]<UL><LI><a href="#[40b]">&gt;&gt;</a>&nbsp;&nbsp;&nbsp;yaffsfs_PutHandle
<LI><a href="#[3d3]">&gt;&gt;</a>&nbsp;&nbsp;&nbsp;yaffsfs_HandleToObject
<LI><a href="#[40a]">&gt;&gt;</a>&nbsp;&nbsp;&nbsp;yaffsfs_HandleToFileDes
<LI><a href="#[4c8]">&gt;&gt;</a>&nbsp;&nbsp;&nbsp;yaffsfs_GetHandle
<LI><a href="#[3d6]">&gt;&gt;</a>&nbsp;&nbsp;&nbsp;yaffsfs_Unlock
<LI><a href="#[3d4]">&gt;&gt;</a>&nbsp;&nbsp;&nbsp;yaffsfs_SetError
<LI><a href="#[3d2]">&gt;&gt;</a>&nbsp;&nbsp;&nbsp;yaffsfs_Lock
<LI><a href="#[458]">&gt;&gt;</a>&nbsp;&nbsp;&nbsp;yaffsfs_CheckMemRegion
<LI><a href="#[4bc]">&gt;&gt;</a>&nbsp;&nbsp;&nbsp;yaffs_wr_file
<LI><a href="#[466]">&gt;&gt;</a>&nbsp;&nbsp;&nbsp;yaffs_get_obj_length
</UL>
<BR>[Called By]<UL><LI><a href="#[26c]">&gt;&gt;</a>&nbsp;&nbsp;&nbsp;yaffs_write
</UL>

<P><STRONG><a name="[48a]"></a>yaffsfs_opendir_reldir_no_lock</STRONG> (Thumb, 326 bytes, Stack size 48 bytes, yaffsfs.o(i.yaffsfs_opendir_reldir_no_lock))
<BR><BR>[Stack]<UL><LI>Max Depth = 1424<LI>Call Chain = yaffsfs_opendir_reldir_no_lock &rArr; yaffsfs_FollowLink &rArr; yaffsfs_FindObject &rArr; yaffsfs_FindDirectory &rArr; yaffsfs_DoFindDirectory &rArr;  yaffsfs_FollowLink (Cycle)
</UL>
<BR>[Calls]<UL><LI><a href="#[4cd]">&gt;&gt;</a>&nbsp;&nbsp;&nbsp;yaffsfs_SetDirRewound
<LI><a href="#[489]">&gt;&gt;</a>&nbsp;&nbsp;&nbsp;yaffsfs_FollowLink
<LI><a href="#[488]">&gt;&gt;</a>&nbsp;&nbsp;&nbsp;yaffsfs_FindObject
<LI><a href="#[44e]">&gt;&gt;</a>&nbsp;&nbsp;&nbsp;yaffsfs_CheckPath
<LI><a href="#[3d8]">&gt;&gt;</a>&nbsp;&nbsp;&nbsp;list_add
<LI><a href="#[2fe]">&gt;&gt;</a>&nbsp;&nbsp;&nbsp;strncpy
<LI><a href="#[cb]">&gt;&gt;</a>&nbsp;&nbsp;&nbsp;__aeabi_memclr4
<LI><a href="#[3d4]">&gt;&gt;</a>&nbsp;&nbsp;&nbsp;yaffsfs_SetError
<LI><a href="#[458]">&gt;&gt;</a>&nbsp;&nbsp;&nbsp;yaffsfs_CheckMemRegion
</UL>
<BR>[Called By]<UL><LI><a href="#[486]">&gt;&gt;</a>&nbsp;&nbsp;&nbsp;yaffs_open_sharing_reldir
</UL>

<P><STRONG><a name="[278]"></a>_fp_digits</STRONG> (Thumb, 326 bytes, Stack size 56 bytes, printfa.o(i._fp_digits), UNUSED)
<BR><BR>[Calls]<UL><LI><a href="#[db]">&gt;&gt;</a>&nbsp;&nbsp;&nbsp;__aeabi_dadd
<LI><a href="#[e9]">&gt;&gt;</a>&nbsp;&nbsp;&nbsp;__aeabi_d2ulz
<LI><a href="#[e1]">&gt;&gt;</a>&nbsp;&nbsp;&nbsp;__aeabi_dmul
<LI><a href="#[e2]">&gt;&gt;</a>&nbsp;&nbsp;&nbsp;__aeabi_ddiv
<LI><a href="#[cc]">&gt;&gt;</a>&nbsp;&nbsp;&nbsp;__aeabi_uldivmod
<LI><a href="#[279]">&gt;&gt;</a>&nbsp;&nbsp;&nbsp;__aeabi_cdrcmple
</UL>
<BR>[Called By]<UL><LI><a href="#[275]">&gt;&gt;</a>&nbsp;&nbsp;&nbsp;_printf_core
</UL>

<P><STRONG><a name="[275]"></a>_printf_core</STRONG> (Thumb, 1762 bytes, Stack size 136 bytes, printfa.o(i._printf_core), UNUSED)
<BR><BR>[Calls]<UL><LI><a href="#[cc]">&gt;&gt;</a>&nbsp;&nbsp;&nbsp;__aeabi_uldivmod
<LI><a href="#[27c]">&gt;&gt;</a>&nbsp;&nbsp;&nbsp;__aeabi_uidivmod
<LI><a href="#[27a]">&gt;&gt;</a>&nbsp;&nbsp;&nbsp;_printf_pre_padding
<LI><a href="#[27b]">&gt;&gt;</a>&nbsp;&nbsp;&nbsp;_printf_post_padding
<LI><a href="#[278]">&gt;&gt;</a>&nbsp;&nbsp;&nbsp;_fp_digits
</UL>
<BR>[Called By]<UL><LI><a href="#[277]">&gt;&gt;</a>&nbsp;&nbsp;&nbsp;__0vsnprintf
<LI><a href="#[276]">&gt;&gt;</a>&nbsp;&nbsp;&nbsp;__0sprintf
<LI><a href="#[274]">&gt;&gt;</a>&nbsp;&nbsp;&nbsp;__0snprintf
</UL>

<P><STRONG><a name="[27b]"></a>_printf_post_padding</STRONG> (Thumb, 38 bytes, Stack size 24 bytes, printfa.o(i._printf_post_padding), UNUSED)
<BR><BR>[Called By]<UL><LI><a href="#[275]">&gt;&gt;</a>&nbsp;&nbsp;&nbsp;_printf_core
</UL>

<P><STRONG><a name="[27a]"></a>_printf_pre_padding</STRONG> (Thumb, 48 bytes, Stack size 24 bytes, printfa.o(i._printf_pre_padding), UNUSED)
<BR><BR>[Called By]<UL><LI><a href="#[275]">&gt;&gt;</a>&nbsp;&nbsp;&nbsp;_printf_core
</UL>

<P><STRONG><a name="[8e]"></a>_snputc</STRONG> (Thumb, 22 bytes, Stack size 0 bytes, printfa.o(i._snputc))
<BR>[Address Reference Count : 2]<UL><LI> printfa.o(i.__0snprintf)
<LI> printfa.o(i.__0vsnprintf)
</UL>
<P><STRONG><a name="[8f]"></a>_sputc</STRONG> (Thumb, 10 bytes, Stack size 0 bytes, printfa.o(i._sputc))
<BR><BR>[Called By]<UL><LI><a href="#[276]">&gt;&gt;</a>&nbsp;&nbsp;&nbsp;__0sprintf
</UL>
<BR>[Address Reference Count : 1]<UL><LI> printfa.o(i.__0sprintf)
</UL>
<P><STRONG><a name="[41]"></a>_scanf_char_input</STRONG> (Thumb, 12 bytes, Stack size 0 bytes, scanf_char.o(.text))
<BR>[Address Reference Count : 1]<UL><LI> scanf_char.o(.text)
</UL><P>
<H3>
Undefined Global Symbols
</H3><HR></body></html>
