<html>
<body>
<pre>
<h1>µVision Build Log</h1>
<h2>Project:</h2>
E:\Xnode_Dev\Xnode_Development\XN_LTTest\Xnode-Base\project\Xnode.uvproj
Project File Date:  11/22/2023

<h2>Output:</h2>
Rebuild target 'Internal Flash'
compiling app.c...
compiling app_gateway.c...
compiling app_indicator.c...
compiling app_sensor.c...
compiling AutoMonitor.c...
compiling RemoteSensing.c...
compiling RetrieveData.c...
compiling Settings.c...
compiling ads131.c...
compiling adxl362.c...
compiling fs_sdio.c...
compiling led.c...
compiling nandflash_k9f1g08u0a.c...
compiling pmic.c...
compiling rf233.c...
compiling rf233-arch.c...
compiling rtc.c...
compiling spi.c...
compiling trx_access.c...
compiling vcom.c...
compiling ccsbcs.c...
compiling ff.c...
compiling syscall.c...
compiling event_groups.c...
compiling heap_3.c...
compiling list.c...
compiling port.c...
compiling queue.c...
compiling tasks.c...
compiling timers.c...
compiling debug_frmwrk.c...
compiling lpc43xx_atimer.c...
compiling lpc43xx_cgu.c...
compiling lpc43xx_evrt.c...
compiling lpc43xx_gpio.c...
compiling lpc43xx_i2c.c...
compiling lpc43xx_pwr.c...
compiling lpc43xx_rit.c...
compiling lpc43xx_rtc.c...
compiling lpc43xx_scu.c...
compiling lpc43xx_sdif.c...
compiling lpc43xx_sdmmc.c...
compiling lpc43xx_ssp.c...
compiling lpc43xx_timer.c...
compiling lpc43xx_wwdt.c...
compiling system_LPC43xx.c...
assembling startup_LPC43xx.s...
compiling lz4.c...
compiling Radio.c...
compiling GenericComm.c...
compiling ReliableComm.c...
compiling RemoteCommand.c...
compiling SendLData.c...
compiling SendSMsg.c...
compiling filter.c...
compiling filter_o.c...
compiling NodeReset.c...
compiling ResampleUSF.c...
compiling sdcard.c...
compiling sdmalloc.c...
compiling Sensing.c...
compiling SnoozeAlarm.c...
compiling TriggerSensing.c...
compiling xnode.c...
compiling Utils.c...
compiling GlobalTime.c...
compiling LocalTime.c...
compiling SysTime.c...
compiling timesync.c...
compiling cdcuser.c...
compiling usbcore.c...
compiling usbdesc.c...
compiling usbhw.c...
compiling usbuser.c...
compiling nanddrv.c...
compiling yaffs_allocator.c...
compiling yaffs_attribs.c...
compiling yaffs_bitmap.c...
compiling yaffs_checkptrw.c...
compiling yaffs_ecc.c...
compiling yaffs_endian.c...
compiling yaffs_error.c...
compiling yaffs_guts.c...
compiling yaffs_hweight.c...
compiling yaffs_nameval.c...
compiling yaffs_nand.c...
compiling yaffs_nand_drv.c...
compiling yaffs_osglue.c...
compiling yaffs_packedtags1.c...
compiling yaffs_packedtags2.c...
compiling yaffs_qsort.c...
compiling yaffs_summary.c...
compiling yaffs_tagscompat.c...
compiling yaffs_tagsmarshall.c...
compiling yaffs_verify.c...
compiling yaffs_yaffs1.c...
compiling yaffs_yaffs2.c...
compiling yaffscfg2k.c...
compiling yaffsfs.c...
linking...
Program Size: Code=165524 RO-data=9604 RW-data=1276 ZI-data=31468  
After Build - User command #1: D:\Keil4\/ARM/BIN/ElfDwT.exe ..\build\Xnode.axf BASEADDRESS(0x1A000000)
ELFDWT - Signature Creator V1.1
COPYRIGHT Keil - An ARM Company, Copyright (C) 2012
*** Updated Signature over Range[32] (0x1A000000 - 0x1A000018): @0x1A00001C = 0x53FFC62A
*** Processing completed, no Errors.
After Build - User command #2: fromelf --bin -o "..\build\Xnode.bin" "..\build\Xnode.axf"
"..\build\Xnode.axf" - 0 Error(s), 0 Warning(s).
Load "..\\build\\Xnode.axf" 
Set JLink Project File to "E:\Xnode_Dev\Xnode_Development\XN_LTTest\Xnode-Base\project\JLinkSettings.ini"
* JLink Info: Device "LPC4357_M4" selected.
 
JLink info:
------------
DLL: V7.88h, compiled Jun 16 2023 09:16:36
Firmware: J-Link V9 compiled May  7 2021 16:26:12
Hardware: V9.60
S/N : 69669772 
Feature(s) : RDI, GDB, FlashDL, FlashBP, JFlash 
 
* JLink Info: Found SW-DP with ID 0x2BA01477
* JLink Info: DPIDR: 0x2BA01477
* JLink Info: CoreSight SoC-400 or earlier
* JLink Info: Scanning AP map to find all available APs
* JLink Info: AP[1]: Stopped AP scan as end of AP map has been reached
* JLink Info: AP[0]: AHB-AP (IDR: 0x24770011)
* JLink Info: Iterating through AP map to find AHB-AP to use
* JLink Info: AP[0]: Core found
* JLink Info: AP[0]: AHB-AP ROM base: 0xE00FF000
* JLink Info: CPUID register: 0x410FC241. Implementer code: 0x41 (ARM)
* JLink Info: Found Cortex-M4 r0p1, Little endian.
* JLink Info: FPUnit: 6 code (BP) slots and 2 literal slots
* JLink Info: CoreSight components:
* JLink Info: ROMTbl[0] @ E00FF000
* JLink Info: [0][0]: E000E000 CID B105E00D PID 000BB00C SCS-M7
* JLink Info: [0][1]: E0001000 CID B105E00D PID 003BB002 DWT
* JLink Info: [0][2]: E0002000 CID B105E00D PID 002BB003 FPB
* JLink Info: [0][3]: E0000000 CID B105E00D PID 003BB001 ITM
* JLink Info: [0][4]: E0040000 CID B105900D PID 000BB9A1 TPIU
* JLink Info: [0][5]: E0041000 CID B105900D PID 000BB925 ETM
ROMTableAddr = 0xE00FF003
* JLink Info: LPC18xx/43xx reset: Halting CPU before performing reset...
* JLink Info: LPC18xx/43xx reset: Halted CPU before reset.
* JLink Info: Unknown LPC18xx/43xx bootloader variant. Halting after reset may fail.
 
Target info:
------------
Device: LPC4357
VTarget = 3.327V
State of Pins: 
TCK: 0, TDI: 1, TDO: 0, TMS: 1, TRES: 1, TRST: 1
Hardware-Breakpoints: 6
Software-Breakpoints: 8192
Watchpoints:          4
JTAG speed: 6000 kHz
 
Erase Done.
Programming Done.
Verify OK.
</pre>
</body>
</html>
