<!doctype html public "-//w3c//dtd html 4.0 transitional//en">
<html><head>
<title>Static Call Graph - [..\build\Xnode.axf]</title></head>
<body><HR>
<H1>Static Call Graph for image ..\build\Xnode.axf</H1><HR>
<BR><P>#&#060CALLGRAPH&#062# ARM Linker, 5.03 [Build 76]: Last Updated: Fri Dec 01 10:48:23 2023
<BR><P>
<H3>Maximum Stack Usage =       2712 bytes + Unknown(Cycles, Untraceable Function Pointers)</H3><H3>
Call chain for Maximum Stack Depth:</H3>
getDatafromSD &rArr; yaffs_mount &rArr; yaffs_mount_common &rArr; yaffs_guts_initialise &rArr; yaffs_empty_l_n_f &rArr; yaffs_del_dir_contents &rArr;  yaffs_del_dir_contents (Cycle)
<P>
<H3>
Mutually Recursive functions
</H3> <LI><a href="#[1]">NMI_Handler</a>&nbsp;&nbsp;&nbsp;&rArr;&nbsp;&nbsp;&nbsp;<a href="#[1]">NMI_Handler</a><BR>
 <LI><a href="#[2]">HardFault_Handler</a>&nbsp;&nbsp;&nbsp;&rArr;&nbsp;&nbsp;&nbsp;<a href="#[2]">HardFault_Handler</a><BR>
 <LI><a href="#[3]">MemManage_Handler</a>&nbsp;&nbsp;&nbsp;&rArr;&nbsp;&nbsp;&nbsp;<a href="#[3]">MemManage_Handler</a><BR>
 <LI><a href="#[4]">BusFault_Handler</a>&nbsp;&nbsp;&nbsp;&rArr;&nbsp;&nbsp;&nbsp;<a href="#[4]">BusFault_Handler</a><BR>
 <LI><a href="#[5]">UsageFault_Handler</a>&nbsp;&nbsp;&nbsp;&rArr;&nbsp;&nbsp;&nbsp;<a href="#[5]">UsageFault_Handler</a><BR>
 <LI><a href="#[7]">DebugMon_Handler</a>&nbsp;&nbsp;&nbsp;&rArr;&nbsp;&nbsp;&nbsp;<a href="#[7]">DebugMon_Handler</a><BR>
 <LI><a href="#[1b]">ADC0_IRQHandler</a>&nbsp;&nbsp;&nbsp;&rArr;&nbsp;&nbsp;&nbsp;<a href="#[1b]">ADC0_IRQHandler</a><BR>
 <LI><a href="#[1b2]">nodeInqTask</a>&nbsp;&nbsp;&nbsp;&rArr;&nbsp;&nbsp;&nbsp;<a href="#[191]">sendShortSubTask</a><BR>
 <LI><a href="#[227]">beginTask</a>&nbsp;&nbsp;&nbsp;&rArr;&nbsp;&nbsp;&nbsp;<a href="#[191]">sendShortSubTask</a><BR>
 <LI><a href="#[190]">sendNoticeSubTask</a>&nbsp;&nbsp;&nbsp;&rArr;&nbsp;&nbsp;&nbsp;<a href="#[190]">sendNoticeSubTask</a><BR>
 <LI><a href="#[2dd]">sendNoticeEndTask</a>&nbsp;&nbsp;&nbsp;&rArr;&nbsp;&nbsp;&nbsp;<a href="#[190]">sendNoticeSubTask</a><BR>
 <LI><a href="#[18c]">nodeInqTask</a>&nbsp;&nbsp;&nbsp;&rArr;&nbsp;&nbsp;&nbsp;<a href="#[190]">sendNoticeSubTask</a><BR>
 <LI><a href="#[226]">beginTask</a>&nbsp;&nbsp;&nbsp;&rArr;&nbsp;&nbsp;&nbsp;<a href="#[190]">sendNoticeSubTask</a><BR>
 <LI><a href="#[25c]">f_putc</a>&nbsp;&nbsp;&nbsp;&rArr;&nbsp;&nbsp;&nbsp;<a href="#[25c]">f_putc</a><BR>
 <LI><a href="#[fa]">CGU_ConfigPWR</a>&nbsp;&nbsp;&nbsp;&rArr;&nbsp;&nbsp;&nbsp;<a href="#[fa]">CGU_ConfigPWR</a><BR>
 <LI><a href="#[42b]">yaffs_summary_write</a>&nbsp;&nbsp;&nbsp;&rArr;&nbsp;&nbsp;&nbsp;<a href="#[38e]">yaffs_wr_chunk_tags_nand</a><BR>
 <LI><a href="#[364]">yaffs_verify_dir</a>&nbsp;&nbsp;&nbsp;&rArr;&nbsp;&nbsp;&nbsp;<a href="#[367]">yaffs_verify_obj_in_dir</a><BR>
 <LI><a href="#[388]">yaffs_gc_block</a>&nbsp;&nbsp;&nbsp;&rArr;&nbsp;&nbsp;&nbsp;<a href="#[3a8]">yaffs_generic_obj_del</a><BR>
 <LI><a href="#[420]">yaffs_prune_worker</a>&nbsp;&nbsp;&nbsp;&rArr;&nbsp;&nbsp;&nbsp;<a href="#[420]">yaffs_prune_worker</a><BR>
 <LI><a href="#[428]">yaffs_soft_del_worker</a>&nbsp;&nbsp;&nbsp;&rArr;&nbsp;&nbsp;&nbsp;<a href="#[428]">yaffs_soft_del_worker</a><BR>
 <LI><a href="#[445]">yaffsfs_DoFindDirectory</a>&nbsp;&nbsp;&nbsp;&rArr;&nbsp;&nbsp;&nbsp;<a href="#[414]">yaffsfs_FollowLink</a><BR>
 <LI><a href="#[349]">yaffs_qsort</a>&nbsp;&nbsp;&nbsp;&rArr;&nbsp;&nbsp;&nbsp;<a href="#[349]">yaffs_qsort</a><BR>
 <LI><a href="#[3a9]">yaffs_del_dir_contents</a>&nbsp;&nbsp;&nbsp;&rArr;&nbsp;&nbsp;&nbsp;<a href="#[3a9]">yaffs_del_dir_contents</a><BR>
 <LI><a href="#[32a]">yaffs2_checkpt_tnode_worker</a>&nbsp;&nbsp;&nbsp;&rArr;&nbsp;&nbsp;&nbsp;<a href="#[32a]">yaffs2_checkpt_tnode_worker</a><BR>
</UL>
<P>
<H3>
Function Pointers
</H3><UL>
 <LI><a href="#[1b]">ADC0_IRQHandler</a> from startup_lpc43xx.o(.text) referenced from startup_lpc43xx.o(RESET)
 <LI><a href="#[1f]">ADC1_IRQHandler</a> from startup_lpc43xx.o(.text) referenced from startup_lpc43xx.o(RESET)
 <LI><a href="#[37]">ATIMER_IRQHandler</a> from startup_lpc43xx.o(.text) referenced from startup_lpc43xx.o(RESET)
 <LI><a href="#[4]">BusFault_Handler</a> from startup_lpc43xx.o(.text) referenced from startup_lpc43xx.o(RESET)
 <LI><a href="#[3b]">CAN0_IRQHandler</a> from startup_lpc43xx.o(.text) referenced from startup_lpc43xx.o(RESET)
 <LI><a href="#[35]">CAN1_IRQHandler</a> from startup_lpc43xx.o(.text) referenced from startup_lpc43xx.o(RESET)
 <LI><a href="#[a]">DAC_IRQHandler</a> from startup_lpc43xx.o(.text) referenced from startup_lpc43xx.o(RESET)
 <LI><a href="#[c]">DMA_IRQHandler</a> from startup_lpc43xx.o(.text) referenced from startup_lpc43xx.o(RESET)
 <LI><a href="#[a1]">DataRetrTask</a> from triggersensing.o(i.DataRetrTask) referenced from triggersensing.o(i.trignotiesp)
 <LI><a href="#[7]">DebugMon_Handler</a> from startup_lpc43xx.o(.text) referenced from startup_lpc43xx.o(RESET)
 <LI><a href="#[f]">ETH_IRQHandler</a> from startup_lpc43xx.o(.text) referenced from startup_lpc43xx.o(RESET)
 <LI><a href="#[34]">EVRT_IRQHandler</a> from startup_lpc43xx.o(.text) referenced from startup_lpc43xx.o(RESET)
 <LI><a href="#[d]">EZH_IRQHandler</a> from startup_lpc43xx.o(.text) referenced from startup_lpc43xx.o(RESET)
 <LI><a href="#[e]">FLASH_EEPROM_IRQHandler</a> from startup_lpc43xx.o(.text) referenced from startup_lpc43xx.o(RESET)
 <LI><a href="#[32]">GINT0_IRQHandler</a> from startup_lpc43xx.o(.text) referenced from startup_lpc43xx.o(RESET)
 <LI><a href="#[33]">GINT1_IRQHandler</a> from startup_lpc43xx.o(.text) referenced from startup_lpc43xx.o(RESET)
 <LI><a href="#[2a]">GPIO0_IRQHandler</a> from startup_lpc43xx.o(.text) referenced from startup_lpc43xx.o(RESET)
 <LI><a href="#[2b]">GPIO1_IRQHandler</a> from startup_lpc43xx.o(.text) referenced from startup_lpc43xx.o(RESET)
 <LI><a href="#[2c]">GPIO2_IRQHandler</a> from startup_lpc43xx.o(.text) referenced from startup_lpc43xx.o(RESET)
 <LI><a href="#[2d]">GPIO3_IRQHandler</a> from trx_access.o(i.GPIO3_IRQHandler) referenced from startup_lpc43xx.o(RESET)
 <LI><a href="#[2e]">GPIO4_IRQHandler</a> from startup_lpc43xx.o(.text) referenced from startup_lpc43xx.o(RESET)
 <LI><a href="#[2f]">GPIO5_IRQHandler</a> from startup_lpc43xx.o(.text) referenced from startup_lpc43xx.o(RESET)
 <LI><a href="#[30]">GPIO6_IRQHandler</a> from adxl362.o(i.GPIO6_IRQHandler) referenced from startup_lpc43xx.o(RESET)
 <LI><a href="#[31]">GPIO7_IRQHandler</a> from ads131.o(i.GPIO7_IRQHandler) referenced from startup_lpc43xx.o(RESET)
 <LI><a href="#[90]">GetChar</a> from debug_frmwrk.o(i.GetChar) referenced from debug_frmwrk.o(i.debug_frmwrk_init_clk)
 <LI><a href="#[91]">GetCharInNonBlock</a> from debug_frmwrk.o(i.GetCharInNonBlock) referenced from debug_frmwrk.o(i.debug_frmwrk_init_clk)
 <LI><a href="#[2]">HardFault_Handler</a> from startup_lpc43xx.o(.text) referenced from startup_lpc43xx.o(RESET)
 <LI><a href="#[1c]">I2C0_IRQHandler</a> from startup_lpc43xx.o(.text) referenced from startup_lpc43xx.o(RESET)
 <LI><a href="#[1d]">I2C1_IRQHandler</a> from startup_lpc43xx.o(.text) referenced from startup_lpc43xx.o(RESET)
 <LI><a href="#[26]">I2S0_IRQHandler</a> from startup_lpc43xx.o(.text) referenced from startup_lpc43xx.o(RESET)
 <LI><a href="#[27]">I2S1_IRQHandler</a> from startup_lpc43xx.o(.text) referenced from startup_lpc43xx.o(RESET)
 <LI><a href="#[11]">LCD_IRQHandler</a> from startup_lpc43xx.o(.text) referenced from startup_lpc43xx.o(RESET)
 <LI><a href="#[b]">M0CORE_IRQHandler</a> from startup_lpc43xx.o(.text) referenced from startup_lpc43xx.o(RESET)
 <LI><a href="#[3a]">M0s_IRQHandler</a> from startup_lpc43xx.o(.text) referenced from startup_lpc43xx.o(RESET)
 <LI><a href="#[1a]">MCPWM_IRQHandler</a> from startup_lpc43xx.o(.text) referenced from startup_lpc43xx.o(RESET)
 <LI><a href="#[3]">MemManage_Handler</a> from startup_lpc43xx.o(.text) referenced from startup_lpc43xx.o(RESET)
 <LI><a href="#[b0]">NANDfunc_read_cycle</a> from yaffs_nand_drv.o(i.NANDfunc_read_cycle) referenced from yaffs_nand_drv.o(i.yaffs_nand_install_drv)
 <LI><a href="#[1]">NMI_Handler</a> from startup_lpc43xx.o(.text) referenced from startup_lpc43xx.o(RESET)
 <LI><a href="#[8]">PendSV_Handler</a> from port.o(.emb_text) referenced from startup_lpc43xx.o(RESET)
 <LI><a href="#[89]">PutChar</a> from debug_frmwrk.o(i.PutChar) referenced from debug_frmwrk.o(i.debug_frmwrk_init_clk)
 <LI><a href="#[8d]">PutDec</a> from debug_frmwrk.o(i.PutDec) referenced from debug_frmwrk.o(i.debug_frmwrk_init_clk)
 <LI><a href="#[8e]">PutDec16</a> from debug_frmwrk.o(i.PutDec16) referenced from debug_frmwrk.o(i.debug_frmwrk_init_clk)
 <LI><a href="#[8f]">PutDec32</a> from debug_frmwrk.o(i.PutDec32) referenced from debug_frmwrk.o(i.debug_frmwrk_init_clk)
 <LI><a href="#[8a]">PutHex</a> from debug_frmwrk.o(i.PutHex) referenced from debug_frmwrk.o(i.debug_frmwrk_init_clk)
 <LI><a href="#[8b]">PutHex16</a> from debug_frmwrk.o(i.PutHex16) referenced from debug_frmwrk.o(i.debug_frmwrk_init_clk)
 <LI><a href="#[8c]">PutHex32</a> from debug_frmwrk.o(i.PutHex32) referenced from debug_frmwrk.o(i.debug_frmwrk_init_clk)
 <LI><a href="#[87]">Puts</a> from debug_frmwrk.o(i.Puts) referenced from debug_frmwrk.o(i.debug_frmwrk_init_clk)
 <LI><a href="#[88]">Puts_</a> from debug_frmwrk.o(i.Puts_) referenced from debug_frmwrk.o(i.debug_frmwrk_init_clk)
 <LI><a href="#[3c]">QEI_IRQHandler</a> from startup_lpc43xx.o(.text) referenced from startup_lpc43xx.o(RESET)
 <LI><a href="#[15]">RIT_IRQHandler</a> from systime.o(i.RIT_IRQHandler) referenced from startup_lpc43xx.o(RESET)
 <LI><a href="#[38]">RTC_IRQHandler</a> from startup_lpc43xx.o(.text) referenced from startup_lpc43xx.o(RESET)
 <LI><a href="#[4b]">ReliableComm_receive</a> from remotecommand.o(i.ReliableComm_receive) referenced from remotecommand.o(i.RemoteCommand_init)
 <LI><a href="#[4c]">ReliableComm_sendDone</a> from remotecommand.o(i.ReliableComm_sendDone) referenced from remotecommand.o(i.RemoteCommand_init)
 <LI><a href="#[0]">Reset_Handler</a> from startup_lpc43xx.o(.text) referenced from startup_lpc43xx.o(RESET)
 <LI><a href="#[14]">SCT_IRQHandler</a> from startup_lpc43xx.o(.text) referenced from startup_lpc43xx.o(RESET)
 <LI><a href="#[10]">SDIO_IRQHandler</a> from lpc43xx_sdif.o(i.SDIO_IRQHandler) referenced from startup_lpc43xx.o(RESET)
 <LI><a href="#[29]">SGPIO_IRQHandler</a> from startup_lpc43xx.o(.text) referenced from startup_lpc43xx.o(RESET)
 <LI><a href="#[28]">SPIFI_IRQHandler</a> from startup_lpc43xx.o(.text) referenced from startup_lpc43xx.o(RESET)
 <LI><a href="#[1e]">SPI_IRQHandler</a> from startup_lpc43xx.o(.text) referenced from startup_lpc43xx.o(RESET)
 <LI><a href="#[20]">SSP0_IRQHandler</a> from startup_lpc43xx.o(.text) referenced from startup_lpc43xx.o(RESET)
 <LI><a href="#[21]">SSP1_IRQHandler</a> from startup_lpc43xx.o(.text) referenced from startup_lpc43xx.o(RESET)
 <LI><a href="#[6]">SVC_Handler</a> from port.o(.emb_text) referenced from startup_lpc43xx.o(RESET)
 <LI><a href="#[46]">SendLData_SLDIReq</a> from reliablecomm.o(i.SendLData_SLDIReq) referenced from reliablecomm.o(i.ReliableComm_init)
 <LI><a href="#[47]">SendLData_received</a> from reliablecomm.o(i.SendLData_received) referenced from reliablecomm.o(i.ReliableComm_init)
 <LI><a href="#[48]">SendLData_sendDone</a> from reliablecomm.o(i.SendLData_sendDone) referenced from reliablecomm.o(i.ReliableComm_init)
 <LI><a href="#[44]">SendSMsg_received</a> from reliablecomm.o(i.SendSMsg_received) referenced from reliablecomm.o(i.ReliableComm_init)
 <LI><a href="#[45]">SendSMsg_sendDone</a> from reliablecomm.o(i.SendSMsg_sendDone) referenced from reliablecomm.o(i.ReliableComm_init)
 <LI><a href="#[9]">SysTick_Handler</a> from port.o(i.SysTick_Handler) referenced from startup_lpc43xx.o(RESET)
 <LI><a href="#[16]">TIMER0_IRQHandler</a> from startup_lpc43xx.o(.text) referenced from startup_lpc43xx.o(RESET)
 <LI><a href="#[17]">TIMER1_IRQHandler</a> from startup_lpc43xx.o(.text) referenced from startup_lpc43xx.o(RESET)
 <LI><a href="#[18]">TIMER2_IRQHandler</a> from startup_lpc43xx.o(.text) referenced from startup_lpc43xx.o(RESET)
 <LI><a href="#[19]">TIMER3_IRQHandler</a> from startup_lpc43xx.o(.text) referenced from startup_lpc43xx.o(RESET)
 <LI><a href="#[62]">TimerNotice_fired</a> from sendldata.o(i.TimerNotice_fired) referenced from sendldata.o(i.SendLData_init)
 <LI><a href="#[68]">TimerShort_fired</a> from sendsmsg.o(i.TimerShort_fired) referenced from sendsmsg.o(i.SendSMsg_init)
 <LI><a href="#[63]">TimerTimeout_fired</a> from sendldata.o(i.TimerTimeout_fired) referenced from sendldata.o(i.SendLData_init)
 <LI><a href="#[69]">TimerTimeout_fired</a> from sendsmsg.o(i.TimerTimeout_fired) referenced from sendsmsg.o(i.SendSMsg_init)
 <LI><a href="#[64]">TimerWait1_fired</a> from sendldata.o(i.TimerWait1_fired) referenced from sendldata.o(i.SendLData_init)
 <LI><a href="#[65]">TimerWait2_fired</a> from sendldata.o(i.TimerWait2_fired) referenced from sendldata.o(i.SendLData_init)
 <LI><a href="#[22]">UART0_IRQHandler</a> from startup_lpc43xx.o(.text) referenced from startup_lpc43xx.o(RESET)
 <LI><a href="#[23]">UART1_IRQHandler</a> from startup_lpc43xx.o(.text) referenced from startup_lpc43xx.o(RESET)
 <LI><a href="#[24]">UART2_IRQHandler</a> from startup_lpc43xx.o(.text) referenced from startup_lpc43xx.o(RESET)
 <LI><a href="#[25]">UART3_IRQHandler</a> from startup_lpc43xx.o(.text) referenced from startup_lpc43xx.o(RESET)
 <LI><a href="#[12]">USB0_IRQHandler</a> from usbhw.o(i.USB0_IRQHandler) referenced from startup_lpc43xx.o(RESET)
 <LI><a href="#[13]">USB1_IRQHandler</a> from startup_lpc43xx.o(.text) referenced from startup_lpc43xx.o(RESET)
 <LI><a href="#[7d]">USB_EndPoint0</a> from usbcore.o(i.USB_EndPoint0) referenced from vcom.o(i.VCOM_Init)
 <LI><a href="#[7e]">USB_EndPoint1</a> from usbuser.o(i.USB_EndPoint1) referenced from vcom.o(i.VCOM_Init)
 <LI><a href="#[7f]">USB_EndPoint2</a> from usbuser.o(i.USB_EndPoint2) referenced from vcom.o(i.VCOM_Init)
 <LI><a href="#[7c]">USB_Reset_Event</a> from usbuser.o(i.USB_Reset_Event) referenced from vcom.o(i.VCOM_Init)
 <LI><a href="#[5]">UsageFault_Handler</a> from startup_lpc43xx.o(.text) referenced from startup_lpc43xx.o(RESET)
 <LI><a href="#[36]">VADC_IRQHandler</a> from startup_lpc43xx.o(.text) referenced from startup_lpc43xx.o(RESET)
 <LI><a href="#[39]">WDT_IRQHandler</a> from startup_lpc43xx.o(.text) referenced from startup_lpc43xx.o(RESET)
 <LI><a href="#[a6]">XCWriteTask</a> from settings.o(i.XCWriteTask) referenced from settings.o(i.xnodecfgfunc)
 <LI><a href="#[3e]">__main</a> from entry.o(.ARM.Collect$$$$00000000) referenced from startup_lpc43xx.o(.text)
 <LI><a href="#[40]">_sbackspace</a> from _sgetc.o(.text) referenced from __0sscanf.o(.text)
 <LI><a href="#[41]">_scanf_char_input</a> from scanf_char.o(.text) referenced from scanf_char.o(.text)
 <LI><a href="#[3f]">_sgetc</a> from _sgetc.o(.text) referenced from __0sscanf.o(.text)
 <LI><a href="#[85]">_snputc</a> from printfa.o(i._snputc) referenced from printfa.o(i.__0snprintf)
 <LI><a href="#[85]">_snputc</a> from printfa.o(i._snputc) referenced from printfa.o(i.__0vsnprintf)
 <LI><a href="#[56]">drpresetexec</a> from retrievedata.o(i.drpresetexec) referenced from retrievedata.o(i.RetrieveData_init)
 <LI><a href="#[59]">drpresetfunc</a> from retrievedata.o(i.drpresetfunc) referenced from retrievedata.o(i.RetrieveData_init)
 <LI><a href="#[57]">drpresetresp</a> from retrievedata.o(i.drpresetresp) referenced from retrievedata.o(i.RetrieveData_init)
 <LI><a href="#[58]">drpresetsent</a> from retrievedata.o(i.drpresetsent) referenced from retrievedata.o(i.RetrieveData_init)
 <LI><a href="#[5a]">drretrieveexec</a> from retrievedata.o(i.drretrieveexec) referenced from retrievedata.o(i.RetrieveData_init)
 <LI><a href="#[5d]">drretrievefunc</a> from retrievedata.o(i.drretrievefunc) referenced from retrievedata.o(i.RetrieveData_init)
 <LI><a href="#[5b]">drretrieveresp</a> from retrievedata.o(i.drretrieveresp) referenced from retrievedata.o(i.RetrieveData_init)
 <LI><a href="#[5c]">drretrievesent</a> from retrievedata.o(i.drretrievesent) referenced from retrievedata.o(i.RetrieveData_init)
 <LI><a href="#[a3]">feedwdt</a> from xnode.o(i.feedwdt) referenced from xnode.o(i.vAppMainTask)
 <LI><a href="#[43]">gcRecvTask</a> from genericcomm.o(i.gcRecvTask) referenced from genericcomm.o(i.GenericComm_init)
 <LI><a href="#[9d]">getDatafromSD</a> from retrievedata.o(i.getDatafromSD) referenced from retrievedata.o(i.startDrPreset)
 <LI><a href="#[51]">getdataexec</a> from remotesensing.o(i.getdataexec) referenced from remotesensing.o(i.RemoteSensing_init)
 <LI><a href="#[54]">getdatafunc</a> from remotesensing.o(i.getdatafunc) referenced from remotesensing.o(i.RemoteSensing_init)
 <LI><a href="#[52]">getdataresp</a> from remotesensing.o(i.getdataresp) referenced from remotesensing.o(i.RemoteSensing_init)
 <LI><a href="#[53]">getdatasent</a> from remotesensing.o(i.getdatasent) referenced from remotesensing.o(i.RemoteSensing_init)
 <LI><a href="#[42]">isspace</a> from isspace_c.o(.text) referenced from scanf_char.o(.text)
 <LI><a href="#[9e]">ldRTask</a> from sendldata.o(i.ldRTask) referenced from sendldata.o(i.startRTask)
 <LI><a href="#[66]">ldRecvTask</a> from sendldata.o(i.ldRecvTask) referenced from sendldata.o(i.SendLData_init)
 <LI><a href="#[9f]">ldSTask</a> from sendldata.o(i.ldSTask) referenced from sendldata.o(i.startSTask)
 <LI><a href="#[a0]">ldTTask</a> from sendldata.o(i.ldTTask) referenced from sendldata.o(i.startTTask)
 <LI><a href="#[5f]">ldcallback_ack</a> from sendldata.o(i.ldcallback_ack) referenced from sendldata.o(i.SendLData_init)
 <LI><a href="#[61]">ldcallback_data</a> from sendldata.o(i.ldcallback_data) referenced from sendldata.o(i.SendLData_init)
 <LI><a href="#[60]">ldcallback_notice</a> from sendldata.o(i.ldcallback_notice) referenced from sendldata.o(i.SendLData_init)
 <LI><a href="#[3d]">main</a> from xnode.o(i.main) referenced from entry9a.o(.ARM.Collect$$$$0000000B)
 <LI><a href="#[96]">processdatatask</a> from remotesensing.o(i.processdatatask) referenced from remotesensing.o(i.processdata)
 <LI><a href="#[a4]">prvIdleTask</a> from tasks.o(i.prvIdleTask) referenced from tasks.o(i.vTaskStartScheduler)
 <LI><a href="#[9c]">prvQueueSensingTask</a> from sensing.o(i.prvQueueSensingTask) referenced from sensing.o(i.startAcquisition)
 <LI><a href="#[97]">prvTaskExitError</a> from port.o(i.prvTaskExitError) referenced from port.o(i.pxPortInitialiseStack)
 <LI><a href="#[a5]">prvTimerTask</a> from timers.o(i.prvTimerTask) referenced from timers.o(i.xTimerCreateTimerTask)
 <LI><a href="#[98]">radio_callback</a> from radio.o(i.radio_callback) referenced from radio.o(i.radio_init)
 <LI><a href="#[4a]">rctimer</a> from reliablecomm.o(i.rctimer) referenced from reliablecomm.o(i.ReliableComm_send)
 <LI><a href="#[77]">resetexec</a> from utils.o(i.resetexec) referenced from utils.o(i.Util_Init)
 <LI><a href="#[7a]">resetfunc</a> from utils.o(i.resetfunc) referenced from utils.o(i.Util_Init)
 <LI><a href="#[78]">resetresp</a> from utils.o(i.resetresp) referenced from utils.o(i.Util_Init)
 <LI><a href="#[79]">resetsent</a> from utils.o(i.resetsent) referenced from utils.o(i.Util_Init)
 <LI><a href="#[99]">rf233_interrupt_poll</a> from rf233.o(i.rf233_interrupt_poll) referenced from rf233.o(i.rf233_init)
 <LI><a href="#[55]">rstimer</a> from remotesensing.o(i.rstimer) referenced from remotesensing.o(i.RemoteSensing_start)
 <LI><a href="#[5e]">rstimer</a> from retrievedata.o(i.rstimer) referenced from retrievedata.o(i.RetrieveData_start)
 <LI><a href="#[92]">sdmmc_irq</a> from fs_sdio.o(i.sdmmc_irq) referenced from fs_sdio.o(i.disk_initialize)
 <LI><a href="#[94]">sdmmc_irq_driven_wait</a> from fs_sdio.o(i.sdmmc_irq_driven_wait) referenced from fs_sdio.o(i.disk_initialize)
 <LI><a href="#[95]">sdmmc_setup_wakeup</a> from fs_sdio.o(i.sdmmc_setup_wakeup) referenced from fs_sdio.o(i.disk_initialize)
 <LI><a href="#[93]">sdmmc_waitms</a> from fs_sdio.o(i.sdmmc_waitms) referenced from fs_sdio.o(i.disk_initialize)
 <LI><a href="#[9a]">sensingFunc</a> from remotesensing.o(i.sensingFunc) referenced from remotesensing.o(i.setparamsfunc)
 <LI><a href="#[9b]">sensingtimer</a> from sensing.o(i.sensingtimer) referenced from sensing.o(i.setupAcquisition)
 <LI><a href="#[4d]">setparamsexec</a> from remotesensing.o(i.setparamsexec) referenced from remotesensing.o(i.RemoteSensing_init)
 <LI><a href="#[50]">setparamsfunc</a> from remotesensing.o(i.setparamsfunc) referenced from remotesensing.o(i.RemoteSensing_init)
 <LI><a href="#[4e]">setparamsresp</a> from remotesensing.o(i.setparamsresp) referenced from remotesensing.o(i.RemoteSensing_init)
 <LI><a href="#[4f]">setparamssent</a> from remotesensing.o(i.setparamssent) referenced from remotesensing.o(i.RemoteSensing_init)
 <LI><a href="#[6a]">smRecvTask</a> from sendsmsg.o(i.smRecvTask) referenced from sendsmsg.o(i.SendSMsg_init)
 <LI><a href="#[49]">smcallback</a> from reliablecomm.o(i.smcallback) referenced from reliablecomm.o(i.ReliableComm_init)
 <LI><a href="#[67]">smcallback</a> from sendsmsg.o(i.smcallback) referenced from sendsmsg.o(i.SendSMsg_init)
 <LI><a href="#[70]">trignotiesp</a> from triggersensing.o(i.trignotiesp) referenced from triggersensing.o(i.Trig_Init)
 <LI><a href="#[6f]">trignotiexec</a> from triggersensing.o(i.trignotiexec) referenced from triggersensing.o(i.Trig_Init)
 <LI><a href="#[72]">trignotifunc</a> from triggersensing.o(i.trignotifunc) referenced from triggersensing.o(i.Trig_Init)
 <LI><a href="#[71]">trignotisent</a> from triggersensing.o(i.trignotisent) referenced from triggersensing.o(i.Trig_Init)
 <LI><a href="#[6c]">trigsenesp</a> from triggersensing.o(i.trigsenesp) referenced from triggersensing.o(i.Trig_Init)
 <LI><a href="#[6b]">trigsenexec</a> from triggersensing.o(i.trigsenexec) referenced from triggersensing.o(i.Trig_Init)
 <LI><a href="#[6e]">trigsenfunc</a> from triggersensing.o(i.trigsenfunc) referenced from triggersensing.o(i.Trig_Init)
 <LI><a href="#[6d]">trigsensent</a> from triggersensing.o(i.trigsensent) referenced from triggersensing.o(i.Trig_Init)
 <LI><a href="#[7b]">utiltimer</a> from utils.o(i.utiltimer) referenced from utils.o(i.Util_ReadVoltage)
 <LI><a href="#[7b]">utiltimer</a> from utils.o(i.utiltimer) referenced from utils.o(i.Util_ResetNodes)
 <LI><a href="#[86]">vAppMainTask</a> from xnode.o(i.vAppMainTask) referenced from xnode.o(i.c_entry)
 <LI><a href="#[73]">voltexec</a> from utils.o(i.voltexec) referenced from utils.o(i.Util_Init)
 <LI><a href="#[76]">voltfunc</a> from utils.o(i.voltfunc) referenced from utils.o(i.Util_Init)
 <LI><a href="#[74]">voltresp</a> from utils.o(i.voltresp) referenced from utils.o(i.Util_Init)
 <LI><a href="#[75]">voltsent</a> from utils.o(i.voltsent) referenced from utils.o(i.Util_Init)
 <LI><a href="#[a2]">writeTask</a> from triggersensing.o(i.writeTask) referenced from triggersensing.o(i.trigsenfunc)
 <LI><a href="#[80]">xctimer</a> from settings.o(i.xctimer) referenced from settings.o(i.XnodeCfgSend)
 <LI><a href="#[81]">xnodecfgexec</a> from settings.o(i.xnodecfgexec) referenced from settings.o(i.XnodeConfig_Init)
 <LI><a href="#[84]">xnodecfgfunc</a> from settings.o(i.xnodecfgfunc) referenced from settings.o(i.XnodeConfig_Init)
 <LI><a href="#[82]">xnodecfgresp</a> from settings.o(i.xnodecfgresp) referenced from settings.o(i.XnodeConfig_Init)
 <LI><a href="#[83]">xnodecfgsent</a> from settings.o(i.xnodecfgsent) referenced from settings.o(i.XnodeConfig_Init)
 <LI><a href="#[a7]">yaffs2_ybicmp</a> from yaffs_yaffs2.o(i.yaffs2_ybicmp) referenced from yaffs_yaffs2.o(i.yaffs2_scan_backwards)
 <LI><a href="#[ad]">yaffs_nand_drv_CheckBad</a> from yaffs_nand_drv.o(i.yaffs_nand_drv_CheckBad) referenced from yaffs_nand_drv.o(i.yaffs_nand_install_drv)
 <LI><a href="#[af]">yaffs_nand_drv_Deinitialise</a> from yaffs_nand_drv.o(i.yaffs_nand_drv_Deinitialise) referenced from yaffs_nand_drv.o(i.yaffs_nand_install_drv)
 <LI><a href="#[ab]">yaffs_nand_drv_EraseBlock</a> from yaffs_nand_drv.o(i.yaffs_nand_drv_EraseBlock) referenced from yaffs_nand_drv.o(i.yaffs_nand_install_drv)
 <LI><a href="#[ae]">yaffs_nand_drv_Initialise</a> from yaffs_nand_drv.o(i.yaffs_nand_drv_Initialise) referenced from yaffs_nand_drv.o(i.yaffs_nand_install_drv)
 <LI><a href="#[ac]">yaffs_nand_drv_MarkBad</a> from yaffs_nand_drv.o(i.yaffs_nand_drv_MarkBad) referenced from yaffs_nand_drv.o(i.yaffs_nand_install_drv)
 <LI><a href="#[aa]">yaffs_nand_drv_ReadChunk</a> from yaffs_nand_drv.o(i.yaffs_nand_drv_ReadChunk) referenced from yaffs_nand_drv.o(i.yaffs_nand_install_drv)
 <LI><a href="#[a9]">yaffs_nand_drv_WriteChunk</a> from yaffs_nand_drv.o(i.yaffs_nand_drv_WriteChunk) referenced from yaffs_nand_drv.o(i.yaffs_nand_install_drv)
 <LI><a href="#[b4]">yaffs_tags_compat_mark_bad</a> from yaffs_tagscompat.o(i.yaffs_tags_compat_mark_bad) referenced from yaffs_tagscompat.o(i.yaffs_tags_compat_install)
 <LI><a href="#[b3]">yaffs_tags_compat_query_block</a> from yaffs_tagscompat.o(i.yaffs_tags_compat_query_block) referenced from yaffs_tagscompat.o(i.yaffs_tags_compat_install)
 <LI><a href="#[b2]">yaffs_tags_compat_rd</a> from yaffs_tagscompat.o(i.yaffs_tags_compat_rd) referenced from yaffs_tagscompat.o(i.yaffs_tags_compat_install)
 <LI><a href="#[b1]">yaffs_tags_compat_wr</a> from yaffs_tagscompat.o(i.yaffs_tags_compat_wr) referenced from yaffs_tagscompat.o(i.yaffs_tags_compat_install)
 <LI><a href="#[b8]">yaffs_tags_marshall_mark_bad</a> from yaffs_tagsmarshall.o(i.yaffs_tags_marshall_mark_bad) referenced from yaffs_tagsmarshall.o(i.yaffs_tags_marshall_install)
 <LI><a href="#[b7]">yaffs_tags_marshall_query_block</a> from yaffs_tagsmarshall.o(i.yaffs_tags_marshall_query_block) referenced from yaffs_tagsmarshall.o(i.yaffs_tags_marshall_install)
 <LI><a href="#[b6]">yaffs_tags_marshall_read</a> from yaffs_tagsmarshall.o(i.yaffs_tags_marshall_read) referenced from yaffs_tagsmarshall.o(i.yaffs_tags_marshall_install)
 <LI><a href="#[b5]">yaffs_tags_marshall_write</a> from yaffs_tagsmarshall.o(i.yaffs_tags_marshall_write) referenced from yaffs_tagsmarshall.o(i.yaffs_tags_marshall_install)
 <LI><a href="#[a8]">yaffsfs_RemoveObjectCallback</a> from yaffsfs.o(i.yaffsfs_RemoveObjectCallback) referenced from yaffsfs.o(i.yaffs_add_device)
</UL>
<P>
<H3>
Global Symbols
</H3>
<P><STRONG><a name="[3e]"></a>__main</STRONG> (Thumb, 0 bytes, Stack size unknown bytes, entry.o(.ARM.Collect$$$$00000000))
<BR>[Address Reference Count : 1]<UL><LI> startup_lpc43xx.o(.text)
</UL>
<P><STRONG><a name="[452]"></a>_main_stk</STRONG> (Thumb, 0 bytes, Stack size unknown bytes, entry2.o(.ARM.Collect$$$$00000001))

<P><STRONG><a name="[b9]"></a>_main_scatterload</STRONG> (Thumb, 0 bytes, Stack size unknown bytes, entry5.o(.ARM.Collect$$$$00000004))
<BR><BR>[Calls]<UL><LI><a href="#[ba]">&gt;&gt;</a>&nbsp;&nbsp;&nbsp;__scatterload
</UL>

<P><STRONG><a name="[dc]"></a>__main_after_scatterload</STRONG> (Thumb, 0 bytes, Stack size unknown bytes, entry5.o(.ARM.Collect$$$$00000004))
<BR><BR>[Called By]<UL><LI><a href="#[ba]">&gt;&gt;</a>&nbsp;&nbsp;&nbsp;__scatterload
</UL>

<P><STRONG><a name="[453]"></a>_main_clock</STRONG> (Thumb, 0 bytes, Stack size unknown bytes, entry7b.o(.ARM.Collect$$$$00000008))

<P><STRONG><a name="[454]"></a>_main_cpp_init</STRONG> (Thumb, 0 bytes, Stack size unknown bytes, entry8b.o(.ARM.Collect$$$$0000000A))

<P><STRONG><a name="[455]"></a>_main_init</STRONG> (Thumb, 0 bytes, Stack size unknown bytes, entry9a.o(.ARM.Collect$$$$0000000B))

<P><STRONG><a name="[456]"></a>__rt_final_cpp</STRONG> (Thumb, 0 bytes, Stack size unknown bytes, entry10a.o(.ARM.Collect$$$$0000000D))

<P><STRONG><a name="[457]"></a>__rt_final_exit</STRONG> (Thumb, 0 bytes, Stack size unknown bytes, entry11a.o(.ARM.Collect$$$$0000000F))

<P><STRONG><a name="[6]"></a>SVC_Handler</STRONG> (Thumb, 28 bytes, Stack size 0 bytes, port.o(.emb_text))
<BR>[Address Reference Count : 1]<UL><LI> startup_lpc43xx.o(RESET)
</UL>
<P><STRONG><a name="[2f6]"></a>__asm___6_port_c_39a90d8d__prvStartFirstTask</STRONG> (Thumb, 28 bytes, Stack size 0 bytes, port.o(.emb_text))
<BR><BR>[Called By]<UL><LI><a href="#[2f2]">&gt;&gt;</a>&nbsp;&nbsp;&nbsp;xPortStartScheduler
</UL>

<P><STRONG><a name="[2f5]"></a>__asm___6_port_c_39a90d8d__prvEnableVFP</STRONG> (Thumb, 16 bytes, Stack size 0 bytes, port.o(.emb_text))
<BR><BR>[Called By]<UL><LI><a href="#[2f2]">&gt;&gt;</a>&nbsp;&nbsp;&nbsp;xPortStartScheduler
</UL>

<P><STRONG><a name="[8]"></a>PendSV_Handler</STRONG> (Thumb, 88 bytes, Stack size 0 bytes, port.o(.emb_text))
<BR><BR>[Stack]<UL><LI>Max Depth = 80<LI>Call Chain = PendSV_Handler &rArr; vTaskSwitchContext &rArr; vApplicationStackOverflowHook &rArr; lpc_printf &rArr; __c89vsnprintf
</UL>
<BR>[Calls]<UL><LI><a href="#[bb]">&gt;&gt;</a>&nbsp;&nbsp;&nbsp;vTaskSwitchContext
</UL>
<BR>[Address Reference Count : 1]<UL><LI> startup_lpc43xx.o(RESET)
</UL>
<P><STRONG><a name="[2eb]"></a>vPortGetIPSR</STRONG> (Thumb, 6 bytes, Stack size 0 bytes, port.o(.emb_text))
<BR><BR>[Called By]<UL><LI><a href="#[2ea]">&gt;&gt;</a>&nbsp;&nbsp;&nbsp;vPortValidateInterruptPriority
</UL>

<P><STRONG><a name="[0]"></a>Reset_Handler</STRONG> (Thumb, 4 bytes, Stack size 0 bytes, startup_lpc43xx.o(.text))
<BR>[Address Reference Count : 1]<UL><LI> startup_lpc43xx.o(RESET)
</UL>
<P><STRONG><a name="[1]"></a>NMI_Handler</STRONG> (Thumb, 2 bytes, Stack size 0 bytes, startup_lpc43xx.o(.text))
<BR><BR>[Calls]<UL><LI><a href="#[1]">&gt;&gt;</a>&nbsp;&nbsp;&nbsp;NMI_Handler
</UL>
<BR>[Called By]<UL><LI><a href="#[1]">&gt;&gt;</a>&nbsp;&nbsp;&nbsp;NMI_Handler
</UL>
<BR>[Address Reference Count : 1]<UL><LI> startup_lpc43xx.o(RESET)
</UL>
<P><STRONG><a name="[2]"></a>HardFault_Handler</STRONG> (Thumb, 2 bytes, Stack size 0 bytes, startup_lpc43xx.o(.text))
<BR><BR>[Calls]<UL><LI><a href="#[2]">&gt;&gt;</a>&nbsp;&nbsp;&nbsp;HardFault_Handler
</UL>
<BR>[Called By]<UL><LI><a href="#[2]">&gt;&gt;</a>&nbsp;&nbsp;&nbsp;HardFault_Handler
</UL>
<BR>[Address Reference Count : 1]<UL><LI> startup_lpc43xx.o(RESET)
</UL>
<P><STRONG><a name="[3]"></a>MemManage_Handler</STRONG> (Thumb, 2 bytes, Stack size 0 bytes, startup_lpc43xx.o(.text))
<BR><BR>[Calls]<UL><LI><a href="#[3]">&gt;&gt;</a>&nbsp;&nbsp;&nbsp;MemManage_Handler
</UL>
<BR>[Called By]<UL><LI><a href="#[3]">&gt;&gt;</a>&nbsp;&nbsp;&nbsp;MemManage_Handler
</UL>
<BR>[Address Reference Count : 1]<UL><LI> startup_lpc43xx.o(RESET)
</UL>
<P><STRONG><a name="[4]"></a>BusFault_Handler</STRONG> (Thumb, 2 bytes, Stack size 0 bytes, startup_lpc43xx.o(.text))
<BR><BR>[Calls]<UL><LI><a href="#[4]">&gt;&gt;</a>&nbsp;&nbsp;&nbsp;BusFault_Handler
</UL>
<BR>[Called By]<UL><LI><a href="#[4]">&gt;&gt;</a>&nbsp;&nbsp;&nbsp;BusFault_Handler
</UL>
<BR>[Address Reference Count : 1]<UL><LI> startup_lpc43xx.o(RESET)
</UL>
<P><STRONG><a name="[5]"></a>UsageFault_Handler</STRONG> (Thumb, 2 bytes, Stack size 0 bytes, startup_lpc43xx.o(.text))
<BR><BR>[Calls]<UL><LI><a href="#[5]">&gt;&gt;</a>&nbsp;&nbsp;&nbsp;UsageFault_Handler
</UL>
<BR>[Called By]<UL><LI><a href="#[5]">&gt;&gt;</a>&nbsp;&nbsp;&nbsp;UsageFault_Handler
</UL>
<BR>[Address Reference Count : 1]<UL><LI> startup_lpc43xx.o(RESET)
</UL>
<P><STRONG><a name="[bc]"></a>vPortSVCHandler</STRONG> (Thumb, 2 bytes, Stack size 0 bytes, startup_lpc43xx.o(.text), UNUSED)
<BR><BR>[Calls]<UL><LI><a href="#[bc]">&gt;&gt;</a>&nbsp;&nbsp;&nbsp;vPortSVCHandler
</UL>
<BR>[Called By]<UL><LI><a href="#[bc]">&gt;&gt;</a>&nbsp;&nbsp;&nbsp;vPortSVCHandler
</UL>

<P><STRONG><a name="[7]"></a>DebugMon_Handler</STRONG> (Thumb, 2 bytes, Stack size 0 bytes, startup_lpc43xx.o(.text))
<BR><BR>[Calls]<UL><LI><a href="#[7]">&gt;&gt;</a>&nbsp;&nbsp;&nbsp;DebugMon_Handler
</UL>
<BR>[Called By]<UL><LI><a href="#[7]">&gt;&gt;</a>&nbsp;&nbsp;&nbsp;DebugMon_Handler
</UL>
<BR>[Address Reference Count : 1]<UL><LI> startup_lpc43xx.o(RESET)
</UL>
<P><STRONG><a name="[bd]"></a>xPortPendSVHandler</STRONG> (Thumb, 2 bytes, Stack size 0 bytes, startup_lpc43xx.o(.text), UNUSED)
<BR><BR>[Calls]<UL><LI><a href="#[bd]">&gt;&gt;</a>&nbsp;&nbsp;&nbsp;xPortPendSVHandler
</UL>
<BR>[Called By]<UL><LI><a href="#[bd]">&gt;&gt;</a>&nbsp;&nbsp;&nbsp;xPortPendSVHandler
</UL>

<P><STRONG><a name="[be]"></a>xPortSysTickHandler</STRONG> (Thumb, 2 bytes, Stack size 0 bytes, startup_lpc43xx.o(.text), UNUSED)
<BR><BR>[Calls]<UL><LI><a href="#[be]">&gt;&gt;</a>&nbsp;&nbsp;&nbsp;xPortSysTickHandler
</UL>
<BR>[Called By]<UL><LI><a href="#[be]">&gt;&gt;</a>&nbsp;&nbsp;&nbsp;xPortSysTickHandler
</UL>

<P><STRONG><a name="[1b]"></a>ADC0_IRQHandler</STRONG> (Thumb, 0 bytes, Stack size 0 bytes, startup_lpc43xx.o(.text))
<BR><BR>[Calls]<UL><LI><a href="#[1b]">&gt;&gt;</a>&nbsp;&nbsp;&nbsp;ADC0_IRQHandler
</UL>
<BR>[Called By]<UL><LI><a href="#[1b]">&gt;&gt;</a>&nbsp;&nbsp;&nbsp;ADC0_IRQHandler
</UL>
<BR>[Address Reference Count : 1]<UL><LI> startup_lpc43xx.o(RESET)
</UL>
<P><STRONG><a name="[1f]"></a>ADC1_IRQHandler</STRONG> (Thumb, 0 bytes, Stack size 0 bytes, startup_lpc43xx.o(.text))
<BR>[Address Reference Count : 1]<UL><LI> startup_lpc43xx.o(RESET)
</UL>
<P><STRONG><a name="[37]"></a>ATIMER_IRQHandler</STRONG> (Thumb, 0 bytes, Stack size 0 bytes, startup_lpc43xx.o(.text))
<BR>[Address Reference Count : 1]<UL><LI> startup_lpc43xx.o(RESET)
</UL>
<P><STRONG><a name="[3b]"></a>CAN0_IRQHandler</STRONG> (Thumb, 0 bytes, Stack size 0 bytes, startup_lpc43xx.o(.text))
<BR>[Address Reference Count : 1]<UL><LI> startup_lpc43xx.o(RESET)
</UL>
<P><STRONG><a name="[35]"></a>CAN1_IRQHandler</STRONG> (Thumb, 0 bytes, Stack size 0 bytes, startup_lpc43xx.o(.text))
<BR>[Address Reference Count : 1]<UL><LI> startup_lpc43xx.o(RESET)
</UL>
<P><STRONG><a name="[a]"></a>DAC_IRQHandler</STRONG> (Thumb, 0 bytes, Stack size 0 bytes, startup_lpc43xx.o(.text))
<BR>[Address Reference Count : 1]<UL><LI> startup_lpc43xx.o(RESET)
</UL>
<P><STRONG><a name="[c]"></a>DMA_IRQHandler</STRONG> (Thumb, 0 bytes, Stack size 0 bytes, startup_lpc43xx.o(.text))
<BR>[Address Reference Count : 1]<UL><LI> startup_lpc43xx.o(RESET)
</UL>
<P><STRONG><a name="[f]"></a>ETH_IRQHandler</STRONG> (Thumb, 0 bytes, Stack size 0 bytes, startup_lpc43xx.o(.text))
<BR>[Address Reference Count : 1]<UL><LI> startup_lpc43xx.o(RESET)
</UL>
<P><STRONG><a name="[34]"></a>EVRT_IRQHandler</STRONG> (Thumb, 0 bytes, Stack size 0 bytes, startup_lpc43xx.o(.text))
<BR>[Address Reference Count : 1]<UL><LI> startup_lpc43xx.o(RESET)
</UL>
<P><STRONG><a name="[d]"></a>EZH_IRQHandler</STRONG> (Thumb, 0 bytes, Stack size 0 bytes, startup_lpc43xx.o(.text))
<BR>[Address Reference Count : 1]<UL><LI> startup_lpc43xx.o(RESET)
</UL>
<P><STRONG><a name="[e]"></a>FLASH_EEPROM_IRQHandler</STRONG> (Thumb, 0 bytes, Stack size 0 bytes, startup_lpc43xx.o(.text))
<BR>[Address Reference Count : 1]<UL><LI> startup_lpc43xx.o(RESET)
</UL>
<P><STRONG><a name="[32]"></a>GINT0_IRQHandler</STRONG> (Thumb, 0 bytes, Stack size 0 bytes, startup_lpc43xx.o(.text))
<BR>[Address Reference Count : 1]<UL><LI> startup_lpc43xx.o(RESET)
</UL>
<P><STRONG><a name="[33]"></a>GINT1_IRQHandler</STRONG> (Thumb, 0 bytes, Stack size 0 bytes, startup_lpc43xx.o(.text))
<BR>[Address Reference Count : 1]<UL><LI> startup_lpc43xx.o(RESET)
</UL>
<P><STRONG><a name="[2a]"></a>GPIO0_IRQHandler</STRONG> (Thumb, 0 bytes, Stack size 0 bytes, startup_lpc43xx.o(.text))
<BR>[Address Reference Count : 1]<UL><LI> startup_lpc43xx.o(RESET)
</UL>
<P><STRONG><a name="[2b]"></a>GPIO1_IRQHandler</STRONG> (Thumb, 0 bytes, Stack size 0 bytes, startup_lpc43xx.o(.text))
<BR>[Address Reference Count : 1]<UL><LI> startup_lpc43xx.o(RESET)
</UL>
<P><STRONG><a name="[2c]"></a>GPIO2_IRQHandler</STRONG> (Thumb, 0 bytes, Stack size 0 bytes, startup_lpc43xx.o(.text))
<BR>[Address Reference Count : 1]<UL><LI> startup_lpc43xx.o(RESET)
</UL>
<P><STRONG><a name="[2e]"></a>GPIO4_IRQHandler</STRONG> (Thumb, 0 bytes, Stack size 0 bytes, startup_lpc43xx.o(.text))
<BR>[Address Reference Count : 1]<UL><LI> startup_lpc43xx.o(RESET)
</UL>
<P><STRONG><a name="[2f]"></a>GPIO5_IRQHandler</STRONG> (Thumb, 0 bytes, Stack size 0 bytes, startup_lpc43xx.o(.text))
<BR>[Address Reference Count : 1]<UL><LI> startup_lpc43xx.o(RESET)
</UL>
<P><STRONG><a name="[1c]"></a>I2C0_IRQHandler</STRONG> (Thumb, 0 bytes, Stack size 0 bytes, startup_lpc43xx.o(.text))
<BR>[Address Reference Count : 1]<UL><LI> startup_lpc43xx.o(RESET)
</UL>
<P><STRONG><a name="[1d]"></a>I2C1_IRQHandler</STRONG> (Thumb, 0 bytes, Stack size 0 bytes, startup_lpc43xx.o(.text))
<BR>[Address Reference Count : 1]<UL><LI> startup_lpc43xx.o(RESET)
</UL>
<P><STRONG><a name="[26]"></a>I2S0_IRQHandler</STRONG> (Thumb, 0 bytes, Stack size 0 bytes, startup_lpc43xx.o(.text))
<BR>[Address Reference Count : 1]<UL><LI> startup_lpc43xx.o(RESET)
</UL>
<P><STRONG><a name="[27]"></a>I2S1_IRQHandler</STRONG> (Thumb, 0 bytes, Stack size 0 bytes, startup_lpc43xx.o(.text))
<BR>[Address Reference Count : 1]<UL><LI> startup_lpc43xx.o(RESET)
</UL>
<P><STRONG><a name="[11]"></a>LCD_IRQHandler</STRONG> (Thumb, 0 bytes, Stack size 0 bytes, startup_lpc43xx.o(.text))
<BR>[Address Reference Count : 1]<UL><LI> startup_lpc43xx.o(RESET)
</UL>
<P><STRONG><a name="[b]"></a>M0CORE_IRQHandler</STRONG> (Thumb, 0 bytes, Stack size 0 bytes, startup_lpc43xx.o(.text))
<BR>[Address Reference Count : 1]<UL><LI> startup_lpc43xx.o(RESET)
</UL>
<P><STRONG><a name="[3a]"></a>M0s_IRQHandler</STRONG> (Thumb, 0 bytes, Stack size 0 bytes, startup_lpc43xx.o(.text))
<BR>[Address Reference Count : 1]<UL><LI> startup_lpc43xx.o(RESET)
</UL>
<P><STRONG><a name="[1a]"></a>MCPWM_IRQHandler</STRONG> (Thumb, 0 bytes, Stack size 0 bytes, startup_lpc43xx.o(.text))
<BR>[Address Reference Count : 1]<UL><LI> startup_lpc43xx.o(RESET)
</UL>
<P><STRONG><a name="[3c]"></a>QEI_IRQHandler</STRONG> (Thumb, 0 bytes, Stack size 0 bytes, startup_lpc43xx.o(.text))
<BR>[Address Reference Count : 1]<UL><LI> startup_lpc43xx.o(RESET)
</UL>
<P><STRONG><a name="[38]"></a>RTC_IRQHandler</STRONG> (Thumb, 0 bytes, Stack size 0 bytes, startup_lpc43xx.o(.text))
<BR>[Address Reference Count : 1]<UL><LI> startup_lpc43xx.o(RESET)
</UL>
<P><STRONG><a name="[14]"></a>SCT_IRQHandler</STRONG> (Thumb, 0 bytes, Stack size 0 bytes, startup_lpc43xx.o(.text))
<BR>[Address Reference Count : 1]<UL><LI> startup_lpc43xx.o(RESET)
</UL>
<P><STRONG><a name="[29]"></a>SGPIO_IRQHandler</STRONG> (Thumb, 0 bytes, Stack size 0 bytes, startup_lpc43xx.o(.text))
<BR>[Address Reference Count : 1]<UL><LI> startup_lpc43xx.o(RESET)
</UL>
<P><STRONG><a name="[28]"></a>SPIFI_IRQHandler</STRONG> (Thumb, 0 bytes, Stack size 0 bytes, startup_lpc43xx.o(.text))
<BR>[Address Reference Count : 1]<UL><LI> startup_lpc43xx.o(RESET)
</UL>
<P><STRONG><a name="[1e]"></a>SPI_IRQHandler</STRONG> (Thumb, 0 bytes, Stack size 0 bytes, startup_lpc43xx.o(.text))
<BR>[Address Reference Count : 1]<UL><LI> startup_lpc43xx.o(RESET)
</UL>
<P><STRONG><a name="[20]"></a>SSP0_IRQHandler</STRONG> (Thumb, 0 bytes, Stack size 0 bytes, startup_lpc43xx.o(.text))
<BR>[Address Reference Count : 1]<UL><LI> startup_lpc43xx.o(RESET)
</UL>
<P><STRONG><a name="[21]"></a>SSP1_IRQHandler</STRONG> (Thumb, 0 bytes, Stack size 0 bytes, startup_lpc43xx.o(.text))
<BR>[Address Reference Count : 1]<UL><LI> startup_lpc43xx.o(RESET)
</UL>
<P><STRONG><a name="[16]"></a>TIMER0_IRQHandler</STRONG> (Thumb, 0 bytes, Stack size 0 bytes, startup_lpc43xx.o(.text))
<BR>[Address Reference Count : 1]<UL><LI> startup_lpc43xx.o(RESET)
</UL>
<P><STRONG><a name="[17]"></a>TIMER1_IRQHandler</STRONG> (Thumb, 0 bytes, Stack size 0 bytes, startup_lpc43xx.o(.text))
<BR>[Address Reference Count : 1]<UL><LI> startup_lpc43xx.o(RESET)
</UL>
<P><STRONG><a name="[18]"></a>TIMER2_IRQHandler</STRONG> (Thumb, 0 bytes, Stack size 0 bytes, startup_lpc43xx.o(.text))
<BR>[Address Reference Count : 1]<UL><LI> startup_lpc43xx.o(RESET)
</UL>
<P><STRONG><a name="[19]"></a>TIMER3_IRQHandler</STRONG> (Thumb, 0 bytes, Stack size 0 bytes, startup_lpc43xx.o(.text))
<BR>[Address Reference Count : 1]<UL><LI> startup_lpc43xx.o(RESET)
</UL>
<P><STRONG><a name="[22]"></a>UART0_IRQHandler</STRONG> (Thumb, 0 bytes, Stack size 0 bytes, startup_lpc43xx.o(.text))
<BR>[Address Reference Count : 1]<UL><LI> startup_lpc43xx.o(RESET)
</UL>
<P><STRONG><a name="[23]"></a>UART1_IRQHandler</STRONG> (Thumb, 0 bytes, Stack size 0 bytes, startup_lpc43xx.o(.text))
<BR>[Address Reference Count : 1]<UL><LI> startup_lpc43xx.o(RESET)
</UL>
<P><STRONG><a name="[24]"></a>UART2_IRQHandler</STRONG> (Thumb, 0 bytes, Stack size 0 bytes, startup_lpc43xx.o(.text))
<BR>[Address Reference Count : 1]<UL><LI> startup_lpc43xx.o(RESET)
</UL>
<P><STRONG><a name="[25]"></a>UART3_IRQHandler</STRONG> (Thumb, 0 bytes, Stack size 0 bytes, startup_lpc43xx.o(.text))
<BR>[Address Reference Count : 1]<UL><LI> startup_lpc43xx.o(RESET)
</UL>
<P><STRONG><a name="[13]"></a>USB1_IRQHandler</STRONG> (Thumb, 0 bytes, Stack size 0 bytes, startup_lpc43xx.o(.text))
<BR>[Address Reference Count : 1]<UL><LI> startup_lpc43xx.o(RESET)
</UL>
<P><STRONG><a name="[36]"></a>VADC_IRQHandler</STRONG> (Thumb, 0 bytes, Stack size 0 bytes, startup_lpc43xx.o(.text))
<BR>[Address Reference Count : 1]<UL><LI> startup_lpc43xx.o(RESET)
</UL>
<P><STRONG><a name="[39]"></a>WDT_IRQHandler</STRONG> (Thumb, 0 bytes, Stack size 0 bytes, startup_lpc43xx.o(.text))
<BR>[Address Reference Count : 1]<UL><LI> startup_lpc43xx.o(RESET)
</UL>
<P><STRONG><a name="[19d]"></a>getPC</STRONG> (Thumb, 4 bytes, Stack size 0 bytes, startup_lpc43xx.o(.text))
<BR><BR>[Called By]<UL><LI><a href="#[19c]">&gt;&gt;</a>&nbsp;&nbsp;&nbsp;SystemInit
</UL>

<P><STRONG><a name="[bf]"></a>__aeabi_uldivmod</STRONG> (Thumb, 98 bytes, Stack size 40 bytes, uldiv.o(.text))
<BR><BR>[Stack]<UL><LI>Max Depth = 40<LI>Call Chain = __aeabi_uldivmod
</UL>
<BR>[Calls]<UL><LI><a href="#[c0]">&gt;&gt;</a>&nbsp;&nbsp;&nbsp;__aeabi_llsr
<LI><a href="#[c1]">&gt;&gt;</a>&nbsp;&nbsp;&nbsp;__aeabi_llsl
</UL>
<BR>[Called By]<UL><LI><a href="#[188]">&gt;&gt;</a>&nbsp;&nbsp;&nbsp;SSP_Init
<LI><a href="#[19f]">&gt;&gt;</a>&nbsp;&nbsp;&nbsp;WaitUs
<LI><a href="#[1a2]">&gt;&gt;</a>&nbsp;&nbsp;&nbsp;converUSecToVal
<LI><a href="#[18b]">&gt;&gt;</a>&nbsp;&nbsp;&nbsp;Timer_start
<LI><a href="#[19e]">&gt;&gt;</a>&nbsp;&nbsp;&nbsp;SystemInit_ExtMemCtl
<LI><a href="#[c2]">&gt;&gt;</a>&nbsp;&nbsp;&nbsp;__aeabi_ldivmod
<LI><a href="#[201]">&gt;&gt;</a>&nbsp;&nbsp;&nbsp;_printf_core
<LI><a href="#[203]">&gt;&gt;</a>&nbsp;&nbsp;&nbsp;_fp_digits
</UL>

<P><STRONG><a name="[c2]"></a>__aeabi_ldivmod</STRONG> (Thumb, 90 bytes, Stack size 24 bytes, ldiv.o(.text))
<BR><BR>[Stack]<UL><LI>Max Depth = 64<LI>Call Chain = __aeabi_ldivmod &rArr; __aeabi_uldivmod
</UL>
<BR>[Calls]<UL><LI><a href="#[bf]">&gt;&gt;</a>&nbsp;&nbsp;&nbsp;__aeabi_uldivmod
</UL>
<BR>[Called By]<UL><LI><a href="#[3e1]">&gt;&gt;</a>&nbsp;&nbsp;&nbsp;yaffsfs_DoStat
</UL>

<P><STRONG><a name="[d2]"></a>__aeabi_lasr</STRONG> (Thumb, 36 bytes, Stack size 0 bytes, llsshr.o(.text))
<BR><BR>[Called By]<UL><LI><a href="#[d1]">&gt;&gt;</a>&nbsp;&nbsp;&nbsp;__aeabi_dadd
<LI><a href="#[368]">&gt;&gt;</a>&nbsp;&nbsp;&nbsp;yaffs_addr_to_chunk
</UL>

<P><STRONG><a name="[458]"></a>_ll_sshift_r</STRONG> (Thumb, 0 bytes, Stack size 0 bytes, llsshr.o(.text), UNUSED)

<P><STRONG><a name="[2b4]"></a>rand</STRONG> (Thumb, 20 bytes, Stack size 0 bytes, rand.o(.text))
<BR><BR>[Called By]<UL><LI><a href="#[191]">&gt;&gt;</a>&nbsp;&nbsp;&nbsp;sendShortSubTask
<LI><a href="#[10b]">&gt;&gt;</a>&nbsp;&nbsp;&nbsp;radio_send
</UL>

<P><STRONG><a name="[2cb]"></a>srand</STRONG> (Thumb, 6 bytes, Stack size 0 bytes, rand.o(.text))
<BR><BR>[Called By]<UL><LI><a href="#[2c8]">&gt;&gt;</a>&nbsp;&nbsp;&nbsp;rf233_generate_random_seed
</UL>

<P><STRONG><a name="[10a]"></a>__aeabi_memcpy</STRONG> (Thumb, 36 bytes, Stack size 0 bytes, memcpya.o(.text))
<BR><BR>[Called By]<UL><LI><a href="#[13d]">&gt;&gt;</a>&nbsp;&nbsp;&nbsp;VCOM_Write
<LI><a href="#[164]">&gt;&gt;</a>&nbsp;&nbsp;&nbsp;RemoteCommand_execute
<LI><a href="#[16d]">&gt;&gt;</a>&nbsp;&nbsp;&nbsp;RemoteSensing_start
<LI><a href="#[138]">&gt;&gt;</a>&nbsp;&nbsp;&nbsp;PackAndSave
<LI><a href="#[285]">&gt;&gt;</a>&nbsp;&nbsp;&nbsp;unpackSensorData
<LI><a href="#[267]">&gt;&gt;</a>&nbsp;&nbsp;&nbsp;packSensorData
<LI><a href="#[180]">&gt;&gt;</a>&nbsp;&nbsp;&nbsp;RetrieveunpackSensorData
<LI><a href="#[2d1]">&gt;&gt;</a>&nbsp;&nbsp;&nbsp;rf233_prepare
<LI><a href="#[296]">&gt;&gt;</a>&nbsp;&nbsp;&nbsp;prvCopyDataToQueue
<LI><a href="#[295]">&gt;&gt;</a>&nbsp;&nbsp;&nbsp;prvCopyDataFromQueue
<LI><a href="#[1b5]">&gt;&gt;</a>&nbsp;&nbsp;&nbsp;timeoutResetTask
<LI><a href="#[1b3]">&gt;&gt;</a>&nbsp;&nbsp;&nbsp;ssmiReorder
<LI><a href="#[67]">&gt;&gt;</a>&nbsp;&nbsp;&nbsp;smcallback
<LI><a href="#[1b4]">&gt;&gt;</a>&nbsp;&nbsp;&nbsp;sendDoneTask
<LI><a href="#[2bc]">&gt;&gt;</a>&nbsp;&nbsp;&nbsp;receivedTask
<LI><a href="#[26c]">&gt;&gt;</a>&nbsp;&nbsp;&nbsp;handleReceiveCommon
<LI><a href="#[227]">&gt;&gt;</a>&nbsp;&nbsp;&nbsp;beginTask
<LI><a href="#[68]">&gt;&gt;</a>&nbsp;&nbsp;&nbsp;TimerShort_fired
<LI><a href="#[1af]">&gt;&gt;</a>&nbsp;&nbsp;&nbsp;sldiReorder
<LI><a href="#[60]">&gt;&gt;</a>&nbsp;&nbsp;&nbsp;ldcallback_notice
<LI><a href="#[61]">&gt;&gt;</a>&nbsp;&nbsp;&nbsp;ldcallback_data
<LI><a href="#[5f]">&gt;&gt;</a>&nbsp;&nbsp;&nbsp;ldcallback_ack
<LI><a href="#[269]">&gt;&gt;</a>&nbsp;&nbsp;&nbsp;handleNotice
<LI><a href="#[4c]">&gt;&gt;</a>&nbsp;&nbsp;&nbsp;ReliableComm_sendDone
<LI><a href="#[4b]">&gt;&gt;</a>&nbsp;&nbsp;&nbsp;ReliableComm_receive
<LI><a href="#[162]">&gt;&gt;</a>&nbsp;&nbsp;&nbsp;swapMsgs
<LI><a href="#[15d]">&gt;&gt;</a>&nbsp;&nbsp;&nbsp;SendSMsg_send
<LI><a href="#[49]">&gt;&gt;</a>&nbsp;&nbsp;&nbsp;smcallback
<LI><a href="#[158]">&gt;&gt;</a>&nbsp;&nbsp;&nbsp;ReliableComm_send
<LI><a href="#[113]">&gt;&gt;</a>&nbsp;&nbsp;&nbsp;GenericComm_send
<LI><a href="#[109]">&gt;&gt;</a>&nbsp;&nbsp;&nbsp;GenericComm_bcast
<LI><a href="#[10b]">&gt;&gt;</a>&nbsp;&nbsp;&nbsp;radio_send
<LI><a href="#[260]">&gt;&gt;</a>&nbsp;&nbsp;&nbsp;radio_recv
<LI><a href="#[1bf]">&gt;&gt;</a>&nbsp;&nbsp;&nbsp;writecfg_adxl
<LI><a href="#[1be]">&gt;&gt;</a>&nbsp;&nbsp;&nbsp;readcfg_adxl
<LI><a href="#[105]">&gt;&gt;</a>&nbsp;&nbsp;&nbsp;TimeSync_msg2dat
<LI><a href="#[31c]">&gt;&gt;</a>&nbsp;&nbsp;&nbsp;yaffs2_checkpt_init_chunk_hdr
<LI><a href="#[314]">&gt;&gt;</a>&nbsp;&nbsp;&nbsp;yaffs2_checkpt_check_chunk_hdr
<LI><a href="#[282]">&gt;&gt;</a>&nbsp;&nbsp;&nbsp;nval_set
<LI><a href="#[27c]">&gt;&gt;</a>&nbsp;&nbsp;&nbsp;nval_del
<LI><a href="#[311]">&gt;&gt;</a>&nbsp;&nbsp;&nbsp;yaffs_update_oh
<LI><a href="#[3c3]">&gt;&gt;</a>&nbsp;&nbsp;&nbsp;yaffs_file_rd
<LI><a href="#[339]">&gt;&gt;</a>&nbsp;&nbsp;&nbsp;yaffs_do_file_wr
<LI><a href="#[b6]">&gt;&gt;</a>&nbsp;&nbsp;&nbsp;yaffs_tags_marshall_read
<LI><a href="#[34b]">&gt;&gt;</a>&nbsp;&nbsp;&nbsp;yaffs_summary_read
<LI><a href="#[42b]">&gt;&gt;</a>&nbsp;&nbsp;&nbsp;yaffs_summary_write
<LI><a href="#[a9]">&gt;&gt;</a>&nbsp;&nbsp;&nbsp;yaffs_nand_drv_WriteChunk
<LI><a href="#[aa]">&gt;&gt;</a>&nbsp;&nbsp;&nbsp;yaffs_nand_drv_ReadChunk
</UL>

<P><STRONG><a name="[1dd]"></a>__aeabi_memcpy4</STRONG> (Thumb, 0 bytes, Stack size 0 bytes, memcpya.o(.text))
<BR><BR>[Called By]<UL><LI><a href="#[1dc]">&gt;&gt;</a>&nbsp;&nbsp;&nbsp;USB_Init
<LI><a href="#[1be]">&gt;&gt;</a>&nbsp;&nbsp;&nbsp;readcfg_adxl
<LI><a href="#[32d]">&gt;&gt;</a>&nbsp;&nbsp;&nbsp;yaffs2_do_endian_tnode_copy
<LI><a href="#[347]">&gt;&gt;</a>&nbsp;&nbsp;&nbsp;yaffs_add_find_tnode_0
</UL>

<P><STRONG><a name="[459]"></a>__aeabi_memcpy8</STRONG> (Thumb, 0 bytes, Stack size 0 bytes, memcpya.o(.text), UNUSED)

<P><STRONG><a name="[c4]"></a>__aeabi_memset</STRONG> (Thumb, 14 bytes, Stack size 0 bytes, memseta.o(.text))
<BR><BR>[Called By]<UL><LI><a href="#[288]">&gt;&gt;</a>&nbsp;&nbsp;&nbsp;prvAllocateTCBAndStack
<LI><a href="#[356]">&gt;&gt;</a>&nbsp;&nbsp;&nbsp;yaffs2_wr_checkpt_objs
<LI><a href="#[311]">&gt;&gt;</a>&nbsp;&nbsp;&nbsp;yaffs_update_oh
<LI><a href="#[379]">&gt;&gt;</a>&nbsp;&nbsp;&nbsp;yaffs_retire_block
<LI><a href="#[b2]">&gt;&gt;</a>&nbsp;&nbsp;&nbsp;yaffs_tags_compat_rd
<LI><a href="#[b3]">&gt;&gt;</a>&nbsp;&nbsp;&nbsp;yaffs_tags_compat_query_block
<LI><a href="#[b4]">&gt;&gt;</a>&nbsp;&nbsp;&nbsp;yaffs_tags_compat_mark_bad
<LI><a href="#[429]">&gt;&gt;</a>&nbsp;&nbsp;&nbsp;yaffs_spare_init
<LI><a href="#[a9]">&gt;&gt;</a>&nbsp;&nbsp;&nbsp;yaffs_nand_drv_WriteChunk
<LI><a href="#[ac]">&gt;&gt;</a>&nbsp;&nbsp;&nbsp;yaffs_nand_drv_MarkBad
<LI><a href="#[c5]">&gt;&gt;</a>&nbsp;&nbsp;&nbsp;_memset$wrapper
<LI><a href="#[c3]">&gt;&gt;</a>&nbsp;&nbsp;&nbsp;__aeabi_memclr
</UL>

<P><STRONG><a name="[45a]"></a>__aeabi_memset4</STRONG> (Thumb, 0 bytes, Stack size 0 bytes, memseta.o(.text), UNUSED)

<P><STRONG><a name="[45b]"></a>__aeabi_memset8</STRONG> (Thumb, 0 bytes, Stack size 0 bytes, memseta.o(.text), UNUSED)

<P><STRONG><a name="[c3]"></a>__aeabi_memclr</STRONG> (Thumb, 4 bytes, Stack size 0 bytes, memseta.o(.text))
<BR><BR>[Calls]<UL><LI><a href="#[c4]">&gt;&gt;</a>&nbsp;&nbsp;&nbsp;__aeabi_memset
</UL>
<BR>[Called By]<UL><LI><a href="#[139]">&gt;&gt;</a>&nbsp;&nbsp;&nbsp;sdcalloc
<LI><a href="#[16d]">&gt;&gt;</a>&nbsp;&nbsp;&nbsp;RemoteSensing_start
<LI><a href="#[138]">&gt;&gt;</a>&nbsp;&nbsp;&nbsp;PackAndSave
<LI><a href="#[1bd]">&gt;&gt;</a>&nbsp;&nbsp;&nbsp;TrigSenCfgSend
<LI><a href="#[262]">&gt;&gt;</a>&nbsp;&nbsp;&nbsp;yaffs_get_obj_name
<LI><a href="#[1b5]">&gt;&gt;</a>&nbsp;&nbsp;&nbsp;timeoutResetTask
<LI><a href="#[2bc]">&gt;&gt;</a>&nbsp;&nbsp;&nbsp;receivedTask
<LI><a href="#[1b2]">&gt;&gt;</a>&nbsp;&nbsp;&nbsp;nodeInqTask
<LI><a href="#[1b6]">&gt;&gt;</a>&nbsp;&nbsp;&nbsp;informAckNodeTask
<LI><a href="#[26c]">&gt;&gt;</a>&nbsp;&nbsp;&nbsp;handleReceiveCommon
<LI><a href="#[2dd]">&gt;&gt;</a>&nbsp;&nbsp;&nbsp;sendNoticeEndTask
<LI><a href="#[1b1]">&gt;&gt;</a>&nbsp;&nbsp;&nbsp;reqMissingDataTask
<LI><a href="#[18c]">&gt;&gt;</a>&nbsp;&nbsp;&nbsp;nodeInqTask
<LI><a href="#[1ad]">&gt;&gt;</a>&nbsp;&nbsp;&nbsp;informAckNodeTask
<LI><a href="#[269]">&gt;&gt;</a>&nbsp;&nbsp;&nbsp;handleNotice
<LI><a href="#[1ae]">&gt;&gt;</a>&nbsp;&nbsp;&nbsp;comment3CheckTask
<LI><a href="#[62]">&gt;&gt;</a>&nbsp;&nbsp;&nbsp;TimerNotice_fired
<LI><a href="#[15d]">&gt;&gt;</a>&nbsp;&nbsp;&nbsp;SendSMsg_send
<LI><a href="#[156]">&gt;&gt;</a>&nbsp;&nbsp;&nbsp;SendSMsg_reset
<LI><a href="#[14f]">&gt;&gt;</a>&nbsp;&nbsp;&nbsp;SendSMsg_init
<LI><a href="#[15f]">&gt;&gt;</a>&nbsp;&nbsp;&nbsp;SendLData_send
<LI><a href="#[15e]">&gt;&gt;</a>&nbsp;&nbsp;&nbsp;SendLData_bcast
<LI><a href="#[158]">&gt;&gt;</a>&nbsp;&nbsp;&nbsp;ReliableComm_send
<LI><a href="#[14d]">&gt;&gt;</a>&nbsp;&nbsp;&nbsp;ReliableComm_init
<LI><a href="#[46]">&gt;&gt;</a>&nbsp;&nbsp;&nbsp;SendLData_SLDIReq
<LI><a href="#[322]">&gt;&gt;</a>&nbsp;&nbsp;&nbsp;yaffs2_checkpt_open
<LI><a href="#[31b]">&gt;&gt;</a>&nbsp;&nbsp;&nbsp;yaffs2_checkpt_flush_buffer
<LI><a href="#[2ff]">&gt;&gt;</a>&nbsp;&nbsp;&nbsp;yaffs_clear_chunk_bits
<LI><a href="#[407]">&gt;&gt;</a>&nbsp;&nbsp;&nbsp;yaffsfs_InitHandles
<LI><a href="#[337]">&gt;&gt;</a>&nbsp;&nbsp;&nbsp;yaffs2_handle_hole
<LI><a href="#[27c]">&gt;&gt;</a>&nbsp;&nbsp;&nbsp;nval_del
<LI><a href="#[311]">&gt;&gt;</a>&nbsp;&nbsp;&nbsp;yaffs_update_oh
<LI><a href="#[33a]">&gt;&gt;</a>&nbsp;&nbsp;&nbsp;yaffs_resize_file_down
<LI><a href="#[3b6]">&gt;&gt;</a>&nbsp;&nbsp;&nbsp;yaffs_rd_data_obj
<LI><a href="#[3f7]">&gt;&gt;</a>&nbsp;&nbsp;&nbsp;yaffs_init_blocks
<LI><a href="#[ad]">&gt;&gt;</a>&nbsp;&nbsp;&nbsp;yaffs_nand_drv_CheckBad
</UL>

<P><STRONG><a name="[112]"></a>__aeabi_memclr4</STRONG> (Thumb, 0 bytes, Stack size 0 bytes, memseta.o(.text))
<BR><BR>[Called By]<UL><LI><a href="#[254]">&gt;&gt;</a>&nbsp;&nbsp;&nbsp;startDrPreset
<LI><a href="#[2df]">&gt;&gt;</a>&nbsp;&nbsp;&nbsp;setupAcquisition
<LI><a href="#[165]">&gt;&gt;</a>&nbsp;&nbsp;&nbsp;RemoteCommand_init
<LI><a href="#[17a]">&gt;&gt;</a>&nbsp;&nbsp;&nbsp;RemoteSensing_writedata
<LI><a href="#[174]">&gt;&gt;</a>&nbsp;&nbsp;&nbsp;gettime
<LI><a href="#[24d]">&gt;&gt;</a>&nbsp;&nbsp;&nbsp;sdmmc_acquire
<LI><a href="#[1fe]">&gt;&gt;</a>&nbsp;&nbsp;&nbsp;XnodeCfg_setparams
<LI><a href="#[16e]">&gt;&gt;</a>&nbsp;&nbsp;&nbsp;RemoteSensing_setparams
<LI><a href="#[1fb]">&gt;&gt;</a>&nbsp;&nbsp;&nbsp;xcwritefunc
<LI><a href="#[197]">&gt;&gt;</a>&nbsp;&nbsp;&nbsp;SnoozeAlarm_Sleep_Retrieve
<LI><a href="#[1ef]">&gt;&gt;</a>&nbsp;&nbsp;&nbsp;VCOM_Init
<LI><a href="#[140]">&gt;&gt;</a>&nbsp;&nbsp;&nbsp;RTC_Read
<LI><a href="#[15f]">&gt;&gt;</a>&nbsp;&nbsp;&nbsp;SendLData_send
<LI><a href="#[15e]">&gt;&gt;</a>&nbsp;&nbsp;&nbsp;SendLData_bcast
<LI><a href="#[14d]">&gt;&gt;</a>&nbsp;&nbsp;&nbsp;ReliableComm_init
<LI><a href="#[10c]">&gt;&gt;</a>&nbsp;&nbsp;&nbsp;GenericComm_init
<LI><a href="#[1bf]">&gt;&gt;</a>&nbsp;&nbsp;&nbsp;writecfg_adxl
<LI><a href="#[1be]">&gt;&gt;</a>&nbsp;&nbsp;&nbsp;readcfg_adxl
<LI><a href="#[183]">&gt;&gt;</a>&nbsp;&nbsp;&nbsp;SDCard_Init
<LI><a href="#[36c]">&gt;&gt;</a>&nbsp;&nbsp;&nbsp;yaffs_alloc_empty_obj
<LI><a href="#[1c1]">&gt;&gt;</a>&nbsp;&nbsp;&nbsp;USB_Reset
<LI><a href="#[1df]">&gt;&gt;</a>&nbsp;&nbsp;&nbsp;USB_ProgDTD
<LI><a href="#[415]">&gt;&gt;</a>&nbsp;&nbsp;&nbsp;yaffsfs_opendir_reldir_no_lock
<LI><a href="#[407]">&gt;&gt;</a>&nbsp;&nbsp;&nbsp;yaffsfs_InitHandles
<LI><a href="#[311]">&gt;&gt;</a>&nbsp;&nbsp;&nbsp;yaffs_update_oh
<LI><a href="#[350]">&gt;&gt;</a>&nbsp;&nbsp;&nbsp;yaffs_retype_obj
<LI><a href="#[3db]">&gt;&gt;</a>&nbsp;&nbsp;&nbsp;yaffs_guts_initialise
<LI><a href="#[346]">&gt;&gt;</a>&nbsp;&nbsp;&nbsp;yaffs_get_tnode
<LI><a href="#[309]">&gt;&gt;</a>&nbsp;&nbsp;&nbsp;yaffs_chunk_del
<LI><a href="#[3b8]">&gt;&gt;</a>&nbsp;&nbsp;&nbsp;yaffs_wr_data_obj
<LI><a href="#[379]">&gt;&gt;</a>&nbsp;&nbsp;&nbsp;yaffs_retire_block
<LI><a href="#[3f6]">&gt;&gt;</a>&nbsp;&nbsp;&nbsp;yaffs_init_tmp_buffers
<LI><a href="#[3f7]">&gt;&gt;</a>&nbsp;&nbsp;&nbsp;yaffs_init_blocks
<LI><a href="#[3e6]">&gt;&gt;</a>&nbsp;&nbsp;&nbsp;yaffs_gc_process_chunk
<LI><a href="#[42b]">&gt;&gt;</a>&nbsp;&nbsp;&nbsp;yaffs_summary_write
<LI><a href="#[42c]">&gt;&gt;</a>&nbsp;&nbsp;&nbsp;yaffs_summary_clear
<LI><a href="#[42d]">&gt;&gt;</a>&nbsp;&nbsp;&nbsp;yaffs_unpack_tags2_tags_only
<LI><a href="#[328]">&gt;&gt;</a>&nbsp;&nbsp;&nbsp;yaffs_verify_blocks
</UL>

<P><STRONG><a name="[45c]"></a>__aeabi_memclr8</STRONG> (Thumb, 0 bytes, Stack size 0 bytes, memseta.o(.text), UNUSED)

<P><STRONG><a name="[c5]"></a>_memset$wrapper</STRONG> (Thumb, 18 bytes, Stack size 8 bytes, memseta.o(.text), UNUSED)
<BR><BR>[Calls]<UL><LI><a href="#[c4]">&gt;&gt;</a>&nbsp;&nbsp;&nbsp;__aeabi_memset
</UL>

<P><STRONG><a name="[3d0]"></a>strcat</STRONG> (Thumb, 24 bytes, Stack size 0 bytes, strcat.o(.text))
<BR><BR>[Called By]<UL><LI><a href="#[3cf]">&gt;&gt;</a>&nbsp;&nbsp;&nbsp;yaffs_fix_null_name
</UL>

<P><STRONG><a name="[284]"></a>strncpy</STRONG> (Thumb, 24 bytes, Stack size 8 bytes, strncpy.o(.text))
<BR><BR>[Stack]<UL><LI>Max Depth = 8<LI>Call Chain = strncpy
</UL>
<BR>[Called By]<UL><LI><a href="#[262]">&gt;&gt;</a>&nbsp;&nbsp;&nbsp;yaffs_get_obj_name
<LI><a href="#[415]">&gt;&gt;</a>&nbsp;&nbsp;&nbsp;yaffsfs_opendir_reldir_no_lock
<LI><a href="#[282]">&gt;&gt;</a>&nbsp;&nbsp;&nbsp;nval_set
<LI><a href="#[311]">&gt;&gt;</a>&nbsp;&nbsp;&nbsp;yaffs_update_oh
<LI><a href="#[30e]">&gt;&gt;</a>&nbsp;&nbsp;&nbsp;yaffs_clone_str
<LI><a href="#[404]">&gt;&gt;</a>&nbsp;&nbsp;&nbsp;yaffs_load_oh_from_name
<LI><a href="#[3f2]">&gt;&gt;</a>&nbsp;&nbsp;&nbsp;yaffs_load_name_from_oh
<LI><a href="#[3cf]">&gt;&gt;</a>&nbsp;&nbsp;&nbsp;yaffs_fix_null_name
</UL>

<P><STRONG><a name="[252]"></a>strchr</STRONG> (Thumb, 20 bytes, Stack size 0 bytes, strchr.o(.text))
<BR><BR>[Called By]<UL><LI><a href="#[16f]">&gt;&gt;</a>&nbsp;&nbsp;&nbsp;doreadcfg
</UL>

<P><STRONG><a name="[13c]"></a>strlen</STRONG> (Thumb, 14 bytes, Stack size 0 bytes, strlen.o(.text))
<BR><BR>[Called By]<UL><LI><a href="#[9d]">&gt;&gt;</a>&nbsp;&nbsp;&nbsp;getDatafromSD
<LI><a href="#[87]">&gt;&gt;</a>&nbsp;&nbsp;&nbsp;Puts
</UL>

<P><STRONG><a name="[2b9]"></a>strcmp</STRONG> (Thumb, 28 bytes, Stack size 8 bytes, strcmp.o(.text))
<BR><BR>[Stack]<UL><LI>Max Depth = 8<LI>Call Chain = strcmp
</UL>
<BR>[Called By]<UL><LI><a href="#[1be]">&gt;&gt;</a>&nbsp;&nbsp;&nbsp;readcfg_adxl
<LI><a href="#[413]">&gt;&gt;</a>&nbsp;&nbsp;&nbsp;yaffsfs_FindObject
<LI><a href="#[445]">&gt;&gt;</a>&nbsp;&nbsp;&nbsp;yaffsfs_DoFindDirectory
<LI><a href="#[37e]">&gt;&gt;</a>&nbsp;&nbsp;&nbsp;yaffs_find_by_name
</UL>

<P><STRONG><a name="[184]"></a>memcmp</STRONG> (Thumb, 26 bytes, Stack size 12 bytes, memcmp.o(.text))
<BR><BR>[Stack]<UL><LI>Max Depth = 12<LI>Call Chain = memcmp
</UL>
<BR>[Called By]<UL><LI><a href="#[49]">&gt;&gt;</a>&nbsp;&nbsp;&nbsp;smcallback
<LI><a href="#[1be]">&gt;&gt;</a>&nbsp;&nbsp;&nbsp;readcfg_adxl
<LI><a href="#[183]">&gt;&gt;</a>&nbsp;&nbsp;&nbsp;SDCard_Init
<LI><a href="#[434]">&gt;&gt;</a>&nbsp;&nbsp;&nbsp;yaffs_verify_chunk_written
<LI><a href="#[b2]">&gt;&gt;</a>&nbsp;&nbsp;&nbsp;yaffs_tags_compat_rd
<LI><a href="#[b3]">&gt;&gt;</a>&nbsp;&nbsp;&nbsp;yaffs_tags_compat_query_block
</UL>

<P><STRONG><a name="[263]"></a>strcpy</STRONG> (Thumb, 18 bytes, Stack size 0 bytes, strcpy.o(.text))
<BR><BR>[Called By]<UL><LI><a href="#[9d]">&gt;&gt;</a>&nbsp;&nbsp;&nbsp;getDatafromSD
<LI><a href="#[262]">&gt;&gt;</a>&nbsp;&nbsp;&nbsp;yaffs_get_obj_name
<LI><a href="#[311]">&gt;&gt;</a>&nbsp;&nbsp;&nbsp;yaffs_update_oh
<LI><a href="#[37f]">&gt;&gt;</a>&nbsp;&nbsp;&nbsp;yaffs_set_obj_name
<LI><a href="#[3cf]">&gt;&gt;</a>&nbsp;&nbsp;&nbsp;yaffs_fix_null_name
</UL>

<P><STRONG><a name="[27f]"></a>strncmp</STRONG> (Thumb, 30 bytes, Stack size 12 bytes, strncmp.o(.text))
<BR><BR>[Stack]<UL><LI>Max Depth = 12<LI>Call Chain = strncmp
</UL>
<BR>[Called By]<UL><LI><a href="#[37e]">&gt;&gt;</a>&nbsp;&nbsp;&nbsp;yaffs_find_by_name
<LI><a href="#[27d]">&gt;&gt;</a>&nbsp;&nbsp;&nbsp;nval_find
</UL>

<P><STRONG><a name="[170]"></a>strtok</STRONG> (Thumb, 62 bytes, Stack size 16 bytes, strtok.o(.text))
<BR><BR>[Stack]<UL><LI>Max Depth = 16<LI>Call Chain = strtok
</UL>
<BR>[Called By]<UL><LI><a href="#[16f]">&gt;&gt;</a>&nbsp;&nbsp;&nbsp;doreadcfg
<LI><a href="#[16e]">&gt;&gt;</a>&nbsp;&nbsp;&nbsp;RemoteSensing_setparams
</UL>

<P><STRONG><a name="[c6]"></a>__0sscanf</STRONG> (Thumb, 48 bytes, Stack size 72 bytes, __0sscanf.o(.text))
<BR><BR>[Stack]<UL><LI>Max Depth = 264<LI>Call Chain = __0sscanf &rArr; __vfscanf_char &rArr; __vfscanf &rArr; _scanf_real
</UL>
<BR>[Calls]<UL><LI><a href="#[c7]">&gt;&gt;</a>&nbsp;&nbsp;&nbsp;__vfscanf_char
</UL>
<BR>[Called By]<UL><LI><a href="#[16f]">&gt;&gt;</a>&nbsp;&nbsp;&nbsp;doreadcfg
<LI><a href="#[17b]">&gt;&gt;</a>&nbsp;&nbsp;&nbsp;readidx
<LI><a href="#[17d]">&gt;&gt;</a>&nbsp;&nbsp;&nbsp;RetrieveData_menu
<LI><a href="#[e6]">&gt;&gt;</a>&nbsp;&nbsp;&nbsp;AutoMonitor_readcfg
<LI><a href="#[196]">&gt;&gt;</a>&nbsp;&nbsp;&nbsp;setdatetime
<LI><a href="#[1fe]">&gt;&gt;</a>&nbsp;&nbsp;&nbsp;XnodeCfg_setparams
<LI><a href="#[1fd]">&gt;&gt;</a>&nbsp;&nbsp;&nbsp;XnodeCfgSend_init
<LI><a href="#[16e]">&gt;&gt;</a>&nbsp;&nbsp;&nbsp;RemoteSensing_setparams
<LI><a href="#[1bf]">&gt;&gt;</a>&nbsp;&nbsp;&nbsp;writecfg_adxl
<LI><a href="#[1be]">&gt;&gt;</a>&nbsp;&nbsp;&nbsp;readcfg_adxl
<LI><a href="#[183]">&gt;&gt;</a>&nbsp;&nbsp;&nbsp;SDCard_Init
</UL>

<P><STRONG><a name="[c8]"></a>_scanf_int</STRONG> (Thumb, 336 bytes, Stack size 56 bytes, _scanf_int.o(.text))
<BR><BR>[Stack]<UL><LI>Max Depth = 56<LI>Call Chain = _scanf_int
</UL>
<BR>[Calls]<UL><LI><a href="#[c9]">&gt;&gt;</a>&nbsp;&nbsp;&nbsp;_chval
</UL>
<BR>[Called By]<UL><LI><a href="#[da]">&gt;&gt;</a>&nbsp;&nbsp;&nbsp;__vfscanf
</UL>

<P><STRONG><a name="[de]"></a>_scanf_real</STRONG> (Thumb, 0 bytes, Stack size 104 bytes, scanf_fp.o(.text))
<BR><BR>[Stack]<UL><LI>Max Depth = 104<LI>Call Chain = _scanf_real
</UL>
<BR>[Called By]<UL><LI><a href="#[da]">&gt;&gt;</a>&nbsp;&nbsp;&nbsp;__vfscanf
</UL>

<P><STRONG><a name="[ce]"></a>_scanf_really_real</STRONG> (Thumb, 560 bytes, Stack size 104 bytes, scanf_fp.o(.text), UNUSED)
<BR><BR>[Calls]<UL><LI><a href="#[d0]">&gt;&gt;</a>&nbsp;&nbsp;&nbsp;__aeabi_d2f
<LI><a href="#[cf]">&gt;&gt;</a>&nbsp;&nbsp;&nbsp;_is_digit
<LI><a href="#[ca]">&gt;&gt;</a>&nbsp;&nbsp;&nbsp;_fp_value
</UL>

<P><STRONG><a name="[d1]"></a>__aeabi_dadd</STRONG> (Thumb, 322 bytes, Stack size 48 bytes, dadd.o(.text))
<BR><BR>[Stack]<UL><LI>Max Depth = 88<LI>Call Chain = __aeabi_dadd &rArr; _double_epilogue &rArr; _double_round
</UL>
<BR>[Calls]<UL><LI><a href="#[d2]">&gt;&gt;</a>&nbsp;&nbsp;&nbsp;__aeabi_lasr
<LI><a href="#[c1]">&gt;&gt;</a>&nbsp;&nbsp;&nbsp;__aeabi_llsl
<LI><a href="#[d4]">&gt;&gt;</a>&nbsp;&nbsp;&nbsp;_double_round
<LI><a href="#[d3]">&gt;&gt;</a>&nbsp;&nbsp;&nbsp;_double_epilogue
</UL>
<BR>[Called By]<UL><LI><a href="#[119]">&gt;&gt;</a>&nbsp;&nbsp;&nbsp;GlobalTime_get64
<LI><a href="#[16d]">&gt;&gt;</a>&nbsp;&nbsp;&nbsp;RemoteSensing_start
<LI><a href="#[d5]">&gt;&gt;</a>&nbsp;&nbsp;&nbsp;__aeabi_dsub
<LI><a href="#[d6]">&gt;&gt;</a>&nbsp;&nbsp;&nbsp;__aeabi_drsub
<LI><a href="#[203]">&gt;&gt;</a>&nbsp;&nbsp;&nbsp;_fp_digits
</UL>

<P><STRONG><a name="[d5]"></a>__aeabi_dsub</STRONG> (Thumb, 6 bytes, Stack size 0 bytes, dadd.o(.text), UNUSED)
<BR><BR>[Calls]<UL><LI><a href="#[d1]">&gt;&gt;</a>&nbsp;&nbsp;&nbsp;__aeabi_dadd
</UL>

<P><STRONG><a name="[d6]"></a>__aeabi_drsub</STRONG> (Thumb, 6 bytes, Stack size 0 bytes, dadd.o(.text), UNUSED)
<BR><BR>[Calls]<UL><LI><a href="#[d1]">&gt;&gt;</a>&nbsp;&nbsp;&nbsp;__aeabi_dadd
</UL>

<P><STRONG><a name="[cc]"></a>__aeabi_dmul</STRONG> (Thumb, 228 bytes, Stack size 48 bytes, dmul.o(.text), UNUSED)
<BR><BR>[Calls]<UL><LI><a href="#[d3]">&gt;&gt;</a>&nbsp;&nbsp;&nbsp;_double_epilogue
</UL>
<BR>[Called By]<UL><LI><a href="#[ca]">&gt;&gt;</a>&nbsp;&nbsp;&nbsp;_fp_value
<LI><a href="#[203]">&gt;&gt;</a>&nbsp;&nbsp;&nbsp;_fp_digits
</UL>

<P><STRONG><a name="[cd]"></a>__aeabi_ddiv</STRONG> (Thumb, 222 bytes, Stack size 32 bytes, ddiv.o(.text))
<BR><BR>[Stack]<UL><LI>Max Depth = 40<LI>Call Chain = __aeabi_ddiv &rArr; _double_round
</UL>
<BR>[Calls]<UL><LI><a href="#[d4]">&gt;&gt;</a>&nbsp;&nbsp;&nbsp;_double_round
</UL>
<BR>[Called By]<UL><LI><a href="#[119]">&gt;&gt;</a>&nbsp;&nbsp;&nbsp;GlobalTime_get64
<LI><a href="#[ca]">&gt;&gt;</a>&nbsp;&nbsp;&nbsp;_fp_value
<LI><a href="#[203]">&gt;&gt;</a>&nbsp;&nbsp;&nbsp;_fp_digits
</UL>

<P><STRONG><a name="[d7]"></a>__aeabi_l2d</STRONG> (Thumb, 40 bytes, Stack size 24 bytes, dfltl.o(.text))
<BR><BR>[Stack]<UL><LI>Max Depth = 64<LI>Call Chain = __aeabi_l2d &rArr; _double_epilogue &rArr; _double_round
</UL>
<BR>[Calls]<UL><LI><a href="#[d3]">&gt;&gt;</a>&nbsp;&nbsp;&nbsp;_double_epilogue
</UL>
<BR>[Called By]<UL><LI><a href="#[119]">&gt;&gt;</a>&nbsp;&nbsp;&nbsp;GlobalTime_get64
</UL>

<P><STRONG><a name="[cb]"></a>__aeabi_ul2d</STRONG> (Thumb, 24 bytes, Stack size 16 bytes, dfltul.o(.text))
<BR><BR>[Stack]<UL><LI>Max Depth = 56<LI>Call Chain = __aeabi_ul2d &rArr; _double_epilogue &rArr; _double_round
</UL>
<BR>[Calls]<UL><LI><a href="#[d3]">&gt;&gt;</a>&nbsp;&nbsp;&nbsp;_double_epilogue
</UL>
<BR>[Called By]<UL><LI><a href="#[16d]">&gt;&gt;</a>&nbsp;&nbsp;&nbsp;RemoteSensing_start
<LI><a href="#[ca]">&gt;&gt;</a>&nbsp;&nbsp;&nbsp;_fp_value
</UL>

<P><STRONG><a name="[d8]"></a>__aeabi_d2lz</STRONG> (Thumb, 74 bytes, Stack size 16 bytes, dfixl.o(.text))
<BR><BR>[Stack]<UL><LI>Max Depth = 16<LI>Call Chain = __aeabi_d2lz
</UL>
<BR>[Calls]<UL><LI><a href="#[c0]">&gt;&gt;</a>&nbsp;&nbsp;&nbsp;__aeabi_llsr
<LI><a href="#[c1]">&gt;&gt;</a>&nbsp;&nbsp;&nbsp;__aeabi_llsl
</UL>
<BR>[Called By]<UL><LI><a href="#[119]">&gt;&gt;</a>&nbsp;&nbsp;&nbsp;GlobalTime_get64
</UL>

<P><STRONG><a name="[d9]"></a>__aeabi_d2ulz</STRONG> (Thumb, 48 bytes, Stack size 0 bytes, dfixul.o(.text))
<BR><BR>[Calls]<UL><LI><a href="#[c0]">&gt;&gt;</a>&nbsp;&nbsp;&nbsp;__aeabi_llsr
<LI><a href="#[c1]">&gt;&gt;</a>&nbsp;&nbsp;&nbsp;__aeabi_llsl
</UL>
<BR>[Called By]<UL><LI><a href="#[16d]">&gt;&gt;</a>&nbsp;&nbsp;&nbsp;RemoteSensing_start
<LI><a href="#[203]">&gt;&gt;</a>&nbsp;&nbsp;&nbsp;_fp_digits
</UL>

<P><STRONG><a name="[172]"></a>__aeabi_f2d</STRONG> (Thumb, 38 bytes, Stack size 0 bytes, f2d.o(.text))
<BR><BR>[Called By]<UL><LI><a href="#[17f]">&gt;&gt;</a>&nbsp;&nbsp;&nbsp;Retrieveprocessdata
<LI><a href="#[17a]">&gt;&gt;</a>&nbsp;&nbsp;&nbsp;RemoteSensing_writedata
<LI><a href="#[96]">&gt;&gt;</a>&nbsp;&nbsp;&nbsp;processdatatask
<LI><a href="#[179]">&gt;&gt;</a>&nbsp;&nbsp;&nbsp;print_vcinfo
<LI><a href="#[16e]">&gt;&gt;</a>&nbsp;&nbsp;&nbsp;RemoteSensing_setparams
<LI><a href="#[73]">&gt;&gt;</a>&nbsp;&nbsp;&nbsp;voltexec
</UL>

<P><STRONG><a name="[45d]"></a>__aeabi_uidiv</STRONG> (Thumb, 0 bytes, Stack size 12 bytes, uidiv.o(.text), UNUSED)

<P><STRONG><a name="[207]"></a>__aeabi_uidivmod</STRONG> (Thumb, 44 bytes, Stack size 12 bytes, uidiv.o(.text), UNUSED)
<BR><BR>[Called By]<UL><LI><a href="#[201]">&gt;&gt;</a>&nbsp;&nbsp;&nbsp;_printf_core
</UL>

<P><STRONG><a name="[c1]"></a>__aeabi_llsl</STRONG> (Thumb, 30 bytes, Stack size 0 bytes, llshl.o(.text))
<BR><BR>[Called By]<UL><LI><a href="#[d1]">&gt;&gt;</a>&nbsp;&nbsp;&nbsp;__aeabi_dadd
<LI><a href="#[d9]">&gt;&gt;</a>&nbsp;&nbsp;&nbsp;__aeabi_d2ulz
<LI><a href="#[d8]">&gt;&gt;</a>&nbsp;&nbsp;&nbsp;__aeabi_d2lz
<LI><a href="#[bf]">&gt;&gt;</a>&nbsp;&nbsp;&nbsp;__aeabi_uldivmod
<LI><a href="#[d3]">&gt;&gt;</a>&nbsp;&nbsp;&nbsp;_double_epilogue
</UL>

<P><STRONG><a name="[45e]"></a>_ll_shift_l</STRONG> (Thumb, 0 bytes, Stack size 0 bytes, llshl.o(.text), UNUSED)

<P><STRONG><a name="[c0]"></a>__aeabi_llsr</STRONG> (Thumb, 32 bytes, Stack size 0 bytes, llushr.o(.text))
<BR><BR>[Called By]<UL><LI><a href="#[d9]">&gt;&gt;</a>&nbsp;&nbsp;&nbsp;__aeabi_d2ulz
<LI><a href="#[d8]">&gt;&gt;</a>&nbsp;&nbsp;&nbsp;__aeabi_d2lz
<LI><a href="#[bf]">&gt;&gt;</a>&nbsp;&nbsp;&nbsp;__aeabi_uldivmod
<LI><a href="#[d3]">&gt;&gt;</a>&nbsp;&nbsp;&nbsp;_double_epilogue
</UL>

<P><STRONG><a name="[45f]"></a>_ll_ushift_r</STRONG> (Thumb, 0 bytes, Stack size 0 bytes, llushr.o(.text), UNUSED)

<P><STRONG><a name="[c9]"></a>_chval</STRONG> (Thumb, 28 bytes, Stack size 0 bytes, _chval.o(.text))
<BR><BR>[Called By]<UL><LI><a href="#[c8]">&gt;&gt;</a>&nbsp;&nbsp;&nbsp;_scanf_int
</UL>

<P><STRONG><a name="[c7]"></a>__vfscanf_char</STRONG> (Thumb, 20 bytes, Stack size 0 bytes, scanf_char.o(.text))
<BR><BR>[Stack]<UL><LI>Max Depth = 192<LI>Call Chain = __vfscanf_char &rArr; __vfscanf &rArr; _scanf_real
</UL>
<BR>[Calls]<UL><LI><a href="#[da]">&gt;&gt;</a>&nbsp;&nbsp;&nbsp;__vfscanf
</UL>
<BR>[Called By]<UL><LI><a href="#[c6]">&gt;&gt;</a>&nbsp;&nbsp;&nbsp;__0sscanf
</UL>

<P><STRONG><a name="[3f]"></a>_sgetc</STRONG> (Thumb, 30 bytes, Stack size 0 bytes, _sgetc.o(.text))
<BR>[Address Reference Count : 1]<UL><LI> __0sscanf.o(.text)
</UL>
<P><STRONG><a name="[40]"></a>_sbackspace</STRONG> (Thumb, 34 bytes, Stack size 0 bytes, _sgetc.o(.text))
<BR>[Address Reference Count : 1]<UL><LI> __0sscanf.o(.text)
</UL>
<P><STRONG><a name="[460]"></a>__I$use$fp</STRONG> (Thumb, 0 bytes, Stack size 8 bytes, iusefp.o(.text), UNUSED)

<P><STRONG><a name="[d4]"></a>_double_round</STRONG> (Thumb, 26 bytes, Stack size 8 bytes, depilogue.o(.text))
<BR><BR>[Stack]<UL><LI>Max Depth = 8<LI>Call Chain = _double_round
</UL>
<BR>[Called By]<UL><LI><a href="#[d1]">&gt;&gt;</a>&nbsp;&nbsp;&nbsp;__aeabi_dadd
<LI><a href="#[cd]">&gt;&gt;</a>&nbsp;&nbsp;&nbsp;__aeabi_ddiv
<LI><a href="#[d3]">&gt;&gt;</a>&nbsp;&nbsp;&nbsp;_double_epilogue
</UL>

<P><STRONG><a name="[d3]"></a>_double_epilogue</STRONG> (Thumb, 164 bytes, Stack size 32 bytes, depilogue.o(.text))
<BR><BR>[Stack]<UL><LI>Max Depth = 40<LI>Call Chain = _double_epilogue &rArr; _double_round
</UL>
<BR>[Calls]<UL><LI><a href="#[c0]">&gt;&gt;</a>&nbsp;&nbsp;&nbsp;__aeabi_llsr
<LI><a href="#[c1]">&gt;&gt;</a>&nbsp;&nbsp;&nbsp;__aeabi_llsl
<LI><a href="#[d4]">&gt;&gt;</a>&nbsp;&nbsp;&nbsp;_double_round
</UL>
<BR>[Called By]<UL><LI><a href="#[cb]">&gt;&gt;</a>&nbsp;&nbsp;&nbsp;__aeabi_ul2d
<LI><a href="#[d1]">&gt;&gt;</a>&nbsp;&nbsp;&nbsp;__aeabi_dadd
<LI><a href="#[d7]">&gt;&gt;</a>&nbsp;&nbsp;&nbsp;__aeabi_l2d
<LI><a href="#[cc]">&gt;&gt;</a>&nbsp;&nbsp;&nbsp;__aeabi_dmul
</UL>

<P><STRONG><a name="[204]"></a>__aeabi_cdrcmple</STRONG> (Thumb, 38 bytes, Stack size 0 bytes, cdrcmple.o(.text), UNUSED)
<BR><BR>[Called By]<UL><LI><a href="#[203]">&gt;&gt;</a>&nbsp;&nbsp;&nbsp;_fp_digits
</UL>

<P><STRONG><a name="[d0]"></a>__aeabi_d2f</STRONG> (Thumb, 56 bytes, Stack size 8 bytes, d2f.o(.text), UNUSED)
<BR><BR>[Calls]<UL><LI><a href="#[db]">&gt;&gt;</a>&nbsp;&nbsp;&nbsp;_float_round
</UL>
<BR>[Called By]<UL><LI><a href="#[ce]">&gt;&gt;</a>&nbsp;&nbsp;&nbsp;_scanf_really_real
</UL>

<P><STRONG><a name="[ba]"></a>__scatterload</STRONG> (Thumb, 28 bytes, Stack size 0 bytes, init.o(.text))
<BR><BR>[Calls]<UL><LI><a href="#[dc]">&gt;&gt;</a>&nbsp;&nbsp;&nbsp;__main_after_scatterload
</UL>
<BR>[Called By]<UL><LI><a href="#[b9]">&gt;&gt;</a>&nbsp;&nbsp;&nbsp;_main_scatterload
</UL>

<P><STRONG><a name="[461]"></a>__scatterload_rt2</STRONG> (Thumb, 0 bytes, Stack size 0 bytes, init.o(.text), UNUSED)

<P><STRONG><a name="[42]"></a>isspace</STRONG> (Thumb, 10 bytes, Stack size 0 bytes, isspace_c.o(.text))
<BR><BR>[Calls]<UL><LI><a href="#[dd]">&gt;&gt;</a>&nbsp;&nbsp;&nbsp;__ctype_lookup
</UL>
<BR>[Address Reference Count : 1]<UL><LI> scanf_char.o(.text)
</UL>
<P><STRONG><a name="[da]"></a>__vfscanf</STRONG> (Thumb, 806 bytes, Stack size 88 bytes, _scanf.o(.text))
<BR><BR>[Stack]<UL><LI>Max Depth = 192<LI>Call Chain = __vfscanf &rArr; _scanf_real
</UL>
<BR>[Calls]<UL><LI><a href="#[de]">&gt;&gt;</a>&nbsp;&nbsp;&nbsp;_scanf_real
<LI><a href="#[c8]">&gt;&gt;</a>&nbsp;&nbsp;&nbsp;_scanf_int
</UL>
<BR>[Called By]<UL><LI><a href="#[c7]">&gt;&gt;</a>&nbsp;&nbsp;&nbsp;__vfscanf_char
</UL>

<P><STRONG><a name="[db]"></a>_float_round</STRONG> (Thumb, 18 bytes, Stack size 0 bytes, fepilogue.o(.text), UNUSED)
<BR><BR>[Called By]<UL><LI><a href="#[d0]">&gt;&gt;</a>&nbsp;&nbsp;&nbsp;__aeabi_d2f
</UL>

<P><STRONG><a name="[462]"></a>_float_epilogue</STRONG> (Thumb, 90 bytes, Stack size 4 bytes, fepilogue.o(.text), UNUSED)

<P><STRONG><a name="[dd]"></a>__ctype_lookup</STRONG> (Thumb, 34 bytes, Stack size 0 bytes, ctype_c.o(.text))
<BR><BR>[Called By]<UL><LI><a href="#[42]">&gt;&gt;</a>&nbsp;&nbsp;&nbsp;isspace
</UL>

<P><STRONG><a name="[463]"></a>__decompress</STRONG> (Thumb, 0 bytes, Stack size unknown bytes, __dczerorl2.o(.text), UNUSED)

<P><STRONG><a name="[464]"></a>__decompress1</STRONG> (Thumb, 92 bytes, Stack size unknown bytes, __dczerorl2.o(.text), UNUSED)

<P><STRONG><a name="[df]"></a>ADXL362_pin_init</STRONG> (Thumb, 86 bytes, Stack size 8 bytes, adxl362.o(i.ADXL362_pin_init))
<BR><BR>[Stack]<UL><LI>Max Depth = 28<LI>Call Chain = ADXL362_pin_init &rArr; scu_pinmux
</UL>
<BR>[Calls]<UL><LI><a href="#[e0]">&gt;&gt;</a>&nbsp;&nbsp;&nbsp;scu_pinmux
<LI><a href="#[e1]">&gt;&gt;</a>&nbsp;&nbsp;&nbsp;GPIO_SetDir
</UL>
<BR>[Called By]<UL><LI><a href="#[21e]">&gt;&gt;</a>&nbsp;&nbsp;&nbsp;adxl362_init_noINT
<LI><a href="#[21c]">&gt;&gt;</a>&nbsp;&nbsp;&nbsp;adxl362_init
</UL>

<P><STRONG><a name="[e2]"></a>AutoMonitor_menu</STRONG> (Thumb, 118 bytes, Stack size 8 bytes, automonitor.o(i.AutoMonitor_menu))
<BR><BR>[Stack]<UL><LI>Max Depth = 984<LI>Call Chain = AutoMonitor_menu &rArr; AutoMonitor_writecfg &rArr; f_open &rArr; dir_register &rArr; dir_find &rArr; dir_next &rArr; create_chain &rArr; put_fat &rArr; move_window &rArr; disk_write &rArr; sdmmc_write_blocks &rArr; sdmmc_get_state &rArr; sdmmc_execute_command &rArr; sdif_set_clock &rArr; sdif_send_cmd
</UL>
<BR>[Calls]<UL><LI><a href="#[e4]">&gt;&gt;</a>&nbsp;&nbsp;&nbsp;AutoMonitor_writecfg
<LI><a href="#[e3]">&gt;&gt;</a>&nbsp;&nbsp;&nbsp;lpc_printf
<LI><a href="#[e5]">&gt;&gt;</a>&nbsp;&nbsp;&nbsp;RemoteSensing_menu
<LI><a href="#[90]">&gt;&gt;</a>&nbsp;&nbsp;&nbsp;GetChar
</UL>
<BR>[Called By]<UL><LI><a href="#[224]">&gt;&gt;</a>&nbsp;&nbsp;&nbsp;app_gateway
</UL>

<P><STRONG><a name="[e6]"></a>AutoMonitor_readcfg</STRONG> (Thumb, 100 bytes, Stack size 560 bytes, automonitor.o(i.AutoMonitor_readcfg))
<BR><BR>[Stack]<UL><LI>Max Depth = 976<LI>Call Chain = AutoMonitor_readcfg &rArr; f_open &rArr; dir_register &rArr; dir_find &rArr; dir_next &rArr; create_chain &rArr; put_fat &rArr; move_window &rArr; disk_write &rArr; sdmmc_write_blocks &rArr; sdmmc_get_state &rArr; sdmmc_execute_command &rArr; sdif_set_clock &rArr; sdif_send_cmd
</UL>
<BR>[Calls]<UL><LI><a href="#[e8]">&gt;&gt;</a>&nbsp;&nbsp;&nbsp;f_open
<LI><a href="#[e9]">&gt;&gt;</a>&nbsp;&nbsp;&nbsp;f_gets
<LI><a href="#[ea]">&gt;&gt;</a>&nbsp;&nbsp;&nbsp;f_close
<LI><a href="#[e7]">&gt;&gt;</a>&nbsp;&nbsp;&nbsp;f_chdir
<LI><a href="#[c6]">&gt;&gt;</a>&nbsp;&nbsp;&nbsp;__0sscanf
</UL>
<BR>[Called By]<UL><LI><a href="#[224]">&gt;&gt;</a>&nbsp;&nbsp;&nbsp;app_gateway
</UL>

<P><STRONG><a name="[eb]"></a>AutoMonitor_running</STRONG> (Thumb, 118 bytes, Stack size 8 bytes, automonitor.o(i.AutoMonitor_running))
<BR><BR>[Stack]<UL><LI>Max Depth = 984<LI>Call Chain = AutoMonitor_running &rArr; AutoMonitor_writecfg &rArr; f_open &rArr; dir_register &rArr; dir_find &rArr; dir_next &rArr; create_chain &rArr; put_fat &rArr; move_window &rArr; disk_write &rArr; sdmmc_write_blocks &rArr; sdmmc_get_state &rArr; sdmmc_execute_command &rArr; sdif_set_clock &rArr; sdif_send_cmd
</UL>
<BR>[Calls]<UL><LI><a href="#[e4]">&gt;&gt;</a>&nbsp;&nbsp;&nbsp;AutoMonitor_writecfg
<LI><a href="#[ec]">&gt;&gt;</a>&nbsp;&nbsp;&nbsp;vTaskDelay
<LI><a href="#[e3]">&gt;&gt;</a>&nbsp;&nbsp;&nbsp;lpc_printf
<LI><a href="#[e5]">&gt;&gt;</a>&nbsp;&nbsp;&nbsp;RemoteSensing_menu
<LI><a href="#[ed]">&gt;&gt;</a>&nbsp;&nbsp;&nbsp;NodeReset
<LI><a href="#[90]">&gt;&gt;</a>&nbsp;&nbsp;&nbsp;GetChar
</UL>
<BR>[Called By]<UL><LI><a href="#[224]">&gt;&gt;</a>&nbsp;&nbsp;&nbsp;app_gateway
</UL>

<P><STRONG><a name="[e4]"></a>AutoMonitor_writecfg</STRONG> (Thumb, 86 bytes, Stack size 560 bytes, automonitor.o(i.AutoMonitor_writecfg))
<BR><BR>[Stack]<UL><LI>Max Depth = 976<LI>Call Chain = AutoMonitor_writecfg &rArr; f_open &rArr; dir_register &rArr; dir_find &rArr; dir_next &rArr; create_chain &rArr; put_fat &rArr; move_window &rArr; disk_write &rArr; sdmmc_write_blocks &rArr; sdmmc_get_state &rArr; sdmmc_execute_command &rArr; sdif_set_clock &rArr; sdif_send_cmd
</UL>
<BR>[Calls]<UL><LI><a href="#[ef]">&gt;&gt;</a>&nbsp;&nbsp;&nbsp;f_puts
<LI><a href="#[e8]">&gt;&gt;</a>&nbsp;&nbsp;&nbsp;f_open
<LI><a href="#[ea]">&gt;&gt;</a>&nbsp;&nbsp;&nbsp;f_close
<LI><a href="#[e7]">&gt;&gt;</a>&nbsp;&nbsp;&nbsp;f_chdir
<LI><a href="#[ee]">&gt;&gt;</a>&nbsp;&nbsp;&nbsp;__2snprintf
</UL>
<BR>[Called By]<UL><LI><a href="#[eb]">&gt;&gt;</a>&nbsp;&nbsp;&nbsp;AutoMonitor_running
<LI><a href="#[e2]">&gt;&gt;</a>&nbsp;&nbsp;&nbsp;AutoMonitor_menu
</UL>

<P><STRONG><a name="[142]"></a>BCD2Dec</STRONG> (Thumb, 40 bytes, Stack size 8 bytes, rtc.o(i.BCD2Dec))
<BR><BR>[Stack]<UL><LI>Max Depth = 8<LI>Call Chain = BCD2Dec
</UL>
<BR>[Called By]<UL><LI><a href="#[174]">&gt;&gt;</a>&nbsp;&nbsp;&nbsp;gettime
<LI><a href="#[197]">&gt;&gt;</a>&nbsp;&nbsp;&nbsp;SnoozeAlarm_Sleep_Retrieve
<LI><a href="#[140]">&gt;&gt;</a>&nbsp;&nbsp;&nbsp;RTC_Read
</UL>

<P><STRONG><a name="[149]"></a>BitClear</STRONG> (Thumb, 24 bytes, Stack size 0 bytes, rtc.o(i.BitClear))
<BR><BR>[Called By]<UL><LI><a href="#[14a]">&gt;&gt;</a>&nbsp;&nbsp;&nbsp;RTC_SetClock
<LI><a href="#[14c]">&gt;&gt;</a>&nbsp;&nbsp;&nbsp;RTC_clearflag
<LI><a href="#[14b]">&gt;&gt;</a>&nbsp;&nbsp;&nbsp;RTC_SetContrl
<LI><a href="#[147]">&gt;&gt;</a>&nbsp;&nbsp;&nbsp;RTC_SetAlarm1
</UL>

<P><STRONG><a name="[143]"></a>BitRead</STRONG> (Thumb, 22 bytes, Stack size 0 bytes, rtc.o(i.BitRead))
<BR><BR>[Called By]<UL><LI><a href="#[197]">&gt;&gt;</a>&nbsp;&nbsp;&nbsp;SnoozeAlarm_Sleep_Retrieve
<LI><a href="#[140]">&gt;&gt;</a>&nbsp;&nbsp;&nbsp;RTC_Read
</UL>

<P><STRONG><a name="[144]"></a>BitSet</STRONG> (Thumb, 24 bytes, Stack size 0 bytes, rtc.o(i.BitSet))
<BR><BR>[Called By]<UL><LI><a href="#[14a]">&gt;&gt;</a>&nbsp;&nbsp;&nbsp;RTC_SetClock
<LI><a href="#[14b]">&gt;&gt;</a>&nbsp;&nbsp;&nbsp;RTC_SetContrl
<LI><a href="#[147]">&gt;&gt;</a>&nbsp;&nbsp;&nbsp;RTC_SetAlarm1
<LI><a href="#[140]">&gt;&gt;</a>&nbsp;&nbsp;&nbsp;RTC_Read
</UL>

<P><STRONG><a name="[f0]"></a>CDC_BulkIn</STRONG> (Thumb, 28 bytes, Stack size 8 bytes, cdcuser.o(i.CDC_BulkIn))
<BR><BR>[Stack]<UL><LI>Max Depth = 56<LI>Call Chain = CDC_BulkIn &rArr; USB_WriteEP &rArr; USB_ProgDTD
</UL>
<BR>[Calls]<UL><LI><a href="#[f1]">&gt;&gt;</a>&nbsp;&nbsp;&nbsp;USB_WriteEP
</UL>
<BR>[Called By]<UL><LI><a href="#[7f]">&gt;&gt;</a>&nbsp;&nbsp;&nbsp;USB_EndPoint2
</UL>

<P><STRONG><a name="[f2]"></a>CDC_BulkOut</STRONG> (Thumb, 22 bytes, Stack size 8 bytes, cdcuser.o(i.CDC_BulkOut))
<BR><BR>[Stack]<UL><LI>Max Depth = 28<LI>Call Chain = CDC_BulkOut &rArr; USB_ReadEP
</UL>
<BR>[Calls]<UL><LI><a href="#[f3]">&gt;&gt;</a>&nbsp;&nbsp;&nbsp;USB_ReadEP
<LI><a href="#[f4]">&gt;&gt;</a>&nbsp;&nbsp;&nbsp;CDC_WrOutBuf
</UL>
<BR>[Called By]<UL><LI><a href="#[7f]">&gt;&gt;</a>&nbsp;&nbsp;&nbsp;USB_EndPoint2
</UL>

<P><STRONG><a name="[f5]"></a>CDC_BulkOutNak</STRONG> (Thumb, 14 bytes, Stack size 8 bytes, cdcuser.o(i.CDC_BulkOutNak))
<BR><BR>[Stack]<UL><LI>Max Depth = 56<LI>Call Chain = CDC_BulkOutNak &rArr; USB_ReadReqEP &rArr; USB_ProgDTD
</UL>
<BR>[Calls]<UL><LI><a href="#[f6]">&gt;&gt;</a>&nbsp;&nbsp;&nbsp;USB_ReadReqEP
</UL>
<BR>[Called By]<UL><LI><a href="#[7f]">&gt;&gt;</a>&nbsp;&nbsp;&nbsp;USB_EndPoint2
</UL>

<P><STRONG><a name="[1d2]"></a>CDC_ClearCommFeature</STRONG> (Thumb, 6 bytes, Stack size 0 bytes, cdcuser.o(i.CDC_ClearCommFeature))
<BR><BR>[Called By]<UL><LI><a href="#[7d]">&gt;&gt;</a>&nbsp;&nbsp;&nbsp;USB_EndPoint0
</UL>

<P><STRONG><a name="[1d1]"></a>CDC_GetCommFeature</STRONG> (Thumb, 6 bytes, Stack size 0 bytes, cdcuser.o(i.CDC_GetCommFeature))
<BR><BR>[Called By]<UL><LI><a href="#[7d]">&gt;&gt;</a>&nbsp;&nbsp;&nbsp;USB_EndPoint0
</UL>

<P><STRONG><a name="[1d0]"></a>CDC_GetEncapsulatedResponse</STRONG> (Thumb, 4 bytes, Stack size 0 bytes, cdcuser.o(i.CDC_GetEncapsulatedResponse))
<BR><BR>[Called By]<UL><LI><a href="#[7d]">&gt;&gt;</a>&nbsp;&nbsp;&nbsp;USB_EndPoint0
</UL>

<P><STRONG><a name="[1d3]"></a>CDC_GetLineCoding</STRONG> (Thumb, 54 bytes, Stack size 0 bytes, cdcuser.o(i.CDC_GetLineCoding))
<BR><BR>[Called By]<UL><LI><a href="#[7d]">&gt;&gt;</a>&nbsp;&nbsp;&nbsp;USB_EndPoint0
</UL>

<P><STRONG><a name="[f8]"></a>CDC_GetSerialState</STRONG> (Thumb, 134 bytes, Stack size 0 bytes, cdcuser.o(i.CDC_GetSerialState))
<BR><BR>[Called By]<UL><LI><a href="#[7e]">&gt;&gt;</a>&nbsp;&nbsp;&nbsp;USB_EndPoint1
<LI><a href="#[f7]">&gt;&gt;</a>&nbsp;&nbsp;&nbsp;CDC_Init
<LI><a href="#[1ea]">&gt;&gt;</a>&nbsp;&nbsp;&nbsp;VCOM_CheckSerialState
</UL>

<P><STRONG><a name="[f7]"></a>CDC_Init</STRONG> (Thumb, 28 bytes, Stack size 4 bytes, cdcuser.o(i.CDC_Init))
<BR><BR>[Stack]<UL><LI>Max Depth = 4<LI>Call Chain = CDC_Init
</UL>
<BR>[Calls]<UL><LI><a href="#[f8]">&gt;&gt;</a>&nbsp;&nbsp;&nbsp;CDC_GetSerialState
</UL>
<BR>[Called By]<UL><LI><a href="#[1ef]">&gt;&gt;</a>&nbsp;&nbsp;&nbsp;VCOM_Init
</UL>

<P><STRONG><a name="[f9]"></a>CDC_NotificationIn</STRONG> (Thumb, 54 bytes, Stack size 8 bytes, cdcuser.o(i.CDC_NotificationIn))
<BR><BR>[Stack]<UL><LI>Max Depth = 56<LI>Call Chain = CDC_NotificationIn &rArr; USB_WriteEP &rArr; USB_ProgDTD
</UL>
<BR>[Calls]<UL><LI><a href="#[f1]">&gt;&gt;</a>&nbsp;&nbsp;&nbsp;USB_WriteEP
</UL>
<BR>[Called By]<UL><LI><a href="#[7e]">&gt;&gt;</a>&nbsp;&nbsp;&nbsp;USB_EndPoint1
<LI><a href="#[1ea]">&gt;&gt;</a>&nbsp;&nbsp;&nbsp;VCOM_CheckSerialState
</UL>

<P><STRONG><a name="[1ed]"></a>CDC_OutBufAvailChar</STRONG> (Thumb, 26 bytes, Stack size 0 bytes, cdcuser.o(i.CDC_OutBufAvailChar))
<BR><BR>[Called By]<UL><LI><a href="#[114]">&gt;&gt;</a>&nbsp;&nbsp;&nbsp;VCOM_GetChar
</UL>

<P><STRONG><a name="[1ee]"></a>CDC_RdOutBuf</STRONG> (Thumb, 60 bytes, Stack size 16 bytes, cdcuser.o(i.CDC_RdOutBuf))
<BR><BR>[Stack]<UL><LI>Max Depth = 16<LI>Call Chain = CDC_RdOutBuf
</UL>
<BR>[Called By]<UL><LI><a href="#[114]">&gt;&gt;</a>&nbsp;&nbsp;&nbsp;VCOM_GetChar
</UL>

[...]
</UL>
<BR>[Calls]<UL><LI><a href="#[261]">&gt;&gt;</a>&nbsp;&nbsp;&nbsp;yaffsfs_FindDevice
</UL>
<BR>[Called By]<UL><LI><a href="#[406]">&gt;&gt;</a>&nbsp;&nbsp;&nbsp;yaffs_mount_common
<LI><a href="#[3d5]">&gt;&gt;</a>&nbsp;&nbsp;&nbsp;yaffs_format_common
</UL>

<P><STRONG><a name="[413]"></a>yaffsfs_FindObject</STRONG> (Thumb, 122 bytes, Stack size 64 bytes, yaffsfs.o(i.yaffsfs_FindObject))
<BR><BR>[Stack]<UL><LI>Max Depth = 1000<LI>Call Chain = yaffsfs_FindObject &rArr; yaffsfs_FindDirectory &rArr; yaffsfs_DoFindDirectory &rArr;  yaffsfs_FollowLink (Cycle)
</UL>
<BR>[Calls]<UL><LI><a href="#[416]">&gt;&gt;</a>&nbsp;&nbsp;&nbsp;yaffsfs_FindDirectory
<LI><a href="#[3f0]">&gt;&gt;</a>&nbsp;&nbsp;&nbsp;yaffs_get_equivalent_obj
<LI><a href="#[37e]">&gt;&gt;</a>&nbsp;&nbsp;&nbsp;yaffs_find_by_name
<LI><a href="#[2b9]">&gt;&gt;</a>&nbsp;&nbsp;&nbsp;strcmp
</UL>
<BR>[Called By]<UL><LI><a href="#[415]">&gt;&gt;</a>&nbsp;&nbsp;&nbsp;yaffsfs_opendir_reldir_no_lock
<LI><a href="#[414]">&gt;&gt;</a>&nbsp;&nbsp;&nbsp;yaffsfs_FollowLink
<LI><a href="#[411]">&gt;&gt;</a>&nbsp;&nbsp;&nbsp;yaffs_open_sharing_reldir
</UL>

<P><STRONG><a name="[446]"></a>yaffsfs_FindRoot</STRONG> (Thumb, 46 bytes, Stack size 16 bytes, yaffsfs.o(i.yaffsfs_FindRoot))
<BR><BR>[Stack]<UL><LI>Max Depth = 152<LI>Call Chain = yaffsfs_FindRoot &rArr; yaffsfs_FindDevice &rArr; sdmalloc &rArr; compact &rArr; lpc_printf &rArr; __c89vsnprintf
</UL>
<BR>[Calls]<UL><LI><a href="#[14e]">&gt;&gt;</a>&nbsp;&nbsp;&nbsp;sdmalloc
<LI><a href="#[261]">&gt;&gt;</a>&nbsp;&nbsp;&nbsp;yaffsfs_FindDevice
</UL>
<BR>[Called By]<UL><LI><a href="#[445]">&gt;&gt;</a>&nbsp;&nbsp;&nbsp;yaffsfs_DoFindDirectory
</UL>

<P><STRONG><a name="[414]"></a>yaffsfs_FollowLink</STRONG> (Thumb, 92 bytes, Stack size 32 bytes, yaffsfs.o(i.yaffsfs_FollowLink))
<BR><BR>[Stack]<UL><LI>Max Depth = 1032<LI>Call Chain = yaffsfs_FollowLink &rArr; yaffsfs_FindObject &rArr; yaffsfs_FindDirectory &rArr; yaffsfs_DoFindDirectory &rArr;  yaffsfs_FollowLink (Cycle)
</UL>
<BR>[Calls]<UL><LI><a href="#[442]">&gt;&gt;</a>&nbsp;&nbsp;&nbsp;yaffsfs_IsPathDivider
<LI><a href="#[413]">&gt;&gt;</a>&nbsp;&nbsp;&nbsp;yaffsfs_FindObject
<LI><a href="#[3f0]">&gt;&gt;</a>&nbsp;&nbsp;&nbsp;yaffs_get_equivalent_obj
</UL>
<BR>[Called By]<UL><LI><a href="#[415]">&gt;&gt;</a>&nbsp;&nbsp;&nbsp;yaffsfs_opendir_reldir_no_lock
<LI><a href="#[445]">&gt;&gt;</a>&nbsp;&nbsp;&nbsp;yaffsfs_DoFindDirectory
<LI><a href="#[411]">&gt;&gt;</a>&nbsp;&nbsp;&nbsp;yaffs_open_sharing_reldir
</UL>

<P><STRONG><a name="[44a]"></a>yaffsfs_GetHandle</STRONG> (Thumb, 40 bytes, Stack size 16 bytes, yaffsfs.o(i.yaffsfs_GetHandle))
<BR><BR>[Stack]<UL><LI>Max Depth = 16<LI>Call Chain = yaffsfs_GetHandle
</UL>
<BR>[Calls]<UL><LI><a href="#[391]">&gt;&gt;</a>&nbsp;&nbsp;&nbsp;yaffsfs_HandleToPointer
</UL>
<BR>[Called By]<UL><LI><a href="#[43f]">&gt;&gt;</a>&nbsp;&nbsp;&nbsp;yaffsfs_do_write
<LI><a href="#[425]">&gt;&gt;</a>&nbsp;&nbsp;&nbsp;yaffsfs_do_read
</UL>

<P><STRONG><a name="[418]"></a>yaffsfs_GetInodeIdForObject</STRONG> (Thumb, 84 bytes, Stack size 24 bytes, yaffsfs.o(i.yaffsfs_GetInodeIdForObject))
<BR><BR>[Stack]<UL><LI>Max Depth = 336<LI>Call Chain = yaffsfs_GetInodeIdForObject &rArr; yaffsfs_FindInodeIdForObject &rArr; yaffs_get_equivalent_obj &rArr; yaffs_check_obj_details_loaded &rArr; yaffs_rd_chunk_tags_nand &rArr; yaffs_get_block_info &rArr; yaffs_bug_fn &rArr; lpc_printf &rArr; __c89vsnprintf
</UL>
<BR>[Calls]<UL><LI><a href="#[449]">&gt;&gt;</a>&nbsp;&nbsp;&nbsp;yaffsfs_FindInodeIdForObject
<LI><a href="#[3f0]">&gt;&gt;</a>&nbsp;&nbsp;&nbsp;yaffs_get_equivalent_obj
</UL>
<BR>[Called By]<UL><LI><a href="#[411]">&gt;&gt;</a>&nbsp;&nbsp;&nbsp;yaffs_open_sharing_reldir
</UL>

<P><STRONG><a name="[392]"></a>yaffsfs_HandleToFileDes</STRONG> (Thumb, 54 bytes, Stack size 16 bytes, yaffsfs.o(i.yaffsfs_HandleToFileDes))
<BR><BR>[Stack]<UL><LI>Max Depth = 16<LI>Call Chain = yaffsfs_HandleToFileDes
</UL>
<BR>[Calls]<UL><LI><a href="#[391]">&gt;&gt;</a>&nbsp;&nbsp;&nbsp;yaffsfs_HandleToPointer
</UL>
<BR>[Called By]<UL><LI><a href="#[1fa]">&gt;&gt;</a>&nbsp;&nbsp;&nbsp;yaffs_close
<LI><a href="#[43f]">&gt;&gt;</a>&nbsp;&nbsp;&nbsp;yaffsfs_do_write
<LI><a href="#[425]">&gt;&gt;</a>&nbsp;&nbsp;&nbsp;yaffsfs_do_read
<LI><a href="#[44b]">&gt;&gt;</a>&nbsp;&nbsp;&nbsp;yaffsfs_HandleToInode
<LI><a href="#[3d9]">&gt;&gt;</a>&nbsp;&nbsp;&nbsp;yaffsfs_BreakDeviceHandles
<LI><a href="#[411]">&gt;&gt;</a>&nbsp;&nbsp;&nbsp;yaffs_open_sharing_reldir
</UL>

<P><STRONG><a name="[44b]"></a>yaffsfs_HandleToInode</STRONG> (Thumb, 62 bytes, Stack size 16 bytes, yaffsfs.o(i.yaffsfs_HandleToInode))
<BR><BR>[Stack]<UL><LI>Max Depth = 32<LI>Call Chain = yaffsfs_HandleToInode &rArr; yaffsfs_HandleToFileDes
</UL>
<BR>[Calls]<UL><LI><a href="#[392]">&gt;&gt;</a>&nbsp;&nbsp;&nbsp;yaffsfs_HandleToFileDes
</UL>
<BR>[Called By]<UL><LI><a href="#[35c]">&gt;&gt;</a>&nbsp;&nbsp;&nbsp;yaffsfs_HandleToObject
</UL>

<P><STRONG><a name="[35c]"></a>yaffsfs_HandleToObject</STRONG> (Thumb, 22 bytes, Stack size 16 bytes, yaffsfs.o(i.yaffsfs_HandleToObject))
<BR><BR>[Stack]<UL><LI>Max Depth = 48<LI>Call Chain = yaffsfs_HandleToObject &rArr; yaffsfs_HandleToInode &rArr; yaffsfs_HandleToFileDes
</UL>
<BR>[Calls]<UL><LI><a href="#[44b]">&gt;&gt;</a>&nbsp;&nbsp;&nbsp;yaffsfs_HandleToInode
</UL>
<BR>[Called By]<UL><LI><a href="#[1fa]">&gt;&gt;</a>&nbsp;&nbsp;&nbsp;yaffs_close
<LI><a href="#[264]">&gt;&gt;</a>&nbsp;&nbsp;&nbsp;yaffs_fstat
<LI><a href="#[43f]">&gt;&gt;</a>&nbsp;&nbsp;&nbsp;yaffsfs_do_write
<LI><a href="#[425]">&gt;&gt;</a>&nbsp;&nbsp;&nbsp;yaffsfs_do_read
<LI><a href="#[3d8]">&gt;&gt;</a>&nbsp;&nbsp;&nbsp;yaffsfs_IsDevBusy
<LI><a href="#[3d9]">&gt;&gt;</a>&nbsp;&nbsp;&nbsp;yaffsfs_BreakDeviceHandles
<LI><a href="#[35a]">&gt;&gt;</a>&nbsp;&nbsp;&nbsp;yaffs_Dofsync
</UL>

<P><STRONG><a name="[391]"></a>yaffsfs_HandleToPointer</STRONG> (Thumb, 22 bytes, Stack size 0 bytes, yaffsfs.o(i.yaffsfs_HandleToPointer))
<BR><BR>[Called By]<UL><LI><a href="#[1fa]">&gt;&gt;</a>&nbsp;&nbsp;&nbsp;yaffs_close
<LI><a href="#[393]">&gt;&gt;</a>&nbsp;&nbsp;&nbsp;yaffsfs_PutHandle
<LI><a href="#[392]">&gt;&gt;</a>&nbsp;&nbsp;&nbsp;yaffsfs_HandleToFileDes
<LI><a href="#[44a]">&gt;&gt;</a>&nbsp;&nbsp;&nbsp;yaffsfs_GetHandle
<LI><a href="#[3d9]">&gt;&gt;</a>&nbsp;&nbsp;&nbsp;yaffsfs_BreakDeviceHandles
</UL>

<P><STRONG><a name="[407]"></a>yaffsfs_InitHandles</STRONG> (Thumb, 114 bytes, Stack size 8 bytes, yaffsfs.o(i.yaffsfs_InitHandles))
<BR><BR>[Stack]<UL><LI>Max Depth = 8<LI>Call Chain = yaffsfs_InitHandles
</UL>
<BR>[Calls]<UL><LI><a href="#[112]">&gt;&gt;</a>&nbsp;&nbsp;&nbsp;__aeabi_memclr4
<LI><a href="#[c3]">&gt;&gt;</a>&nbsp;&nbsp;&nbsp;__aeabi_memclr
</UL>
<BR>[Called By]<UL><LI><a href="#[406]">&gt;&gt;</a>&nbsp;&nbsp;&nbsp;yaffs_mount_common
</UL>

<P><STRONG><a name="[3d8]"></a>yaffsfs_IsDevBusy</STRONG> (Thumb, 38 bytes, Stack size 16 bytes, yaffsfs.o(i.yaffsfs_IsDevBusy))
<BR><BR>[Stack]<UL><LI>Max Depth = 64<LI>Call Chain = yaffsfs_IsDevBusy &rArr; yaffsfs_HandleToObject &rArr; yaffsfs_HandleToInode &rArr; yaffsfs_HandleToFileDes
</UL>
<BR>[Calls]<UL><LI><a href="#[35c]">&gt;&gt;</a>&nbsp;&nbsp;&nbsp;yaffsfs_HandleToObject
</UL>
<BR>[Called By]<UL><LI><a href="#[3d5]">&gt;&gt;</a>&nbsp;&nbsp;&nbsp;yaffs_format_common
</UL>

<P><STRONG><a name="[442]"></a>yaffsfs_IsPathDivider</STRONG> (Thumb, 28 bytes, Stack size 0 bytes, yaffsfs.o(i.yaffsfs_IsPathDivider))
<BR><BR>[Called By]<UL><LI><a href="#[261]">&gt;&gt;</a>&nbsp;&nbsp;&nbsp;yaffsfs_FindDevice
<LI><a href="#[414]">&gt;&gt;</a>&nbsp;&nbsp;&nbsp;yaffsfs_FollowLink
<LI><a href="#[445]">&gt;&gt;</a>&nbsp;&nbsp;&nbsp;yaffsfs_DoFindDirectory
<LI><a href="#[3d6]">&gt;&gt;</a>&nbsp;&nbsp;&nbsp;yaffsfs_CheckPath
</UL>

<P><STRONG><a name="[448]"></a>yaffsfs_Match</STRONG> (Thumb, 14 bytes, Stack size 0 bytes, yaffsfs.o(i.yaffsfs_Match))
<BR><BR>[Called By]<UL><LI><a href="#[261]">&gt;&gt;</a>&nbsp;&nbsp;&nbsp;yaffsfs_FindDevice
</UL>

<P><STRONG><a name="[44c]"></a>yaffsfs_NewHandle</STRONG> (Thumb, 52 bytes, Stack size 0 bytes, yaffsfs.o(i.yaffsfs_NewHandle))
<BR><BR>[Called By]<UL><LI><a href="#[412]">&gt;&gt;</a>&nbsp;&nbsp;&nbsp;yaffsfs_NewHandleAndFileDes
</UL>

<P><STRONG><a name="[412]"></a>yaffsfs_NewHandleAndFileDes</STRONG> (Thumb, 100 bytes, Stack size 24 bytes, yaffsfs.o(i.yaffsfs_NewHandleAndFileDes))
<BR><BR>[Stack]<UL><LI>Max Depth = 24<LI>Call Chain = yaffsfs_NewHandleAndFileDes
</UL>
<BR>[Calls]<UL><LI><a href="#[44c]">&gt;&gt;</a>&nbsp;&nbsp;&nbsp;yaffsfs_NewHandle
</UL>
<BR>[Called By]<UL><LI><a href="#[411]">&gt;&gt;</a>&nbsp;&nbsp;&nbsp;yaffs_open_sharing_reldir
</UL>

<P><STRONG><a name="[44d]"></a>yaffsfs_PutFileDes</STRONG> (Thumb, 98 bytes, Stack size 16 bytes, yaffsfs.o(i.yaffsfs_PutFileDes))
<BR><BR>[Stack]<UL><LI>Max Depth = 1592<LI>Call Chain = yaffsfs_PutFileDes &rArr; yaffsfs_PutInode &rArr; yaffsfs_ReleaseInode &rArr; yaffs_del_obj &rArr; yaffs_del_file &rArr; yaffs_unlink_file_if_needed &rArr; yaffs_resize_file &rArr; yaffs2_handle_hole &rArr; yaffs_update_oh &rArr; yaffs_check_gc &rArr; yaffs_gc_block &rArr;  yaffs_generic_obj_del (Cycle)
</UL>
<BR>[Calls]<UL><LI><a href="#[419]">&gt;&gt;</a>&nbsp;&nbsp;&nbsp;yaffsfs_closedir_no_lock
<LI><a href="#[441]">&gt;&gt;</a>&nbsp;&nbsp;&nbsp;yaffsfs_PutInode
</UL>
<BR>[Called By]<UL><LI><a href="#[393]">&gt;&gt;</a>&nbsp;&nbsp;&nbsp;yaffsfs_PutHandle
</UL>

<P><STRONG><a name="[393]"></a>yaffsfs_PutHandle</STRONG> (Thumb, 56 bytes, Stack size 16 bytes, yaffsfs.o(i.yaffsfs_PutHandle))
<BR><BR>[Stack]<UL><LI>Max Depth = 1608<LI>Call Chain = yaffsfs_PutHandle &rArr; yaffsfs_PutFileDes &rArr; yaffsfs_PutInode &rArr; yaffsfs_ReleaseInode &rArr; yaffs_del_obj &rArr; yaffs_del_file &rArr; yaffs_unlink_file_if_needed &rArr; yaffs_resize_file &rArr; yaffs2_handle_hole &rArr; yaffs_update_oh &rArr; yaffs_check_gc &rArr; yaffs_gc_block &rArr;  yaffs_generic_obj_del (Cycle)
</UL>
<BR>[Calls]<UL><LI><a href="#[44d]">&gt;&gt;</a>&nbsp;&nbsp;&nbsp;yaffsfs_PutFileDes
<LI><a href="#[391]">&gt;&gt;</a>&nbsp;&nbsp;&nbsp;yaffsfs_HandleToPointer
</UL>
<BR>[Called By]<UL><LI><a href="#[1fa]">&gt;&gt;</a>&nbsp;&nbsp;&nbsp;yaffs_close
<LI><a href="#[43f]">&gt;&gt;</a>&nbsp;&nbsp;&nbsp;yaffsfs_do_write
<LI><a href="#[425]">&gt;&gt;</a>&nbsp;&nbsp;&nbsp;yaffsfs_do_read
<LI><a href="#[411]">&gt;&gt;</a>&nbsp;&nbsp;&nbsp;yaffs_open_sharing_reldir
</UL>

<P><STRONG><a name="[441]"></a>yaffsfs_PutInode</STRONG> (Thumb, 44 bytes, Stack size 16 bytes, yaffsfs.o(i.yaffsfs_PutInode))
<BR><BR>[Stack]<UL><LI>Max Depth = 1576<LI>Call Chain = yaffsfs_PutInode &rArr; yaffsfs_ReleaseInode &rArr; yaffs_del_obj &rArr; yaffs_del_file &rArr; yaffs_unlink_file_if_needed &rArr; yaffs_resize_file &rArr; yaffs2_handle_hole &rArr; yaffs_update_oh &rArr; yaffs_check_gc &rArr; yaffs_gc_block &rArr;  yaffs_generic_obj_del (Cycle)
</UL>
<BR>[Calls]<UL><LI><a href="#[44e]">&gt;&gt;</a>&nbsp;&nbsp;&nbsp;yaffsfs_ReleaseInode
</UL>
<BR>[Called By]<UL><LI><a href="#[44d]">&gt;&gt;</a>&nbsp;&nbsp;&nbsp;yaffsfs_PutFileDes
<LI><a href="#[3d9]">&gt;&gt;</a>&nbsp;&nbsp;&nbsp;yaffsfs_BreakDeviceHandles
</UL>

<P><STRONG><a name="[44e]"></a>yaffsfs_ReleaseInode</STRONG> (Thumb, 28 bytes, Stack size 16 bytes, yaffsfs.o(i.yaffsfs_ReleaseInode))
<BR><BR>[Stack]<UL><LI>Max Depth = 1560<LI>Call Chain = yaffsfs_ReleaseInode &rArr; yaffs_del_obj &rArr; yaffs_del_file &rArr; yaffs_unlink_file_if_needed &rArr; yaffs_resize_file &rArr; yaffs2_handle_hole &rArr; yaffs_update_oh &rArr; yaffs_check_gc &rArr; yaffs_gc_block &rArr;  yaffs_generic_obj_del (Cycle)
</UL>
<BR>[Calls]<UL><LI><a href="#[307]">&gt;&gt;</a>&nbsp;&nbsp;&nbsp;yaffs_del_obj
</UL>
<BR>[Called By]<UL><LI><a href="#[441]">&gt;&gt;</a>&nbsp;&nbsp;&nbsp;yaffsfs_PutInode
</UL>

<P><STRONG><a name="[a8]"></a>yaffsfs_RemoveObjectCallback</STRONG> (Thumb, 50 bytes, Stack size 16 bytes, yaffsfs.o(i.yaffsfs_RemoveObjectCallback))
<BR><BR>[Stack]<UL><LI>Max Depth = 24<LI>Call Chain = yaffsfs_RemoveObjectCallback &rArr; yaffsfs_DirAdvance
</UL>
<BR>[Calls]<UL><LI><a href="#[443]">&gt;&gt;</a>&nbsp;&nbsp;&nbsp;yaffsfs_DirAdvance
</UL>
<BR>[Address Reference Count : 1]<UL><LI> yaffsfs.o(i.yaffs_add_device)
</UL>
<P><STRONG><a name="[44f]"></a>yaffsfs_SetDirRewound</STRONG> (Thumb, 70 bytes, Stack size 8 bytes, yaffsfs.o(i.yaffsfs_SetDirRewound))
<BR><BR>[Stack]<UL><LI>Max Depth = 8<LI>Call Chain = yaffsfs_SetDirRewound
</UL>
<BR>[Calls]<UL><LI><a href="#[444]">&gt;&gt;</a>&nbsp;&nbsp;&nbsp;list_empty
</UL>
<BR>[Called By]<UL><LI><a href="#[415]">&gt;&gt;</a>&nbsp;&nbsp;&nbsp;yaffsfs_opendir_reldir_no_lock
</UL>

<P><STRONG><a name="[417]"></a>yaffsfs_TooManyObjects</STRONG> (Thumb, 32 bytes, Stack size 0 bytes, yaffsfs.o(i.yaffsfs_TooManyObjects))
<BR><BR>[Called By]<UL><LI><a href="#[411]">&gt;&gt;</a>&nbsp;&nbsp;&nbsp;yaffs_open_sharing_reldir
</UL>

<P><STRONG><a name="[419]"></a>yaffsfs_closedir_no_lock</STRONG> (Thumb, 60 bytes, Stack size 16 bytes, yaffsfs.o(i.yaffsfs_closedir_no_lock))
<BR><BR>[Stack]<UL><LI>Max Depth = 24<LI>Call Chain = yaffsfs_closedir_no_lock &rArr; yaffsfs_SetError
</UL>
<BR>[Calls]<UL><LI><a href="#[451]">&gt;&gt;</a>&nbsp;&nbsp;&nbsp;list_del
<LI><a href="#[35d]">&gt;&gt;</a>&nbsp;&nbsp;&nbsp;yaffsfs_SetError
<LI><a href="#[3e0]">&gt;&gt;</a>&nbsp;&nbsp;&nbsp;yaffsfs_CheckMemRegion
</UL>
<BR>[Called By]<UL><LI><a href="#[44d]">&gt;&gt;</a>&nbsp;&nbsp;&nbsp;yaffsfs_PutFileDes
<LI><a href="#[411]">&gt;&gt;</a>&nbsp;&nbsp;&nbsp;yaffs_open_sharing_reldir
</UL>

<P><STRONG><a name="[425]"></a>yaffsfs_do_read</STRONG> (Thumb, 496 bytes, Stack size 88 bytes, yaffsfs.o(i.yaffsfs_do_read))
<BR><BR>[Stack]<UL><LI>Max Depth = 1696<LI>Call Chain = yaffsfs_do_read &rArr; yaffsfs_PutHandle &rArr; yaffsfs_PutFileDes &rArr; yaffsfs_PutInode &rArr; yaffsfs_ReleaseInode &rArr; yaffs_del_obj &rArr; yaffs_del_file &rArr; yaffs_unlink_file_if_needed &rArr; yaffs_resize_file &rArr; yaffs2_handle_hole &rArr; yaffs_update_oh &rArr; yaffs_check_gc &rArr; yaffs_gc_block &rArr;  yaffs_generic_obj_del (Cycle)
</UL>
<BR>[Calls]<UL><LI><a href="#[181]">&gt;&gt;</a>&nbsp;&nbsp;&nbsp;TIM_Waitms
<LI><a href="#[393]">&gt;&gt;</a>&nbsp;&nbsp;&nbsp;yaffsfs_PutHandle
<LI><a href="#[35c]">&gt;&gt;</a>&nbsp;&nbsp;&nbsp;yaffsfs_HandleToObject
<LI><a href="#[392]">&gt;&gt;</a>&nbsp;&nbsp;&nbsp;yaffsfs_HandleToFileDes
<LI><a href="#[44a]">&gt;&gt;</a>&nbsp;&nbsp;&nbsp;yaffsfs_GetHandle
<LI><a href="#[3f1]">&gt;&gt;</a>&nbsp;&nbsp;&nbsp;yaffs_get_obj_length
<LI><a href="#[3c3]">&gt;&gt;</a>&nbsp;&nbsp;&nbsp;yaffs_file_rd
<LI><a href="#[35f]">&gt;&gt;</a>&nbsp;&nbsp;&nbsp;yaffsfs_Unlock
<LI><a href="#[35d]">&gt;&gt;</a>&nbsp;&nbsp;&nbsp;yaffsfs_SetError
<LI><a href="#[35b]">&gt;&gt;</a>&nbsp;&nbsp;&nbsp;yaffsfs_Lock
<LI><a href="#[3e0]">&gt;&gt;</a>&nbsp;&nbsp;&nbsp;yaffsfs_CheckMemRegion
</UL>
<BR>[Called By]<UL><LI><a href="#[265]">&gt;&gt;</a>&nbsp;&nbsp;&nbsp;yaffs_read
</UL>

<P><STRONG><a name="[43f]"></a>yaffsfs_do_write</STRONG> (Thumb, 498 bytes, Stack size 88 bytes, yaffsfs.o(i.yaffsfs_do_write))
<BR><BR>[Stack]<UL><LI>Max Depth = 1696<LI>Call Chain = yaffsfs_do_write &rArr; yaffsfs_PutHandle &rArr; yaffsfs_PutFileDes &rArr; yaffsfs_PutInode &rArr; yaffsfs_ReleaseInode &rArr; yaffs_del_obj &rArr; yaffs_del_file &rArr; yaffs_unlink_file_if_needed &rArr; yaffs_resize_file &rArr; yaffs2_handle_hole &rArr; yaffs_update_oh &rArr; yaffs_check_gc &rArr; yaffs_gc_block &rArr;  yaffs_generic_obj_del (Cycle)
</UL>
<BR>[Calls]<UL><LI><a href="#[393]">&gt;&gt;</a>&nbsp;&nbsp;&nbsp;yaffsfs_PutHandle
<LI><a href="#[35c]">&gt;&gt;</a>&nbsp;&nbsp;&nbsp;yaffsfs_HandleToObject
<LI><a href="#[392]">&gt;&gt;</a>&nbsp;&nbsp;&nbsp;yaffsfs_HandleToFileDes
<LI><a href="#[44a]">&gt;&gt;</a>&nbsp;&nbsp;&nbsp;yaffsfs_GetHandle
<LI><a href="#[43e]">&gt;&gt;</a>&nbsp;&nbsp;&nbsp;yaffs_wr_file
<LI><a href="#[3f1]">&gt;&gt;</a>&nbsp;&nbsp;&nbsp;yaffs_get_obj_length
<LI><a href="#[35f]">&gt;&gt;</a>&nbsp;&nbsp;&nbsp;yaffsfs_Unlock
<LI><a href="#[35d]">&gt;&gt;</a>&nbsp;&nbsp;&nbsp;yaffsfs_SetError
<LI><a href="#[35b]">&gt;&gt;</a>&nbsp;&nbsp;&nbsp;yaffsfs_Lock
<LI><a href="#[3e0]">&gt;&gt;</a>&nbsp;&nbsp;&nbsp;yaffsfs_CheckMemRegion
</UL>
<BR>[Called By]<UL><LI><a href="#[1f8]">&gt;&gt;</a>&nbsp;&nbsp;&nbsp;yaffs_write
</UL>

<P><STRONG><a name="[415]"></a>yaffsfs_opendir_reldir_no_lock</STRONG> (Thumb, 326 bytes, Stack size 48 bytes, yaffsfs.o(i.yaffsfs_opendir_reldir_no_lock))
<BR><BR>[Stack]<UL><LI>Max Depth = 1080<LI>Call Chain = yaffsfs_opendir_reldir_no_lock &rArr; yaffsfs_FollowLink &rArr; yaffsfs_FindObject &rArr; yaffsfs_FindDirectory &rArr; yaffsfs_DoFindDirectory &rArr;  yaffsfs_FollowLink (Cycle)
</UL>
<BR>[Calls]<UL><LI><a href="#[44f]">&gt;&gt;</a>&nbsp;&nbsp;&nbsp;yaffsfs_SetDirRewound
<LI><a href="#[414]">&gt;&gt;</a>&nbsp;&nbsp;&nbsp;yaffsfs_FollowLink
<LI><a href="#[413]">&gt;&gt;</a>&nbsp;&nbsp;&nbsp;yaffsfs_FindObject
<LI><a href="#[3d6]">&gt;&gt;</a>&nbsp;&nbsp;&nbsp;yaffsfs_CheckPath
<LI><a href="#[361]">&gt;&gt;</a>&nbsp;&nbsp;&nbsp;list_add
<LI><a href="#[35d]">&gt;&gt;</a>&nbsp;&nbsp;&nbsp;yaffsfs_SetError
<LI><a href="#[3e0]">&gt;&gt;</a>&nbsp;&nbsp;&nbsp;yaffsfs_CheckMemRegion
<LI><a href="#[284]">&gt;&gt;</a>&nbsp;&nbsp;&nbsp;strncpy
<LI><a href="#[112]">&gt;&gt;</a>&nbsp;&nbsp;&nbsp;__aeabi_memclr4
</UL>
<BR>[Called By]<UL><LI><a href="#[411]">&gt;&gt;</a>&nbsp;&nbsp;&nbsp;yaffs_open_sharing_reldir
</UL>

<P><STRONG><a name="[203]"></a>_fp_digits</STRONG> (Thumb, 326 bytes, Stack size 56 bytes, printfa.o(i._fp_digits), UNUSED)
<BR><BR>[Calls]<UL><LI><a href="#[d1]">&gt;&gt;</a>&nbsp;&nbsp;&nbsp;__aeabi_dadd
<LI><a href="#[d9]">&gt;&gt;</a>&nbsp;&nbsp;&nbsp;__aeabi_d2ulz
<LI><a href="#[cd]">&gt;&gt;</a>&nbsp;&nbsp;&nbsp;__aeabi_ddiv
<LI><a href="#[cc]">&gt;&gt;</a>&nbsp;&nbsp;&nbsp;__aeabi_dmul
<LI><a href="#[bf]">&gt;&gt;</a>&nbsp;&nbsp;&nbsp;__aeabi_uldivmod
<LI><a href="#[204]">&gt;&gt;</a>&nbsp;&nbsp;&nbsp;__aeabi_cdrcmple
</UL>
<BR>[Called By]<UL><LI><a href="#[201]">&gt;&gt;</a>&nbsp;&nbsp;&nbsp;_printf_core
</UL>

<P><STRONG><a name="[201]"></a>_printf_core</STRONG> (Thumb, 1762 bytes, Stack size 136 bytes, printfa.o(i._printf_core), UNUSED)
<BR><BR>[Calls]<UL><LI><a href="#[bf]">&gt;&gt;</a>&nbsp;&nbsp;&nbsp;__aeabi_uldivmod
<LI><a href="#[207]">&gt;&gt;</a>&nbsp;&nbsp;&nbsp;__aeabi_uidivmod
<LI><a href="#[205]">&gt;&gt;</a>&nbsp;&nbsp;&nbsp;_printf_pre_padding
<LI><a href="#[206]">&gt;&gt;</a>&nbsp;&nbsp;&nbsp;_printf_post_padding
<LI><a href="#[203]">&gt;&gt;</a>&nbsp;&nbsp;&nbsp;_fp_digits
</UL>
<BR>[Called By]<UL><LI><a href="#[202]">&gt;&gt;</a>&nbsp;&nbsp;&nbsp;__0vsnprintf
<LI><a href="#[200]">&gt;&gt;</a>&nbsp;&nbsp;&nbsp;__0snprintf
</UL>

<P><STRONG><a name="[206]"></a>_printf_post_padding</STRONG> (Thumb, 38 bytes, Stack size 24 bytes, printfa.o(i._printf_post_padding), UNUSED)
<BR><BR>[Called By]<UL><LI><a href="#[201]">&gt;&gt;</a>&nbsp;&nbsp;&nbsp;_printf_core
</UL>

<P><STRONG><a name="[205]"></a>_printf_pre_padding</STRONG> (Thumb, 48 bytes, Stack size 24 bytes, printfa.o(i._printf_pre_padding), UNUSED)
<BR><BR>[Called By]<UL><LI><a href="#[201]">&gt;&gt;</a>&nbsp;&nbsp;&nbsp;_printf_core
</UL>

<P><STRONG><a name="[85]"></a>_snputc</STRONG> (Thumb, 22 bytes, Stack size 0 bytes, printfa.o(i._snputc))
<BR>[Address Reference Count : 2]<UL><LI> printfa.o(i.__0snprintf)
<LI> printfa.o(i.__0vsnprintf)
</UL>
<P><STRONG><a name="[ca]"></a>_fp_value</STRONG> (Thumb, 256 bytes, Stack size 56 bytes, scanf_fp.o(.text), UNUSED)
<BR><BR>[Calls]<UL><LI><a href="#[cb]">&gt;&gt;</a>&nbsp;&nbsp;&nbsp;__aeabi_ul2d
<LI><a href="#[cd]">&gt;&gt;</a>&nbsp;&nbsp;&nbsp;__aeabi_ddiv
<LI><a href="#[cc]">&gt;&gt;</a>&nbsp;&nbsp;&nbsp;__aeabi_dmul
</UL>
<BR>[Called By]<UL><LI><a href="#[ce]">&gt;&gt;</a>&nbsp;&nbsp;&nbsp;_scanf_really_real
</UL>

<P><STRONG><a name="[41]"></a>_scanf_char_input</STRONG> (Thumb, 12 bytes, Stack size 0 bytes, scanf_char.o(.text))
<BR>[Address Reference Count : 1]<UL><LI> scanf_char.o(.text)
</UL><P>
<H3>
Undefined Global Symbols
</H3><HR></body></html>
