<html>
<body>
<pre>
<h1>µVision Build Log</h1>
<h2>Project:</h2>
E:\Xnode_Dev\Xnode_Development\XN_LTTest\Xnode-Test\project\Xnode.uvproj
Project File Date:  11/21/2023

<h2>Output:</h2>
Build target 'Internal Flash'
compiling sdcard.c...
linking...
Program Size: Code=178344 RO-data=14156 RW-data=3724 ZI-data=35912  
After Build - User command #1: D:\Keil4\/ARM/BIN/ElfDwT.exe ..\build\Xnode.axf BASEADDRESS(0x1A000000)
ELFDWT - Signature Creator V1.1
COPYRIGHT Keil - An ARM Company, Copyright (C) 2012
*** Updated Signature over Range[32] (0x1A000000 - 0x1A000018): @0x1A00001C = 0x43FFA322
*** Processing completed, no Errors.
After Build - User command #2: fromelf --bin -o "..\build\Xnode.bin" "..\build\Xnode.axf"
"..\build\Xnode.axf" - 0 Error(s), 0 Warning(s).
Load "..\\build\\Xnode.axf" 
* JLink Info: Device "ADUCM350" selected.
Set JLink Project File to "E:\Xnode_Dev\Xnode_Development\XN_LTTest\Xnode-Test\project\JLinkSettings.ini"
* JLink Info: Device "ADUCM350" selected.
 
JLink info:
------------
DLL: V7.88h, compiled Jun 16 2023 09:16:36
Firmware: J-Link V9 compiled May  7 2021 16:26:12
Hardware: V9.60
S/N : 69669772 
Feature(s) : RDI, GDB, FlashDL, FlashBP, JFlash 
 
* JLink Info: TotalIRLen = 8, IRPrint = 0x0011
* JLink Info: JTAG chain detection found 2 devices:
* JLink Info:  #0 Id: 0x4BA00477, IRLen: 04, CoreSight JTAG-DP
* JLink Info:  #1 Id: 0x0BA01477, IRLen: 04, CoreSight JTAG-DP
* JLink Info: DPv0 detected
* JLink Info: Scanning AP map to find all available APs
* JLink Info: AP[1]: Stopped AP scan as end of AP map has been reached
* JLink Info: AP[0]: AHB-AP (IDR: 0x24770011)
* JLink Info: Iterating through AP map to find AHB-AP to use
* JLink Info: AP[0]: Core found
* JLink Info: AP[0]: AHB-AP ROM base: 0xE00FF000
* JLink Info: CPUID register: 0x410FC241. Implementer code: 0x41 (ARM)
* JLink Info: Found Cortex-M4 r0p1, Little endian.
* JLink Info: Identified core does not match configuration. (Found: Cortex-M4, Configured: Cortex-M3)
* JLink Info: FPUnit: 6 code (BP) slots and 2 literal slots
* JLink Info: CoreSight components:
* JLink Info: ROMTbl[0] @ E00FF000
* JLink Info: [0][0]: E000E000 CID B105E00D PID 000BB00C SCS-M7
* JLink Info: [0][1]: E0001000 CID B105E00D PID 003BB002 DWT
* JLink Info: [0][2]: E0002000 CID B105E00D PID 002BB003 FPB
* JLink Info: [0][3]: E0000000 CID B105E00D PID 003BB001 ITM
* JLink Info: [0][4]: E0040000 CID B105900D PID 000BB9A1 TPIU
* JLink Info: [0][5]: E0041000 CID B105900D PID 000BB925 ETM
ROMTableAddr = 0xE00FF003
* JLink Info: ResetTarget() start
* JLink Info: Core did not halt after reset, manually halting CPU...
* JLink Info: ResetTarget() end - Took 218ms
 
Target info:
------------
Device: LPC4357
VTarget = 3.325V
State of Pins: 
TCK: 1, TDI: 0, TDO: 1, TMS: 0, TRES: 1, TRST: 1
Hardware-Breakpoints: 6
Software-Breakpoints: 8192
Watchpoints:          4
JTAG speed: 10000 kHz
 
Erase Failed!
Error: Flash Download failed  -  "Cortex-M4"
Load "..\\build\\Xnode.axf" 
* JLink Info: Device "ADUCM350" selected.
Set JLink Project File to "E:\Xnode_Dev\Xnode_Development\XN_LTTest\Xnode-Test\project\JLinkSettings.ini"
* JLink Info: Device "ADUCM350" selected.
 
JLink info:
------------
DLL: V7.88h, compiled Jun 16 2023 09:16:36
Firmware: J-Link V9 compiled May  7 2021 16:26:12
Hardware: V9.60
S/N : 69669772 
Feature(s) : RDI, GDB, FlashDL, FlashBP, JFlash 
 
* JLink Info: TotalIRLen = 8, IRPrint = 0x0011
* JLink Info: JTAG chain detection found 2 devices:
* JLink Info:  #0 Id: 0x4BA00477, IRLen: 04, CoreSight JTAG-DP
* JLink Info:  #1 Id: 0x0BA01477, IRLen: 04, CoreSight JTAG-DP
* JLink Info: DPv0 detected
* JLink Info: Scanning AP map to find all available APs
* JLink Info: AP[1]: Stopped AP scan as end of AP map has been reached
* JLink Info: AP[0]: AHB-AP (IDR: 0x24770011)
* JLink Info: Iterating through AP map to find AHB-AP to use
* JLink Info: AP[0]: Core found
* JLink Info: AP[0]: AHB-AP ROM base: 0xE00FF000
* JLink Info: CPUID register: 0x410FC241. Implementer code: 0x41 (ARM)
* JLink Info: Found Cortex-M4 r0p1, Little endian.
* JLink Info: Identified core does not match configuration. (Found: Cortex-M4, Configured: Cortex-M3)
* JLink Info: FPUnit: 6 code (BP) slots and 2 literal slots
* JLink Info: CoreSight components:
* JLink Info: ROMTbl[0] @ E00FF000
* JLink Info: [0][0]: E000E000 CID B105E00D PID 000BB00C SCS-M7
* JLink Info: [0][1]: E0001000 CID B105E00D PID 003BB002 DWT
* JLink Info: [0][2]: E0002000 CID B105E00D PID 002BB003 FPB
* JLink Info: [0][3]: E0000000 CID B105E00D PID 003BB001 ITM
* JLink Info: [0][4]: E0040000 CID B105900D PID 000BB9A1 TPIU
* JLink Info: [0][5]: E0041000 CID B105900D PID 000BB925 ETM
ROMTableAddr = 0xE00FF003
* JLink Info: ResetTarget() start
* JLink Info: Core did not halt after reset, manually halting CPU...
* JLink Info: ResetTarget() end - Took 217ms
 
Target info:
------------
Device: LPC4357
VTarget = 3.327V
State of Pins: 
TCK: 1, TDI: 0, TDO: 1, TMS: 0, TRES: 1, TRST: 1
Hardware-Breakpoints: 6
Software-Breakpoints: 8192
Watchpoints:          4
JTAG speed: 10000 kHz
 
Erase Done.
Programming Done.
Verify OK.
