<html>
<body>
<pre>
<h1>µVision Build Log</h1>
<h2>Project:</h2>
E:\Xnode_Dev\Xnode_Development\XN_LTTest\Xnode-4G - Multi Nodes\project\Xnode.uvproj
Project File Date:  12/05/2023

<h2>Output:</h2>
Rebuild target 'Internal Flash'
compiling app.c...
compiling app_gateway.c...
compiling app_indicator.c...
compiling app_sensor.c...
compiling AutoMonitor.c...
compiling RemoteSensing.c...
compiling RetrieveData.c...
..\app\RetrieveData.c(259): warning:  #188-D: enumerated type mixed with another type
        return SUCCESS;
..\app\RetrieveData.c: 1 warning, 0 errors
compiling Settings.c...
compiling ads131.c...
compiling adxl362.c...
compiling fs_sdio.c...
compiling led.c...
compiling nandflash_k9f1g08u0a.c...
compiling pmic.c...
compiling rf233.c...
compiling rf233-arch.c...
compiling rtc.c...
..\lib\drivers\rtc.c(49): warning:  #188-D: enumerated type mixed with another type
        return SUCCESS;
..\lib\drivers\rtc.c(58): warning:  #188-D: enumerated type mixed with another type
        return SUCCESS;
..\lib\drivers\rtc.c(69): warning:  #188-D: enumerated type mixed with another type
                return SUCCESS;
..\lib\drivers\rtc.c(153): warning:  #188-D: enumerated type mixed with another type
        return SUCCESS;
..\lib\drivers\rtc.c(193): warning:  #188-D: enumerated type mixed with another type
        return SUCCESS;
..\lib\drivers\rtc.c(228): warning:  #188-D: enumerated type mixed with another type
    return SUCCESS;     
..\lib\drivers\rtc.c(241): warning:  #188-D: enumerated type mixed with another type
        return SUCCESS;
..\lib\drivers\rtc.c(299): warning:  #188-D: enumerated type mixed with another type
        return SUCCESS; 
..\lib\drivers\rtc.c(535): warning:  #188-D: enumerated type mixed with another type
        return SUCCESS;
..\lib\drivers\rtc.c: 9 warnings, 0 errors
compiling spi.c...
compiling trx_access.c...
compiling vcom.c...
compiling poti2c.c...
compiling switch.c...
compiling ccsbcs.c...
compiling ff.c...
compiling syscall.c...
compiling event_groups.c...
compiling heap_3.c...
compiling list.c...
compiling port.c...
compiling queue.c...
compiling tasks.c...
compiling timers.c...
compiling debug_frmwrk.c...
compiling lpc43xx_atimer.c...
compiling lpc43xx_cgu.c...
compiling lpc43xx_evrt.c...
compiling lpc43xx_gpio.c...
compiling lpc43xx_i2c.c...
compiling lpc43xx_pwr.c...
compiling lpc43xx_rit.c...
compiling lpc43xx_rtc.c...
compiling lpc43xx_scu.c...
compiling lpc43xx_sdif.c...
compiling lpc43xx_sdmmc.c...
compiling lpc43xx_ssp.c...
compiling lpc43xx_timer.c...
..\lib\lpc43xx\lpc43xx_timer.c(622): warning:  #223-D: function "FreeRTOSWaitms" declared implicitly
                FreeRTOSWaitms(time);
..\lib\lpc43xx\lpc43xx_timer.c: 1 warning, 0 errors
compiling lpc43xx_wwdt.c...
compiling system_LPC43xx.c...
assembling startup_LPC43xx.s...
compiling lpc43xx_uart.c...
compiling lz4.c...
compiling Radio.c...
compiling GenericComm.c...
compiling ReliableComm.c...
compiling RemoteCommand.c...
compiling SendLData.c...
compiling SendSMsg.c...
compiling filter.c...
compiling filter_o.c...
compiling NodeReset.c...
compiling ResampleUSF.c...
compiling sdcard.c...
compiling sdmalloc.c...
compiling Sensing.c...
compiling SnoozeAlarm.c...
compiling TriggerSensing.c...
..\lib\system\TriggerSensing.c(181): warning:  #111-D: statement is unreachable
        flashbuf = (uint8_t *)sdcalloc(1, NANDFLASH_PAGE_FSIZE);
..\lib\system\TriggerSensing.c: 1 warning, 0 errors
compiling xnode.c...
compiling Utils.c...
compiling 4gFTP.c...
..\lib\system\4gFTP.c(405): warning:  #550-D: variable "AT_ATFTPSend" was set but never used
    uint8_t AT_ATFTPSend[] = "AT+KFTPSND=1,,\"test\",\"TESTyymmddhhmmss.txt\",0,0\r"; 
..\lib\system\4gFTP.c(670): warning:  #177-D: function "checkATmessageReply_GetNumber" was declared but never referenced
  static int checkATmessageReply_GetNumber(bool timerrepeat, uint8_t *message, uint8_t size, bool iswait, char *term, uint8_t termlen,uint64_t* cellPhoneNumber)
..\lib\system\4gFTP.c: 2 warnings, 0 errors
compiling GlobalTime.c...
compiling LocalTime.c...
compiling SysTime.c...
compiling timesync.c...
..\lib\timesync\timesync.c(787): warning:  #188-D: enumerated type mixed with another type
                                return SUCCESS;
..\lib\timesync\timesync.c(802): warning:  #188-D: enumerated type mixed with another type
                        return SUCCESS;
..\lib\timesync\timesync.c: 2 warnings, 0 errors
compiling cdcuser.c...
compiling usbcore.c...
compiling usbdesc.c...
compiling usbhw.c...
compiling usbuser.c...
compiling nanddrv.c...
compiling yaffs_allocator.c...
compiling yaffs_attribs.c...
compiling yaffs_bitmap.c...
compiling yaffs_checkptrw.c...
compiling yaffs_ecc.c...
compiling yaffs_endian.c...
compiling yaffs_error.c...
compiling yaffs_guts.c...
..\lib\Yaffs2\yaffs_guts.c(2683): warning:  #550-D: variable "prioritised" was set but never used
        int prioritised = 0;
..\lib\Yaffs2\yaffs_guts.c: 1 warning, 0 errors
compiling yaffs_hweight.c...
compiling yaffs_nameval.c...
compiling yaffs_nand.c...
compiling yaffs_nand_drv.c...
compiling yaffs_osglue.c...
compiling yaffs_packedtags1.c...
compiling yaffs_packedtags2.c...
compiling yaffs_qsort.c...
compiling yaffs_summary.c...
compiling yaffs_tagscompat.c...
compiling yaffs_tagsmarshall.c...
compiling yaffs_verify.c...
..\lib\Yaffs2\yaffs_verify.c(43): warning:  #177-D: variable "block_state_name" was declared but never referenced
  static const char * const block_state_name[] = {
..\lib\Yaffs2\yaffs_verify.c: 1 warning, 0 errors
compiling yaffs_yaffs1.c...
compiling yaffs_yaffs2.c...
..\lib\Yaffs2\yaffs_yaffs2.c(694): warning:  #550-D: variable "cp_variant_type" was set but never used
        uc32 cp_variant_type;
..\lib\Yaffs2\yaffs_yaffs2.c: 1 warning, 0 errors
compiling yaffscfg2k.c...
compiling yaffsfs.c...
compiling MQTTConnectClient.c...
compiling MQTTConnectServer.c...
compiling MQTTDeserializePublish.c...
compiling MQTTFormat.c...
compiling MQTTPacket.c...
compiling MQTTSerializePublish.c...
compiling MQTTSubscribeClient.c...
compiling MQTTSubscribeServer.c...
compiling MQTTUnsubscribeClient.c...
compiling MQTTUnsubscribeServer.c...
linking...
Program Size: Code=178344 RO-data=14156 RW-data=3724 ZI-data=35912  
After Build - User command #1: D:\Keil4\/ARM/BIN/ElfDwT.exe ..\build\Xnode.axf BASEADDRESS(0x1A000000)
ELFDWT - Signature Creator V1.1
COPYRIGHT Keil - An ARM Company, Copyright (C) 2012
*** Updated Signature over Range[32] (0x1A000000 - 0x1A000018): @0x1A00001C = 0x43FFA322
*** Processing completed, no Errors.
After Build - User command #2: fromelf --bin -o "..\build\Xnode.bin" "..\build\Xnode.axf"
"..\build\Xnode.axf" - 0 Error(s), 19 Warning(s).
Load "..\\build\\Xnode.axf" 
* JLink Info: Device "ADUCM350" selected.
Set JLink Project File to "E:\Xnode_Dev\Xnode_Development\XN_LTTest\Xnode-4G - Multi Nodes\project\JLinkSettings.ini"
* JLink Info: Device "ADUCM350" selected.
 
JLink info:
------------
DLL: V7.88h, compiled Jun 16 2023 09:16:36
Firmware: J-Link V9 compiled May  7 2021 16:26:12
Hardware: V9.60
S/N : 69668151 
Feature(s) : RDI, GDB, FlashDL, FlashBP, JFlash 
 
* JLink Info: TotalIRLen = 8, IRPrint = 0x0011
* JLink Info: JTAG chain detection found 2 devices:
* JLink Info:  #0 Id: 0x4BA00477, IRLen: 04, CoreSight JTAG-DP
* JLink Info:  #1 Id: 0x0BA01477, IRLen: 04, CoreSight JTAG-DP
* JLink Info: DPv0 detected
* JLink Info: Scanning AP map to find all available APs
* JLink Info: AP[1]: Stopped AP scan as end of AP map has been reached
* JLink Info: AP[0]: AHB-AP (IDR: 0x24770011)
* JLink Info: Iterating through AP map to find AHB-AP to use
* JLink Info: AP[0]: Core found
* JLink Info: AP[0]: AHB-AP ROM base: 0xE00FF000
* JLink Info: CPUID register: 0x410FC241. Implementer code: 0x41 (ARM)
* JLink Info: Found Cortex-M4 r0p1, Little endian.
* JLink Info: Identified core does not match configuration. (Found: Cortex-M4, Configured: Cortex-M3)
* JLink Info: FPUnit: 6 code (BP) slots and 2 literal slots
* JLink Info: CoreSight components:
* JLink Info: ROMTbl[0] @ E00FF000
* JLink Info: [0][0]: E000E000 CID B105E00D PID 000BB00C SCS-M7
* JLink Info: [0][1]: E0001000 CID B105E00D PID 003BB002 DWT
* JLink Info: [0][2]: E0002000 CID B105E00D PID 002BB003 FPB
* JLink Info: [0][3]: E0000000 CID B105E00D PID 003BB001 ITM
* JLink Info: [0][4]: E0040000 CID B105900D PID 000BB9A1 TPIU
* JLink Info: [0][5]: E0041000 CID B105900D PID 000BB925 ETM
ROMTableAddr = 0xE00FF003
* JLink Info: ResetTarget() start
* JLink Info: Core did not halt after reset, manually halting CPU...
* JLink Info: ResetTarget() end - Took 211ms
 
Target info:
------------
Device: LPC4357
VTarget = 3.519V
State of Pins: 
TCK: 1, TDI: 0, TDO: 1, TMS: 0, TRES: 1, TRST: 1
Hardware-Breakpoints: 6
Software-Breakpoints: 8192
Watchpoints:          4
JTAG speed: 10000 kHz
 
Erase Failed!
Error: Flash Download failed  -  "Cortex-M4"
Load "..\\build\\Xnode.axf" 
* JLink Info: Device "ADUCM350" selected.
Set JLink Project File to "E:\Xnode_Dev\Xnode_Development\XN_LTTest\Xnode-4G - Multi Nodes\project\JLinkSettings.ini"
* JLink Info: Device "ADUCM350" selected.
 
JLink info:
------------
DLL: V7.88h, compiled Jun 16 2023 09:16:36
Firmware: J-Link V9 compiled May  7 2021 16:26:12
Hardware: V9.60
S/N : 69663216 
Feature(s) : RDI, GDB, FlashDL, FlashBP, JFlash 
 
* JLink Info: TotalIRLen = 8, IRPrint = 0x0011
* JLink Info: JTAG chain detection found 2 devices:
* JLink Info:  #0 Id: 0x4BA00477, IRLen: 04, CoreSight JTAG-DP
* JLink Info:  #1 Id: 0x0BA01477, IRLen: 04, CoreSight JTAG-DP
* JLink Info: DPv0 detected
* JLink Info: Scanning AP map to find all available APs
* JLink Info: AP[1]: Stopped AP scan as end of AP map has been reached
* JLink Info: AP[0]: AHB-AP (IDR: 0x24770011)
* JLink Info: Iterating through AP map to find AHB-AP to use
* JLink Info: AP[0]: Core found
* JLink Info: AP[0]: AHB-AP ROM base: 0xE00FF000
* JLink Info: CPUID register: 0x410FC241. Implementer code: 0x41 (ARM)
* JLink Info: Found Cortex-M4 r0p1, Little endian.
* JLink Info: Identified core does not match configuration. (Found: Cortex-M4, Configured: Cortex-M3)
* JLink Info: FPUnit: 6 code (BP) slots and 2 literal slots
* JLink Info: CoreSight components:
* JLink Info: ROMTbl[0] @ E00FF000
* JLink Info: [0][0]: E000E000 CID B105E00D PID 000BB00C SCS-M7
* JLink Info: [0][1]: E0001000 CID B105E00D PID 003BB002 DWT
* JLink Info: [0][2]: E0002000 CID B105E00D PID 002BB003 FPB
* JLink Info: [0][3]: E0000000 CID B105E00D PID 003BB001 ITM
* JLink Info: [0][4]: E0040000 CID B105900D PID 000BB9A1 TPIU
* JLink Info: [0][5]: E0041000 CID B105900D PID 000BB925 ETM
ROMTableAddr = 0xE00FF003
* JLink Info: ResetTarget() start
* JLink Info: Core did not halt after reset, manually halting CPU...
* JLink Info: ResetTarget() end - Took 212ms
 
Target info:
------------
Device: LPC4357
VTarget = 3.333V
State of Pins: 
TCK: 1, TDI: 0, TDO: 1, TMS: 0, TRES: 1, TRST: 1
Hardware-Breakpoints: 6
Software-Breakpoints: 8192
Watchpoints:          4
JTAG speed: 10000 kHz
 
Erase Failed!
Error: Flash Download failed  -  "Cortex-M4"
Load "..\\build\\Xnode.axf" 
* JLink Info: Device "ADUCM350" selected.
Set JLink Project File to "E:\Xnode_Dev\Xnode_Development\XN_LTTest\Xnode-4G - Multi Nodes\project\JLinkSettings.ini"
* JLink Info: Device "ADUCM350" selected.
 
JLink info:
------------
DLL: V7.88h, compiled Jun 16 2023 09:16:36
Firmware: J-Link V9 compiled May  7 2021 16:26:12
Hardware: V9.60
S/N : 69663216 
Feature(s) : RDI, GDB, FlashDL, FlashBP, JFlash 
 
* JLink Info: TotalIRLen = 8, IRPrint = 0x0011
* JLink Info: JTAG chain detection found 2 devices:
* JLink Info:  #0 Id: 0x4BA00477, IRLen: 04, CoreSight JTAG-DP
* JLink Info:  #1 Id: 0x0BA01477, IRLen: 04, CoreSight JTAG-DP
* JLink Info: DPv0 detected
* JLink Info: Scanning AP map to find all available APs
* JLink Info: AP[1]: Stopped AP scan as end of AP map has been reached
* JLink Info: AP[0]: AHB-AP (IDR: 0x24770011)
* JLink Info: Iterating through AP map to find AHB-AP to use
* JLink Info: AP[0]: Core found
* JLink Info: AP[0]: AHB-AP ROM base: 0xE00FF000
* JLink Info: CPUID register: 0x410FC241. Implementer code: 0x41 (ARM)
* JLink Info: Found Cortex-M4 r0p1, Little endian.
* JLink Info: Identified core does not match configuration. (Found: Cortex-M4, Configured: Cortex-M3)
* JLink Info: FPUnit: 6 code (BP) slots and 2 literal slots
* JLink Info: CoreSight components:
* JLink Info: ROMTbl[0] @ E00FF000
* JLink Info: [0][0]: E000E000 CID B105E00D PID 000BB00C SCS-M7
* JLink Info: [0][1]: E0001000 CID B105E00D PID 003BB002 DWT
* JLink Info: [0][2]: E0002000 CID B105E00D PID 002BB003 FPB
* JLink Info: [0][3]: E0000000 CID B105E00D PID 003BB001 ITM
* JLink Info: [0][4]: E0040000 CID B105900D PID 000BB9A1 TPIU
* JLink Info: [0][5]: E0041000 CID B105900D PID 000BB925 ETM
ROMTableAddr = 0xE00FF003
* JLink Info: ResetTarget() start
* JLink Info: Core did not halt after reset, manually halting CPU...
* JLink Info: ResetTarget() end - Took 211ms
 
Target info:
------------
Device: LPC4357
VTarget = 3.327V
State of Pins: 
TCK: 1, TDI: 0, TDO: 1, TMS: 0, TRES: 1, TRST: 1
Hardware-Breakpoints: 6
Software-Breakpoints: 8192
Watchpoints:          4
JTAG speed: 10000 kHz
 
Erase Failed!
Error: Flash Download failed  -  "Cortex-M4"
</pre>
</body>
</html>
